<?xml version="1.0" encoding="ISO-8859-1" ?>
<link_info>
   <banner>TI ARM Clang Linker PC v5.1.1.LTS</banner>
   <copyright>Copyright (c) 1996-2018 Texas Instruments Incorporated</copyright>
   <command_line>C:\ti\ccs2100\ccs\tools\compiler\ti-cgt-armllvm_5.1.1.LTS\bin\tiarmlnk -IC:\ti\ccs2100\ccs\tools\compiler\ti-cgt-armllvm_5.1.1.LTS\lib -o CarMove_USART.out --cg_opt_level=2 -mCarMove_USART.map -iC:/ti/mspm0_sdk_2_11_00_07/source -iC:/Users/zw/workspace_ccstheia/CarMove_USART/Debug/syscfg -iC:/ti/ccs2100/ccs/tools/compiler/ti-cgt-armllvm_5.1.1.LTS/lib --diag_wrap=off --display_error_number --warn_sections --xml_link_info=CarMove_USART_linkInfo.xml --rom_model ./empty.o ./syscfg/ti_msp_dl_config.o ./startup_mspm0g351x_ticlang.o ./BSP/app_motor_usart.o ./BSP/bsp_motor_usart.o ./BSP/delay.o ./BSP/usart.o -lsyscfg/device_linker.cmd -ldevice.cmd.genlibs -llibc.a --start-group -llibc++.a -llibc++abi.a -llibc.a -llibsys.a -llibsysbm.a -llibclang_rt.builtins.a -llibclang_rt.profile.a --end-group</command_line>
   <link_time>0x6a942095</link_time>
   <link_errors>0x0</link_errors>
   <output_file>C:\Users\zw\workspace_ccstheia\CarMove_USART\Debug\CarMove_USART.out</output_file>
   <entry_point>
      <name>_c_int00_noargs</name>
      <address>0x3bf5</address>
   </entry_point>
   <input_file_list>
      <input_file id="fl-1">
         <path>C:\Users\zw\workspace_ccstheia\CarMove_USART\Debug\.\</path>
         <kind>object</kind>
         <file>empty.o</file>
         <name>empty.o</name>
      </input_file>
      <input_file id="fl-2">
         <path>C:\Users\zw\workspace_ccstheia\CarMove_USART\Debug\.\syscfg\</path>
         <kind>object</kind>
         <file>ti_msp_dl_config.o</file>
         <name>ti_msp_dl_config.o</name>
      </input_file>
      <input_file id="fl-3">
         <path>C:\Users\zw\workspace_ccstheia\CarMove_USART\Debug\.\</path>
         <kind>object</kind>
         <file>startup_mspm0g351x_ticlang.o</file>
         <name>startup_mspm0g351x_ticlang.o</name>
      </input_file>
      <input_file id="fl-4">
         <path>C:\Users\zw\workspace_ccstheia\CarMove_USART\Debug\.\BSP\</path>
         <kind>object</kind>
         <file>app_motor_usart.o</file>
         <name>app_motor_usart.o</name>
      </input_file>
      <input_file id="fl-5">
         <path>C:\Users\zw\workspace_ccstheia\CarMove_USART\Debug\.\BSP\</path>
         <kind>object</kind>
         <file>bsp_motor_usart.o</file>
         <name>bsp_motor_usart.o</name>
      </input_file>
      <input_file id="fl-6">
         <path>C:\Users\zw\workspace_ccstheia\CarMove_USART\Debug\.\BSP\</path>
         <kind>object</kind>
         <file>delay.o</file>
         <name>delay.o</name>
      </input_file>
      <input_file id="fl-7">
         <path>C:\Users\zw\workspace_ccstheia\CarMove_USART\Debug\.\BSP\</path>
         <kind>object</kind>
         <file>usart.o</file>
         <name>usart.o</name>
      </input_file>
      <input_file id="fl-14">
         <path>C:\Users\zw\workspace_ccstheia\CarMove_USART\Debug\</path>
         <kind>object</kind>
         <file>&lt;internal&gt;</file>
         <name>&lt;internal&gt;</name>
      </input_file>
      <input_file id="fl-15">
         <path>C:\ti\mspm0_sdk_2_11_00_07\source\ti\driverlib\lib\ticlang\m0p\mspm0gx51x\</path>
         <kind>archive</kind>
         <file>driverlib.a</file>
         <name>dl_common.o</name>
      </input_file>
      <input_file id="fl-16">
         <path>C:\ti\mspm0_sdk_2_11_00_07\source\ti\driverlib\lib\ticlang\m0p\mspm0gx51x\</path>
         <kind>archive</kind>
         <file>driverlib.a</file>
         <name>dl_timer.o</name>
      </input_file>
      <input_file id="fl-17">
         <path>C:\ti\mspm0_sdk_2_11_00_07\source\ti\driverlib\lib\ticlang\m0p\mspm0gx51x\</path>
         <kind>archive</kind>
         <file>driverlib.a</file>
         <name>dl_uart.o</name>
      </input_file>
      <input_file id="fl-34">
         <path>C:\ti\ccs2100\ccs\tools\compiler\ti-cgt-armllvm_5.1.1.LTS\lib\armv6m-ti-none-eabi\c\</path>
         <kind>archive</kind>
         <file>libc.a</file>
         <name>sprintf.c.obj</name>
      </input_file>
      <input_file id="fl-35">
         <path>C:\ti\ccs2100\ccs\tools\compiler\ti-cgt-armllvm_5.1.1.LTS\lib\armv6m-ti-none-eabi\c\</path>
         <kind>archive</kind>
         <file>libc.a</file>
         <name>fputs.c.obj</name>
      </input_file>
      <input_file id="fl-36">
         <path>C:\ti\ccs2100\ccs\tools\compiler\ti-cgt-armllvm_5.1.1.LTS\lib\armv6m-ti-none-eabi\c\</path>
         <kind>archive</kind>
         <file>libc.a</file>
         <name>_io_perm.c.obj</name>
      </input_file>
      <input_file id="fl-37">
         <path>C:\ti\ccs2100\ccs\tools\compiler\ti-cgt-armllvm_5.1.1.LTS\lib\armv6m-ti-none-eabi\c\</path>
         <kind>archive</kind>
         <file>libc.a</file>
         <name>setvbuf.c.obj</name>
      </input_file>
      <input_file id="fl-38">
         <path>C:\ti\ccs2100\ccs\tools\compiler\ti-cgt-armllvm_5.1.1.LTS\lib\armv6m-ti-none-eabi\c\</path>
         <kind>archive</kind>
         <file>libc.a</file>
         <name>exit.c.obj</name>
      </input_file>
      <input_file id="fl-39">
         <path>C:\ti\ccs2100\ccs\tools\compiler\ti-cgt-armllvm_5.1.1.LTS\lib\armv6m-ti-none-eabi\c\</path>
         <kind>archive</kind>
         <file>libc.a</file>
         <name>_lock.c.obj</name>
      </input_file>
      <input_file id="fl-3a">
         <path>C:\ti\ccs2100\ccs\tools\compiler\ti-cgt-armllvm_5.1.1.LTS\lib\armv6m-ti-none-eabi\c\</path>
         <kind>archive</kind>
         <file>libc.a</file>
         <name>atoi.c.obj</name>
      </input_file>
      <input_file id="fl-3b">
         <path>C:\ti\ccs2100\ccs\tools\compiler\ti-cgt-armllvm_5.1.1.LTS\lib\armv6m-ti-none-eabi\c\</path>
         <kind>archive</kind>
         <file>libc.a</file>
         <name>defs.c.obj</name>
      </input_file>
      <input_file id="fl-3c">
         <path>C:\ti\ccs2100\ccs\tools\compiler\ti-cgt-armllvm_5.1.1.LTS\lib\armv6m-ti-none-eabi\c\</path>
         <kind>archive</kind>
         <file>libc.a</file>
         <name>memory.c.obj</name>
      </input_file>
      <input_file id="fl-3d">
         <path>C:\ti\ccs2100\ccs\tools\compiler\ti-cgt-armllvm_5.1.1.LTS\lib\armv6m-ti-none-eabi\c\</path>
         <kind>archive</kind>
         <file>libc.a</file>
         <name>strtod.c.obj</name>
      </input_file>
      <input_file id="fl-3e">
         <path>C:\ti\ccs2100\ccs\tools\compiler\ti-cgt-armllvm_5.1.1.LTS\lib\armv6m-ti-none-eabi\c\</path>
         <kind>archive</kind>
         <file>libc.a</file>
         <name>strtok.c.obj</name>
      </input_file>
      <input_file id="fl-3f">
         <path>C:\ti\ccs2100\ccs\tools\compiler\ti-cgt-armllvm_5.1.1.LTS\lib\armv6m-ti-none-eabi\c\</path>
         <kind>archive</kind>
         <file>libc.a</file>
         <name>boot_cortex_m.c.obj</name>
      </input_file>
      <input_file id="fl-40">
         <path>C:\ti\ccs2100\ccs\tools\compiler\ti-cgt-armllvm_5.1.1.LTS\lib\armv6m-ti-none-eabi\c\</path>
         <kind>archive</kind>
         <file>libc.a</file>
         <name>mathacl_init.c.obj</name>
      </input_file>
      <input_file id="fl-41">
         <path>C:\ti\ccs2100\ccs\tools\compiler\ti-cgt-armllvm_5.1.1.LTS\lib\armv6m-ti-none-eabi\c\</path>
         <kind>archive</kind>
         <file>libc.a</file>
         <name>autoinit.c.obj</name>
      </input_file>
      <input_file id="fl-42">
         <path>C:\ti\ccs2100\ccs\tools\compiler\ti-cgt-armllvm_5.1.1.LTS\lib\armv6m-ti-none-eabi\c\</path>
         <kind>archive</kind>
         <file>libc.a</file>
         <name>pre_init.c.obj</name>
      </input_file>
      <input_file id="fl-43">
         <path>C:\ti\ccs2100\ccs\tools\compiler\ti-cgt-armllvm_5.1.1.LTS\lib\armv6m-ti-none-eabi\c\</path>
         <kind>archive</kind>
         <file>libc.a</file>
         <name>cpy_tbl.c.obj</name>
      </input_file>
      <input_file id="fl-44">
         <path>C:\ti\ccs2100\ccs\tools\compiler\ti-cgt-armllvm_5.1.1.LTS\lib\armv6m-ti-none-eabi\c\</path>
         <kind>archive</kind>
         <file>libc.a</file>
         <name>copy_zero_init.c.obj</name>
      </input_file>
      <input_file id="fl-45">
         <path>C:\ti\ccs2100\ccs\tools\compiler\ti-cgt-armllvm_5.1.1.LTS\lib\armv6m-ti-none-eabi\c\</path>
         <kind>archive</kind>
         <file>libc.a</file>
         <name>copy_decompress_none.c.obj</name>
      </input_file>
      <input_file id="fl-46">
         <path>C:\ti\ccs2100\ccs\tools\compiler\ti-cgt-armllvm_5.1.1.LTS\lib\armv6m-ti-none-eabi\c\</path>
         <kind>archive</kind>
         <file>libc.a</file>
         <name>copy_decompress_lzss.c.obj</name>
      </input_file>
      <input_file id="fl-47">
         <path>C:\ti\ccs2100\ccs\tools\compiler\ti-cgt-armllvm_5.1.1.LTS\lib\armv6m-ti-none-eabi\c\</path>
         <kind>archive</kind>
         <file>libc.a</file>
         <name>s_scalbn.c.obj</name>
      </input_file>
      <input_file id="fl-48">
         <path>C:\ti\ccs2100\ccs\tools\compiler\ti-cgt-armllvm_5.1.1.LTS\lib\armv6m-ti-none-eabi\c\</path>
         <kind>archive</kind>
         <file>libc.a</file>
         <name>_printfi.c.obj</name>
      </input_file>
      <input_file id="fl-49">
         <path>C:\ti\ccs2100\ccs\tools\compiler\ti-cgt-armllvm_5.1.1.LTS\lib\armv6m-ti-none-eabi\c\</path>
         <kind>archive</kind>
         <file>libc.a</file>
         <name>fflush.c.obj</name>
      </input_file>
      <input_file id="fl-4a">
         <path>C:\ti\ccs2100\ccs\tools\compiler\ti-cgt-armllvm_5.1.1.LTS\lib\armv6m-ti-none-eabi\c\</path>
         <kind>archive</kind>
         <file>libc.a</file>
         <name>fopen.c.obj</name>
      </input_file>
      <input_file id="fl-4b">
         <path>C:\ti\ccs2100\ccs\tools\compiler\ti-cgt-armllvm_5.1.1.LTS\lib\armv6m-ti-none-eabi\c\</path>
         <kind>archive</kind>
         <file>libc.a</file>
         <name>fseek.c.obj</name>
      </input_file>
      <input_file id="fl-4c">
         <path>C:\ti\ccs2100\ccs\tools\compiler\ti-cgt-armllvm_5.1.1.LTS\lib\armv6m-ti-none-eabi\c\</path>
         <kind>archive</kind>
         <file>libc.a</file>
         <name>aeabi_ctype.S.obj</name>
      </input_file>
      <input_file id="fl-4d">
         <path>C:\ti\ccs2100\ccs\tools\compiler\ti-cgt-armllvm_5.1.1.LTS\lib\armv6m-ti-none-eabi\c\</path>
         <kind>archive</kind>
         <file>libc.a</file>
         <name>aeabi_portable.c.obj</name>
      </input_file>
      <input_file id="fl-4e">
         <path>C:\ti\ccs2100\ccs\tools\compiler\ti-cgt-armllvm_5.1.1.LTS\lib\armv6m-ti-none-eabi\c\</path>
         <kind>archive</kind>
         <file>libc.a</file>
         <name>_ltoa.c.obj</name>
      </input_file>
      <input_file id="fl-4f">
         <path>C:\ti\ccs2100\ccs\tools\compiler\ti-cgt-armllvm_5.1.1.LTS\lib\armv6m-ti-none-eabi\c\</path>
         <kind>archive</kind>
         <file>libc.a</file>
         <name>args_main.c.obj</name>
      </input_file>
      <input_file id="fl-50">
         <path>C:\ti\ccs2100\ccs\tools\compiler\ti-cgt-armllvm_5.1.1.LTS\lib\armv6m-ti-none-eabi\c\</path>
         <kind>archive</kind>
         <file>libc.a</file>
         <name>assert.c.obj</name>
      </input_file>
      <input_file id="fl-51">
         <path>C:\ti\ccs2100\ccs\tools\compiler\ti-cgt-armllvm_5.1.1.LTS\lib\armv6m-ti-none-eabi\c\</path>
         <kind>archive</kind>
         <file>libc.a</file>
         <name>memccpy.c.obj</name>
      </input_file>
      <input_file id="fl-52">
         <path>C:\ti\ccs2100\ccs\tools\compiler\ti-cgt-armllvm_5.1.1.LTS\lib\armv6m-ti-none-eabi\c\</path>
         <kind>archive</kind>
         <file>libc.a</file>
         <name>strcspn.c.obj</name>
      </input_file>
      <input_file id="fl-53">
         <path>C:\ti\ccs2100\ccs\tools\compiler\ti-cgt-armllvm_5.1.1.LTS\lib\armv6m-ti-none-eabi\c\</path>
         <kind>archive</kind>
         <file>libc.a</file>
         <name>strspn.c.obj</name>
      </input_file>
      <input_file id="fl-54">
         <path>C:\ti\ccs2100\ccs\tools\compiler\ti-cgt-armllvm_5.1.1.LTS\lib\armv6m-ti-none-eabi\c\</path>
         <kind>archive</kind>
         <file>libc.a</file>
         <name>s_frexp.c.obj</name>
      </input_file>
      <input_file id="fl-55">
         <path>C:\ti\ccs2100\ccs\tools\compiler\ti-cgt-armllvm_5.1.1.LTS\lib\armv6m-ti-none-eabi\c\</path>
         <kind>archive</kind>
         <file>libc.a</file>
         <name>wcslen.c.obj</name>
      </input_file>
      <input_file id="fl-56">
         <path>C:\ti\ccs2100\ccs\tools\compiler\ti-cgt-armllvm_5.1.1.LTS\lib\armv6m-ti-none-eabi\c\</path>
         <kind>archive</kind>
         <file>libc.a</file>
         <name>fclose.c.obj</name>
      </input_file>
      <input_file id="fl-14a">
         <path>C:\ti\ccs2100\ccs\tools\compiler\ti-cgt-armllvm_5.1.1.LTS\lib\armv6m-ti-none-eabi\c\</path>
         <kind>archive</kind>
         <file>libsysbm.a</file>
         <name>hostexit.c.obj</name>
      </input_file>
      <input_file id="fl-14b">
         <path>C:\ti\ccs2100\ccs\tools\compiler\ti-cgt-armllvm_5.1.1.LTS\lib\armv6m-ti-none-eabi\c\</path>
         <kind>archive</kind>
         <file>libsysbm.a</file>
         <name>write.c.obj</name>
      </input_file>
      <input_file id="fl-14c">
         <path>C:\ti\ccs2100\ccs\tools\compiler\ti-cgt-armllvm_5.1.1.LTS\lib\armv6m-ti-none-eabi\c\</path>
         <kind>archive</kind>
         <file>libsysbm.a</file>
         <name>host_device.c.obj</name>
      </input_file>
      <input_file id="fl-14d">
         <path>C:\ti\ccs2100\ccs\tools\compiler\ti-cgt-armllvm_5.1.1.LTS\lib\armv6m-ti-none-eabi\c\</path>
         <kind>archive</kind>
         <file>libsysbm.a</file>
         <name>remove.c.obj</name>
      </input_file>
      <input_file id="fl-14e">
         <path>C:\ti\ccs2100\ccs\tools\compiler\ti-cgt-armllvm_5.1.1.LTS\lib\armv6m-ti-none-eabi\c\</path>
         <kind>archive</kind>
         <file>libsysbm.a</file>
         <name>open.c.obj</name>
      </input_file>
      <input_file id="fl-14f">
         <path>C:\ti\ccs2100\ccs\tools\compiler\ti-cgt-armllvm_5.1.1.LTS\lib\armv6m-ti-none-eabi\c\</path>
         <kind>archive</kind>
         <file>libsysbm.a</file>
         <name>lseek.c.obj</name>
      </input_file>
      <input_file id="fl-150">
         <path>C:\ti\ccs2100\ccs\tools\compiler\ti-cgt-armllvm_5.1.1.LTS\lib\armv6m-ti-none-eabi\c\</path>
         <kind>archive</kind>
         <file>libsysbm.a</file>
         <name>close.c.obj</name>
      </input_file>
      <input_file id="fl-151">
         <path>C:\ti\ccs2100\ccs\tools\compiler\ti-cgt-armllvm_5.1.1.LTS\lib\armv6m-ti-none-eabi\c\</path>
         <kind>archive</kind>
         <file>libsysbm.a</file>
         <name>unlink.c.obj</name>
      </input_file>
      <input_file id="fl-152">
         <path>C:\ti\ccs2100\ccs\tools\compiler\ti-cgt-armllvm_5.1.1.LTS\lib\armv6m-ti-none-eabi\c\</path>
         <kind>archive</kind>
         <file>libsysbm.a</file>
         <name>hostclose.c.obj</name>
      </input_file>
      <input_file id="fl-153">
         <path>C:\ti\ccs2100\ccs\tools\compiler\ti-cgt-armllvm_5.1.1.LTS\lib\armv6m-ti-none-eabi\c\</path>
         <kind>archive</kind>
         <file>libsysbm.a</file>
         <name>hostlseek.c.obj</name>
      </input_file>
      <input_file id="fl-154">
         <path>C:\ti\ccs2100\ccs\tools\compiler\ti-cgt-armllvm_5.1.1.LTS\lib\armv6m-ti-none-eabi\c\</path>
         <kind>archive</kind>
         <file>libsysbm.a</file>
         <name>hostopen.c.obj</name>
      </input_file>
      <input_file id="fl-155">
         <path>C:\ti\ccs2100\ccs\tools\compiler\ti-cgt-armllvm_5.1.1.LTS\lib\armv6m-ti-none-eabi\c\</path>
         <kind>archive</kind>
         <file>libsysbm.a</file>
         <name>hostread.c.obj</name>
      </input_file>
      <input_file id="fl-156">
         <path>C:\ti\ccs2100\ccs\tools\compiler\ti-cgt-armllvm_5.1.1.LTS\lib\armv6m-ti-none-eabi\c\</path>
         <kind>archive</kind>
         <file>libsysbm.a</file>
         <name>hostrename.c.obj</name>
      </input_file>
      <input_file id="fl-157">
         <path>C:\ti\ccs2100\ccs\tools\compiler\ti-cgt-armllvm_5.1.1.LTS\lib\armv6m-ti-none-eabi\c\</path>
         <kind>archive</kind>
         <file>libsysbm.a</file>
         <name>hostunlink.c.obj</name>
      </input_file>
      <input_file id="fl-158">
         <path>C:\ti\ccs2100\ccs\tools\compiler\ti-cgt-armllvm_5.1.1.LTS\lib\armv6m-ti-none-eabi\c\</path>
         <kind>archive</kind>
         <file>libsysbm.a</file>
         <name>hostwrite.c.obj</name>
      </input_file>
      <input_file id="fl-159">
         <path>C:\ti\ccs2100\ccs\tools\compiler\ti-cgt-armllvm_5.1.1.LTS\lib\armv6m-ti-none-eabi\c\</path>
         <kind>archive</kind>
         <file>libsysbm.a</file>
         <name>trgmsg.c.obj</name>
      </input_file>
      <input_file id="fl-15a">
         <path>C:\ti\ccs2100\ccs\tools\compiler\ti-cgt-armllvm_5.1.1.LTS\lib\armv6m-ti-none-eabi\</path>
         <kind>archive</kind>
         <file>libclang_rt.builtins.a</file>
         <name>adddf3.S.obj</name>
      </input_file>
      <input_file id="fl-15b">
         <path>C:\ti\ccs2100\ccs\tools\compiler\ti-cgt-armllvm_5.1.1.LTS\lib\armv6m-ti-none-eabi\</path>
         <kind>archive</kind>
         <file>libclang_rt.builtins.a</file>
         <name>extendsfdf2.S.obj</name>
      </input_file>
      <input_file id="fl-15c">
         <path>C:\ti\ccs2100\ccs\tools\compiler\ti-cgt-armllvm_5.1.1.LTS\lib\armv6m-ti-none-eabi\</path>
         <kind>archive</kind>
         <file>libclang_rt.builtins.a</file>
         <name>fixdfsi.S.obj</name>
      </input_file>
      <input_file id="fl-15d">
         <path>C:\ti\ccs2100\ccs\tools\compiler\ti-cgt-armllvm_5.1.1.LTS\lib\armv6m-ti-none-eabi\</path>
         <kind>archive</kind>
         <file>libclang_rt.builtins.a</file>
         <name>floatsidf.S.obj</name>
      </input_file>
      <input_file id="fl-15e">
         <path>C:\ti\ccs2100\ccs\tools\compiler\ti-cgt-armllvm_5.1.1.LTS\lib\armv6m-ti-none-eabi\</path>
         <kind>archive</kind>
         <file>libclang_rt.builtins.a</file>
         <name>muldi3.S.obj</name>
      </input_file>
      <input_file id="fl-15f">
         <path>C:\ti\ccs2100\ccs\tools\compiler\ti-cgt-armllvm_5.1.1.LTS\lib\armv6m-ti-none-eabi\</path>
         <kind>archive</kind>
         <file>libclang_rt.builtins.a</file>
         <name>truncdfsf2.S.obj</name>
      </input_file>
      <input_file id="fl-160">
         <path>C:\ti\ccs2100\ccs\tools\compiler\ti-cgt-armllvm_5.1.1.LTS\lib\armv6m-ti-none-eabi\</path>
         <kind>archive</kind>
         <file>libclang_rt.builtins.a</file>
         <name>comparedf2.c.obj</name>
      </input_file>
      <input_file id="fl-161">
         <path>C:\ti\ccs2100\ccs\tools\compiler\ti-cgt-armllvm_5.1.1.LTS\lib\armv6m-ti-none-eabi\</path>
         <kind>archive</kind>
         <file>libclang_rt.builtins.a</file>
         <name>aeabi_dcmp.S.obj</name>
      </input_file>
      <input_file id="fl-162">
         <path>C:\ti\ccs2100\ccs\tools\compiler\ti-cgt-armllvm_5.1.1.LTS\lib\armv6m-ti-none-eabi\</path>
         <kind>archive</kind>
         <file>libclang_rt.builtins.a</file>
         <name>aeabi_ddiv.c.obj</name>
      </input_file>
      <input_file id="fl-163">
         <path>C:\ti\ccs2100\ccs\tools\compiler\ti-cgt-armllvm_5.1.1.LTS\lib\armv6m-ti-none-eabi\</path>
         <kind>archive</kind>
         <file>libclang_rt.builtins.a</file>
         <name>aeabi_dmul.c.obj</name>
      </input_file>
      <input_file id="fl-164">
         <path>C:\ti\ccs2100\ccs\tools\compiler\ti-cgt-armllvm_5.1.1.LTS\lib\armv6m-ti-none-eabi\</path>
         <kind>archive</kind>
         <file>libclang_rt.builtins.a</file>
         <name>aeabi_idivmod.S.obj</name>
      </input_file>
      <input_file id="fl-165">
         <path>C:\ti\ccs2100\ccs\tools\compiler\ti-cgt-armllvm_5.1.1.LTS\lib\armv6m-ti-none-eabi\</path>
         <kind>archive</kind>
         <file>libclang_rt.builtins.a</file>
         <name>aeabi_uidivmod.S.obj</name>
      </input_file>
      <input_file id="fl-166">
         <path>C:\ti\ccs2100\ccs\tools\compiler\ti-cgt-armllvm_5.1.1.LTS\lib\armv6m-ti-none-eabi\</path>
         <kind>archive</kind>
         <file>libclang_rt.builtins.a</file>
         <name>aeabi_uldivmod.S.obj</name>
      </input_file>
      <input_file id="fl-167">
         <path>C:\ti\ccs2100\ccs\tools\compiler\ti-cgt-armllvm_5.1.1.LTS\lib\armv6m-ti-none-eabi\</path>
         <kind>archive</kind>
         <file>libclang_rt.builtins.a</file>
         <name>aeabi_memcpy.S.obj</name>
      </input_file>
      <input_file id="fl-168">
         <path>C:\ti\ccs2100\ccs\tools\compiler\ti-cgt-armllvm_5.1.1.LTS\lib\armv6m-ti-none-eabi\</path>
         <kind>archive</kind>
         <file>libclang_rt.builtins.a</file>
         <name>aeabi_memset.S.obj</name>
      </input_file>
      <input_file id="fl-169">
         <path>C:\ti\ccs2100\ccs\tools\compiler\ti-cgt-armllvm_5.1.1.LTS\lib\armv6m-ti-none-eabi\</path>
         <kind>archive</kind>
         <file>libclang_rt.builtins.a</file>
         <name>udivmoddi4.S.obj</name>
      </input_file>
      <input_file id="fl-16a">
         <path>C:\ti\ccs2100\ccs\tools\compiler\ti-cgt-armllvm_5.1.1.LTS\lib\armv6m-ti-none-eabi\</path>
         <kind>archive</kind>
         <file>libclang_rt.builtins.a</file>
         <name>muldf3.S.obj</name>
      </input_file>
      <input_file id="fl-16b">
         <path>C:\ti\ccs2100\ccs\tools\compiler\ti-cgt-armllvm_5.1.1.LTS\lib\armv6m-ti-none-eabi\</path>
         <kind>archive</kind>
         <file>libclang_rt.builtins.a</file>
         <name>muldsi3.S.obj</name>
      </input_file>
      <input_file id="fl-16c">
         <path>C:\ti\ccs2100\ccs\tools\compiler\ti-cgt-armllvm_5.1.1.LTS\lib\armv6m-ti-none-eabi\</path>
         <kind>archive</kind>
         <file>libclang_rt.builtins.a</file>
         <name>ashldi3.S.obj</name>
      </input_file>
      <input_file id="fl-16d">
         <path>C:\ti\ccs2100\ccs\tools\compiler\ti-cgt-armllvm_5.1.1.LTS\lib\armv6m-ti-none-eabi\</path>
         <kind>archive</kind>
         <file>libclang_rt.builtins.a</file>
         <name>divdf3.S.obj</name>
      </input_file>
      <input_file id="fl-16e">
         <path>C:\ti\ccs2100\ccs\tools\compiler\ti-cgt-armllvm_5.1.1.LTS\lib\armv6m-ti-none-eabi\</path>
         <kind>archive</kind>
         <file>libclang_rt.builtins.a</file>
         <name>aeabi_div0.c.obj</name>
      </input_file>
      <input_file id="fl-16f">
         <path>C:\ti\ccs2100\ccs\tools\compiler\ti-cgt-armllvm_5.1.1.LTS\lib\armv6m-ti-none-eabi\c\</path>
         <kind>archive</kind>
         <file>libc.a</file>
         <name>divdf3_fast.c.obj</name>
      </input_file>
      <input_file id="fl-170">
         <path>C:\ti\ccs2100\ccs\tools\compiler\ti-cgt-armllvm_5.1.1.LTS\lib\armv6m-ti-none-eabi\c\</path>
         <kind>archive</kind>
         <file>libc.a</file>
         <name>muldf3_fast.c.obj</name>
      </input_file>
      <input_file id="fl-171">
         <path>C:\ti\ccs2100\ccs\tools\compiler\ti-cgt-armllvm_5.1.1.LTS\lib\armv6m-ti-none-eabi\c\</path>
         <kind>archive</kind>
         <file>libc.a</file>
         <name>getdevice.c.obj</name>
      </input_file>
      <input_file id="fl-172">
         <path>C:\ti\ccs2100\ccs\tools\compiler\ti-cgt-armllvm_5.1.1.LTS\lib\armv6m-ti-none-eabi\c\</path>
         <kind>archive</kind>
         <file>libc.a</file>
         <name>memcpy16.S.obj</name>
      </input_file>
      <input_file id="fl-173">
         <path>C:\ti\ccs2100\ccs\tools\compiler\ti-cgt-armllvm_5.1.1.LTS\lib\armv6m-ti-none-eabi\c\</path>
         <kind>archive</kind>
         <file>libc.a</file>
         <name>memset16.S.obj</name>
      </input_file>
      <input_file id="fl-174">
         <path>C:\ti\ccs2100\ccs\tools\compiler\ti-cgt-armllvm_5.1.1.LTS\lib\armv6m-ti-none-eabi\c\</path>
         <kind>archive</kind>
         <file>libc.a</file>
         <name>strcmp-armv6m.S.obj</name>
      </input_file>
   </input_file_list>
   <object_component_list>
      <object_component id="oc-1a">
         <name>.intvecs</name>
         <load_address>0x0</load_address>
         <readonly>true</readonly>
         <run_address>0x0</run_address>
         <size>0xc0</size>
         <alignment>0x4</alignment>
         <input_file_ref idref="fl-3"/>
      </object_component>
      <object_component id="oc-17e">
         <name>.text:__TI_printfi</name>
         <load_address>0xc0</load_address>
         <readonly>true</readonly>
         <executable>true</executable>
         <run_address>0xc0</run_address>
         <size>0xa7c</size>
         <alignment>0x4</alignment>
         <input_file_ref idref="fl-48"/>
      </object_component>
      <object_component id="oc-b6">
         <name>.text.Deal_data_real</name>
         <load_address>0xb3c</load_address>
         <readonly>true</readonly>
         <executable>true</executable>
         <run_address>0xb3c</run_address>
         <size>0x414</size>
         <alignment>0x4</alignment>
         <input_file_ref idref="fl-4"/>
      </object_component>
      <object_component id="oc-107">
         <name>.text.strtod</name>
         <load_address>0xf50</load_address>
         <readonly>true</readonly>
         <executable>true</executable>
         <run_address>0xf50</run_address>
         <size>0x3b0</size>
         <alignment>0x4</alignment>
         <input_file_ref idref="fl-3d"/>
      </object_component>
      <object_component id="oc-221">
         <name>.text.__divdf3_fast</name>
         <load_address>0x1300</load_address>
         <readonly>true</readonly>
         <executable>true</executable>
         <run_address>0x1300</run_address>
         <size>0x2dc</size>
         <alignment>0x4</alignment>
         <input_file_ref idref="fl-16f"/>
      </object_component>
      <object_component id="oc-1f3">
         <name>.text._pconv_a</name>
         <load_address>0x15dc</load_address>
         <readonly>true</readonly>
         <executable>true</executable>
         <run_address>0x15dc</run_address>
         <size>0x20c</size>
         <alignment>0x4</alignment>
         <input_file_ref idref="fl-48"/>
      </object_component>
      <object_component id="oc-1f4">
         <name>.text._pconv_g</name>
         <load_address>0x17e8</load_address>
         <readonly>true</readonly>
         <executable>true</executable>
         <run_address>0x17e8</run_address>
         <size>0x1e0</size>
         <alignment>0x4</alignment>
         <input_file_ref idref="fl-48"/>
      </object_component>
      <object_component id="oc-215">
         <name>.text.__muldf3_fast</name>
         <load_address>0x19c8</load_address>
         <readonly>true</readonly>
         <executable>true</executable>
         <run_address>0x19c8</run_address>
         <size>0x1d8</size>
         <alignment>0x4</alignment>
         <input_file_ref idref="fl-170"/>
      </object_component>
      <object_component id="oc-160">
         <name>.text</name>
         <load_address>0x1ba0</load_address>
         <readonly>true</readonly>
         <executable>true</executable>
         <run_address>0x1ba0</run_address>
         <size>0x192</size>
         <alignment>0x4</alignment>
         <input_file_ref idref="fl-15a"/>
      </object_component>
      <object_component id="oc-35">
         <name>.text.Default_Handler</name>
         <load_address>0x1d32</load_address>
         <readonly>true</readonly>
         <executable>true</executable>
         <run_address>0x1d32</run_address>
         <size>0x2</size>
         <alignment>0x2</alignment>
         <input_file_ref idref="fl-3"/>
      </object_component>
      <object_component id="oc-256">
         <name>.text.fcvt</name>
         <load_address>0x1d34</load_address>
         <readonly>true</readonly>
         <executable>true</executable>
         <run_address>0x1d34</run_address>
         <size>0x138</size>
         <alignment>0x4</alignment>
         <input_file_ref idref="fl-48"/>
      </object_component>
      <object_component id="oc-85">
         <name>.text.main</name>
         <load_address>0x1e6c</load_address>
         <readonly>true</readonly>
         <executable>true</executable>
         <run_address>0x1e6c</run_address>
         <size>0x128</size>
         <alignment>0x4</alignment>
         <input_file_ref idref="fl-1"/>
      </object_component>
      <object_component id="oc-262">
         <name>.text.aligned_alloc</name>
         <load_address>0x1f94</load_address>
         <readonly>true</readonly>
         <executable>true</executable>
         <run_address>0x1f94</run_address>
         <size>0x10c</size>
         <alignment>0x4</alignment>
         <input_file_ref idref="fl-3c"/>
      </object_component>
      <object_component id="oc-194">
         <name>.text.DL_Timer_initTimerMode</name>
         <load_address>0x20a0</load_address>
         <readonly>true</readonly>
         <executable>true</executable>
         <run_address>0x20a0</run_address>
         <size>0xfc</size>
         <alignment>0x4</alignment>
         <input_file_ref idref="fl-16"/>
      </object_component>
      <object_component id="oc-1f6">
         <name>.text._pconv_e</name>
         <load_address>0x219c</load_address>
         <readonly>true</readonly>
         <executable>true</executable>
         <run_address>0x219c</run_address>
         <size>0xfc</size>
         <alignment>0x4</alignment>
         <input_file_ref idref="fl-48"/>
      </object_component>
      <object_component id="oc-eb">
         <name>.text.fputs</name>
         <load_address>0x2298</load_address>
         <readonly>true</readonly>
         <executable>true</executable>
         <run_address>0x2298</run_address>
         <size>0xf0</size>
         <alignment>0x4</alignment>
         <input_file_ref idref="fl-35"/>
      </object_component>
      <object_component id="oc-201">
         <name>.text.free</name>
         <load_address>0x2388</load_address>
         <readonly>true</readonly>
         <executable>true</executable>
         <run_address>0x2388</run_address>
         <size>0xe4</size>
         <alignment>0x4</alignment>
         <input_file_ref idref="fl-3c"/>
      </object_component>
      <object_component id="oc-f2">
         <name>.text.Send_Motor_ArrayU8</name>
         <load_address>0x246c</load_address>
         <readonly>true</readonly>
         <executable>true</executable>
         <run_address>0x246c</run_address>
         <size>0xe0</size>
         <alignment>0x4</alignment>
         <input_file_ref idref="fl-5"/>
      </object_component>
      <object_component id="oc-1a8">
         <name>.text.setvbuf</name>
         <load_address>0x254c</load_address>
         <readonly>true</readonly>
         <executable>true</executable>
         <run_address>0x254c</run_address>
         <size>0xe0</size>
         <alignment>0x4</alignment>
         <input_file_ref idref="fl-37"/>
      </object_component>
      <object_component id="oc-16d">
         <name>.text.scalbn</name>
         <load_address>0x262c</load_address>
         <readonly>true</readonly>
         <executable>true</executable>
         <run_address>0x262c</run_address>
         <size>0xdc</size>
         <alignment>0x4</alignment>
         <input_file_ref idref="fl-47"/>
      </object_component>
      <object_component id="oc-23c">
         <name>.text</name>
         <load_address>0x2708</load_address>
         <readonly>true</readonly>
         <executable>true</executable>
         <run_address>0x2708</run_address>
         <size>0xa2</size>
         <alignment>0x4</alignment>
         <input_file_ref idref="fl-169"/>
      </object_component>
      <object_component id="oc-9c">
         <name>.text:memcpy</name>
         <load_address>0x27aa</load_address>
         <readonly>true</readonly>
         <executable>true</executable>
         <run_address>0x27aa</run_address>
         <size>0x9a</size>
         <alignment>0x1</alignment>
         <input_file_ref idref="fl-172"/>
      </object_component>
      <object_component id="oc-207">
         <name>.text.malloc</name>
         <load_address>0x2844</load_address>
         <readonly>true</readonly>
         <executable>true</executable>
         <run_address>0x2844</run_address>
         <size>0xc</size>
         <alignment>0x2</alignment>
         <input_file_ref idref="fl-3c"/>
      </object_component>
      <object_component id="oc-2f6">
         <name>.text:strcmp</name>
         <load_address>0x2850</load_address>
         <readonly>true</readonly>
         <executable>true</executable>
         <run_address>0x2850</run_address>
         <size>0x88</size>
         <alignment>0x10</alignment>
         <input_file_ref idref="fl-174"/>
      </object_component>
      <object_component id="oc-263">
         <name>.text.__TI_closefile</name>
         <load_address>0x28d8</load_address>
         <readonly>true</readonly>
         <executable>true</executable>
         <run_address>0x28d8</run_address>
         <size>0x7c</size>
         <alignment>0x4</alignment>
         <input_file_ref idref="fl-56"/>
      </object_component>
      <object_component id="oc-1e">
         <name>.text:decompress:lzss</name>
         <load_address>0x2954</load_address>
         <readonly>true</readonly>
         <executable>true</executable>
         <run_address>0x2954</run_address>
         <size>0x7c</size>
         <alignment>0x4</alignment>
         <input_file_ref idref="fl-46"/>
      </object_component>
      <object_component id="oc-69">
         <name>.text.Deal_Control_Rxtemp</name>
         <load_address>0x29d0</load_address>
         <readonly>true</readonly>
         <executable>true</executable>
         <run_address>0x29d0</run_address>
         <size>0x74</size>
         <alignment>0x4</alignment>
         <input_file_ref idref="fl-4"/>
      </object_component>
      <object_component id="oc-1c9">
         <name>.text.__gedf2</name>
         <load_address>0x2a44</load_address>
         <readonly>true</readonly>
         <executable>true</executable>
         <run_address>0x2a44</run_address>
         <size>0x74</size>
         <alignment>0x4</alignment>
         <input_file_ref idref="fl-160"/>
      </object_component>
      <object_component id="oc-15d">
         <name>.text.OUTLINED_FUNCTION_0</name>
         <load_address>0x2ab8</load_address>
         <readonly>true</readonly>
         <executable>true</executable>
         <run_address>0x2ab8</run_address>
         <size>0x8</size>
         <alignment>0x2</alignment>
         <input_file_ref idref="fl-3d"/>
      </object_component>
      <object_component id="oc-10d">
         <name>.text</name>
         <load_address>0x2ac0</load_address>
         <readonly>true</readonly>
         <executable>true</executable>
         <run_address>0x2ac0</run_address>
         <size>0x74</size>
         <alignment>0x10</alignment>
         <input_file_ref idref="fl-15f"/>
      </object_component>
      <object_component id="oc-131">
         <name>.text.SYSCFG_DL_UART_0_init</name>
         <load_address>0x2b34</load_address>
         <readonly>true</readonly>
         <executable>true</executable>
         <run_address>0x2b34</run_address>
         <size>0x70</size>
         <alignment>0x4</alignment>
         <input_file_ref idref="fl-2"/>
      </object_component>
      <object_component id="oc-132">
         <name>.text.SYSCFG_DL_UART_1_init</name>
         <load_address>0x2ba4</load_address>
         <readonly>true</readonly>
         <executable>true</executable>
         <run_address>0x2ba4</run_address>
         <size>0x70</size>
         <alignment>0x4</alignment>
         <input_file_ref idref="fl-2"/>
      </object_component>
      <object_component id="oc-27e">
         <name>.text.HOSTlseek</name>
         <load_address>0x2c14</load_address>
         <readonly>true</readonly>
         <executable>true</executable>
         <run_address>0x2c14</run_address>
         <size>0x6c</size>
         <alignment>0x4</alignment>
         <input_file_ref idref="fl-153"/>
      </object_component>
      <object_component id="oc-288">
         <name>.text.HOSTrename</name>
         <load_address>0x2c80</load_address>
         <readonly>true</readonly>
         <executable>true</executable>
         <run_address>0x2c80</run_address>
         <size>0x6c</size>
         <alignment>0x4</alignment>
         <input_file_ref idref="fl-156"/>
      </object_component>
      <object_component id="oc-1fe">
         <name>.text.fseeko</name>
         <load_address>0x2cec</load_address>
         <readonly>true</readonly>
         <executable>true</executable>
         <run_address>0x2cec</run_address>
         <size>0x6c</size>
         <alignment>0x4</alignment>
         <input_file_ref idref="fl-4b"/>
      </object_component>
      <object_component id="oc-2ea">
         <name>.text.getdevice</name>
         <load_address>0x2d58</load_address>
         <readonly>true</readonly>
         <executable>true</executable>
         <run_address>0x2d58</run_address>
         <size>0x6c</size>
         <alignment>0x4</alignment>
         <input_file_ref idref="fl-171"/>
      </object_component>
      <object_component id="oc-1c3">
         <name>.text.__ledf2</name>
         <load_address>0x2dc4</load_address>
         <readonly>true</readonly>
         <executable>true</executable>
         <run_address>0x2dc4</run_address>
         <size>0x68</size>
         <alignment>0x4</alignment>
         <input_file_ref idref="fl-160"/>
      </object_component>
      <object_component id="oc-255">
         <name>.text._mcpy</name>
         <load_address>0x2e2c</load_address>
         <readonly>true</readonly>
         <executable>true</executable>
         <run_address>0x2e2c</run_address>
         <size>0x66</size>
         <alignment>0x2</alignment>
         <input_file_ref idref="fl-48"/>
      </object_component>
      <object_component id="oc-137">
         <name>.text.__TI_wrt_ok</name>
         <load_address>0x2e92</load_address>
         <readonly>true</readonly>
         <executable>true</executable>
         <run_address>0x2e92</run_address>
         <size>0x64</size>
         <alignment>0x2</alignment>
         <input_file_ref idref="fl-36"/>
      </object_component>
      <object_component id="oc-22e">
         <name>.text.__aeabi_idiv0</name>
         <load_address>0x2ef6</load_address>
         <readonly>true</readonly>
         <executable>true</executable>
         <run_address>0x2ef6</run_address>
         <size>0x2</size>
         <alignment>0x2</alignment>
         <input_file_ref idref="fl-16e"/>
      </object_component>
      <object_component id="oc-2b0">
         <name>.text.split</name>
         <load_address>0x2ef8</load_address>
         <readonly>true</readonly>
         <executable>true</executable>
         <run_address>0x2ef8</run_address>
         <size>0x64</size>
         <alignment>0x4</alignment>
         <input_file_ref idref="fl-3c"/>
      </object_component>
      <object_component id="oc-e5">
         <name>.text:memset</name>
         <load_address>0x2f5c</load_address>
         <readonly>true</readonly>
         <executable>true</executable>
         <run_address>0x2f5c</run_address>
         <size>0x62</size>
         <alignment>0x1</alignment>
         <input_file_ref idref="fl-173"/>
      </object_component>
      <object_component id="oc-29a">
         <name>.text.__aeabi_ldiv0</name>
         <load_address>0x2fbe</load_address>
         <readonly>true</readonly>
         <executable>true</executable>
         <run_address>0x2fbe</run_address>
         <size>0x2</size>
         <alignment>0x2</alignment>
         <input_file_ref idref="fl-16e"/>
      </object_component>
      <object_component id="oc-b5">
         <name>.text.Car_Move</name>
         <load_address>0x2fc0</load_address>
         <readonly>true</readonly>
         <executable>true</executable>
         <run_address>0x2fc0</run_address>
         <size>0x60</size>
         <alignment>0x4</alignment>
         <input_file_ref idref="fl-1"/>
      </object_component>
      <object_component id="oc-26c">
         <name>.text.HOSTopen</name>
         <load_address>0x3020</load_address>
         <readonly>true</readonly>
         <executable>true</executable>
         <run_address>0x3020</run_address>
         <size>0x5c</size>
         <alignment>0x4</alignment>
         <input_file_ref idref="fl-154"/>
      </object_component>
      <object_component id="oc-241">
         <name>.text.frexp</name>
         <load_address>0x307c</load_address>
         <readonly>true</readonly>
         <executable>true</executable>
         <run_address>0x307c</run_address>
         <size>0x5c</size>
         <alignment>0x4</alignment>
         <input_file_ref idref="fl-54"/>
      </object_component>
      <object_component id="oc-164">
         <name>.text</name>
         <load_address>0x30d8</load_address>
         <readonly>true</readonly>
         <executable>true</executable>
         <run_address>0x30d8</run_address>
         <size>0x5a</size>
         <alignment>0x4</alignment>
         <input_file_ref idref="fl-161"/>
      </object_component>
      <object_component id="oc-181">
         <name>.text._nop</name>
         <load_address>0x3132</load_address>
         <readonly>true</readonly>
         <executable>true</executable>
         <run_address>0x3132</run_address>
         <size>0x2</size>
         <alignment>0x2</alignment>
         <input_file_ref idref="fl-39"/>
      </object_component>
      <object_component id="oc-276">
         <name>.text.HOSTread</name>
         <load_address>0x3134</load_address>
         <readonly>true</readonly>
         <executable>true</executable>
         <run_address>0x3134</run_address>
         <size>0x58</size>
         <alignment>0x4</alignment>
         <input_file_ref idref="fl-155"/>
      </object_component>
      <object_component id="oc-27a">
         <name>.text.HOSTwrite</name>
         <load_address>0x318c</load_address>
         <readonly>true</readonly>
         <executable>true</executable>
         <run_address>0x318c</run_address>
         <size>0x58</size>
         <alignment>0x4</alignment>
         <input_file_ref idref="fl-158"/>
      </object_component>
      <object_component id="oc-249">
         <name>.text.__TI_ltoa</name>
         <load_address>0x31e4</load_address>
         <readonly>true</readonly>
         <executable>true</executable>
         <run_address>0x31e4</run_address>
         <size>0x58</size>
         <alignment>0x2</alignment>
         <input_file_ref idref="fl-4e"/>
      </object_component>
      <object_component id="oc-1f5">
         <name>.text._pconv_f</name>
         <load_address>0x323c</load_address>
         <readonly>true</readonly>
         <executable>true</executable>
         <run_address>0x323c</run_address>
         <size>0x58</size>
         <alignment>0x2</alignment>
         <input_file_ref idref="fl-48"/>
      </object_component>
      <object_component id="oc-2a4">
         <name>.text</name>
         <load_address>0x3294</load_address>
         <readonly>true</readonly>
         <executable>true</executable>
         <run_address>0x3294</run_address>
         <size>0x56</size>
         <alignment>0x4</alignment>
         <input_file_ref idref="fl-164"/>
      </object_component>
      <object_component id="oc-143">
         <name>.text.__TI_doflush</name>
         <load_address>0x32ea</load_address>
         <readonly>true</readonly>
         <executable>true</executable>
         <run_address>0x32ea</run_address>
         <size>0x52</size>
         <alignment>0x2</alignment>
         <input_file_ref idref="fl-49"/>
      </object_component>
      <object_component id="oc-253">
         <name>.text._ecpy</name>
         <load_address>0x333c</load_address>
         <readonly>true</readonly>
         <executable>true</executable>
         <run_address>0x333c</run_address>
         <size>0x52</size>
         <alignment>0x2</alignment>
         <input_file_ref idref="fl-48"/>
      </object_component>
      <object_component id="oc-2b2">
         <name>.text.close</name>
         <load_address>0x3390</load_address>
         <readonly>true</readonly>
         <executable>true</executable>
         <run_address>0x3390</run_address>
         <size>0x50</size>
         <alignment>0x4</alignment>
         <input_file_ref idref="fl-150"/>
      </object_component>
      <object_component id="oc-245">
         <name>.text</name>
         <load_address>0x33e0</load_address>
         <readonly>true</readonly>
         <executable>true</executable>
         <run_address>0x33e0</run_address>
         <size>0x4a</size>
         <alignment>0x4</alignment>
         <input_file_ref idref="fl-15c"/>
      </object_component>
      <object_component id="oc-19d">
         <name>.text.DL_UART_init</name>
         <load_address>0x342c</load_address>
         <readonly>true</readonly>
         <executable>true</executable>
         <run_address>0x342c</run_address>
         <size>0x48</size>
         <alignment>0x4</alignment>
         <input_file_ref idref="fl-17"/>
      </object_component>
      <object_component id="oc-272">
         <name>.text.HOSTclose</name>
         <load_address>0x3474</load_address>
         <readonly>true</readonly>
         <executable>true</executable>
         <run_address>0x3474</run_address>
         <size>0x48</size>
         <alignment>0x4</alignment>
         <input_file_ref idref="fl-152"/>
      </object_component>
      <object_component id="oc-282">
         <name>.text.HOSTunlink</name>
         <load_address>0x34bc</load_address>
         <readonly>true</readonly>
         <executable>true</executable>
         <run_address>0x34bc</run_address>
         <size>0x48</size>
         <alignment>0x4</alignment>
         <input_file_ref idref="fl-157"/>
      </object_component>
      <object_component id="oc-12c">
         <name>.text.SYSCFG_DL_initPower</name>
         <load_address>0x3504</load_address>
         <readonly>true</readonly>
         <executable>true</executable>
         <run_address>0x3504</run_address>
         <size>0x48</size>
         <alignment>0x4</alignment>
         <input_file_ref idref="fl-2"/>
      </object_component>
      <object_component id="oc-ff">
         <name>.text.strtok</name>
         <load_address>0x354c</load_address>
         <readonly>true</readonly>
         <executable>true</executable>
         <run_address>0x354c</run_address>
         <size>0x48</size>
         <alignment>0x4</alignment>
         <input_file_ref idref="fl-3e"/>
      </object_component>
      <object_component id="oc-3c">
         <name>.text.UART0_IRQHandler</name>
         <load_address>0x3594</load_address>
         <readonly>true</readonly>
         <executable>true</executable>
         <run_address>0x3594</run_address>
         <size>0x44</size>
         <alignment>0x4</alignment>
         <input_file_ref idref="fl-7"/>
      </object_component>
      <object_component id="oc-103">
         <name>.text.atoi</name>
         <load_address>0x35d8</load_address>
         <readonly>true</readonly>
         <executable>true</executable>
         <run_address>0x35d8</run_address>
         <size>0x44</size>
         <alignment>0x4</alignment>
         <input_file_ref idref="fl-3a"/>
      </object_component>
      <object_component id="oc-a9">
         <name>.text.delay_ms</name>
         <load_address>0x361c</load_address>
         <readonly>true</readonly>
         <executable>true</executable>
         <run_address>0x361c</run_address>
         <size>0x40</size>
         <alignment>0x4</alignment>
         <input_file_ref idref="fl-6"/>
      </object_component>
      <object_component id="oc-1df">
         <name>.text</name>
         <load_address>0x365c</load_address>
         <readonly>true</readonly>
         <executable>true</executable>
         <run_address>0x365c</run_address>
         <size>0x40</size>
         <alignment>0x4</alignment>
         <input_file_ref idref="fl-165"/>
      </object_component>
      <object_component id="oc-b7">
         <name>.text</name>
         <load_address>0x369c</load_address>
         <readonly>true</readonly>
         <executable>true</executable>
         <run_address>0x369c</run_address>
         <size>0x40</size>
         <alignment>0x4</alignment>
         <input_file_ref idref="fl-15b"/>
      </object_component>
      <object_component id="oc-12e">
         <name>.text.SYSCFG_DL_SYSCTL_init</name>
         <load_address>0x36dc</load_address>
         <readonly>true</readonly>
         <executable>true</executable>
         <run_address>0x36dc</run_address>
         <size>0x3c</size>
         <alignment>0x4</alignment>
         <input_file_ref idref="fl-2"/>
      </object_component>
      <object_component id="oc-cd">
         <name>.text:__TI_auto_init_nobinit_nopinit</name>
         <load_address>0x3718</load_address>
         <readonly>true</readonly>
         <executable>true</executable>
         <run_address>0x3718</run_address>
         <size>0x3c</size>
         <alignment>0x4</alignment>
         <input_file_ref idref="fl-41"/>
      </object_component>
      <object_component id="oc-237">
         <name>.text</name>
         <load_address>0x3754</load_address>
         <readonly>true</readonly>
         <executable>true</executable>
         <run_address>0x3754</run_address>
         <size>0x3a</size>
         <alignment>0x4</alignment>
         <input_file_ref idref="fl-16b"/>
      </object_component>
      <object_component id="oc-130">
         <name>.text.SYSCFG_DL_TIMER_0_init</name>
         <load_address>0x3790</load_address>
         <readonly>true</readonly>
         <executable>true</executable>
         <run_address>0x3790</run_address>
         <size>0x38</size>
         <alignment>0x4</alignment>
         <input_file_ref idref="fl-2"/>
      </object_component>
      <object_component id="oc-bb">
         <name>.text.sprintf</name>
         <load_address>0x37c8</load_address>
         <readonly>true</readonly>
         <executable>true</executable>
         <run_address>0x37c8</run_address>
         <size>0x38</size>
         <alignment>0x4</alignment>
         <input_file_ref idref="fl-34"/>
      </object_component>
      <object_component id="oc-a8">
         <name>.text.Contrl_Pwm</name>
         <load_address>0x3800</load_address>
         <readonly>true</readonly>
         <executable>true</executable>
         <run_address>0x3800</run_address>
         <size>0x34</size>
         <alignment>0x4</alignment>
         <input_file_ref idref="fl-4"/>
      </object_component>
      <object_component id="oc-fd">
         <name>.text.Contrl_Speed</name>
         <load_address>0x3834</load_address>
         <readonly>true</readonly>
         <executable>true</executable>
         <run_address>0x3834</run_address>
         <size>0x34</size>
         <alignment>0x4</alignment>
         <input_file_ref idref="fl-4"/>
      </object_component>
      <object_component id="oc-208">
         <name>.text.__TI_cleanup</name>
         <load_address>0x3868</load_address>
         <readonly>true</readonly>
         <executable>true</executable>
         <run_address>0x3868</run_address>
         <size>0x34</size>
         <alignment>0x4</alignment>
         <input_file_ref idref="fl-4a"/>
      </object_component>
      <object_component id="oc-2c4">
         <name>.text.__TI_readmsg</name>
         <load_address>0x389c</load_address>
         <readonly>true</readonly>
         <executable>true</executable>
         <run_address>0x389c</run_address>
         <size>0x34</size>
         <alignment>0x4</alignment>
         <input_file_ref idref="fl-159"/>
      </object_component>
      <object_component id="oc-2be">
         <name>.text.__TI_writemsg</name>
         <load_address>0x38d0</load_address>
         <readonly>true</readonly>
         <executable>true</executable>
         <run_address>0x38d0</run_address>
         <size>0x34</size>
         <alignment>0x4</alignment>
         <input_file_ref idref="fl-159"/>
      </object_component>
      <object_component id="oc-cb">
         <name>.text.exit</name>
         <load_address>0x3904</load_address>
         <readonly>true</readonly>
         <executable>true</executable>
         <run_address>0x3904</run_address>
         <size>0x34</size>
         <alignment>0x4</alignment>
         <input_file_ref idref="fl-38"/>
      </object_component>
      <object_component id="oc-2f3">
         <name>.text.finddevice</name>
         <load_address>0x3938</load_address>
         <readonly>true</readonly>
         <executable>true</executable>
         <run_address>0x3938</run_address>
         <size>0x34</size>
         <alignment>0x4</alignment>
         <input_file_ref idref="fl-171"/>
      </object_component>
      <object_component id="oc-1f2">
         <name>.text.__unorddf2</name>
         <load_address>0x396c</load_address>
         <readonly>true</readonly>
         <executable>true</executable>
         <run_address>0x396c</run_address>
         <size>0x30</size>
         <alignment>0x4</alignment>
         <input_file_ref idref="fl-160"/>
      </object_component>
      <object_component id="oc-254">
         <name>.text._fcpy</name>
         <load_address>0x399c</load_address>
         <readonly>true</readonly>
         <executable>true</executable>
         <run_address>0x399c</run_address>
         <size>0x30</size>
         <alignment>0x2</alignment>
         <input_file_ref idref="fl-48"/>
      </object_component>
      <object_component id="oc-af">
         <name>.text.send_upload_data</name>
         <load_address>0x39cc</load_address>
         <readonly>true</readonly>
         <executable>true</executable>
         <run_address>0x39cc</run_address>
         <size>0x30</size>
         <alignment>0x4</alignment>
         <input_file_ref idref="fl-4"/>
      </object_component>
      <object_component id="oc-c1">
         <name>.text.uart0_send_string</name>
         <load_address>0x39fc</load_address>
         <readonly>true</readonly>
         <executable>true</executable>
         <run_address>0x39fc</run_address>
         <size>0x30</size>
         <alignment>0x4</alignment>
         <input_file_ref idref="fl-7"/>
      </object_component>
      <object_component id="oc-e6">
         <name>.text.SYSCFG_DL_init</name>
         <load_address>0x3a2c</load_address>
         <readonly>true</readonly>
         <executable>true</executable>
         <run_address>0x3a2c</run_address>
         <size>0x2c</size>
         <alignment>0x4</alignment>
         <input_file_ref idref="fl-2"/>
      </object_component>
      <object_component id="oc-b3">
         <name>.text.send_wheel_diameter</name>
         <load_address>0x3a58</load_address>
         <readonly>true</readonly>
         <executable>true</executable>
         <run_address>0x3a58</run_address>
         <size>0x2c</size>
         <alignment>0x4</alignment>
         <input_file_ref idref="fl-4"/>
      </object_component>
      <object_component id="oc-2e0">
         <name>.text.unlink</name>
         <load_address>0x3a84</load_address>
         <readonly>true</readonly>
         <executable>true</executable>
         <run_address>0x3a84</run_address>
         <size>0x2c</size>
         <alignment>0x4</alignment>
         <input_file_ref idref="fl-151"/>
      </object_component>
      <object_component id="oc-24d">
         <name>.text</name>
         <load_address>0x3ab0</load_address>
         <readonly>true</readonly>
         <executable>true</executable>
         <run_address>0x3ab0</run_address>
         <size>0x2c</size>
         <alignment>0x4</alignment>
         <input_file_ref idref="fl-15d"/>
      </object_component>
      <object_component id="oc-25e">
         <name>.text.free_list_insert</name>
         <load_address>0x3adc</load_address>
         <readonly>true</readonly>
         <executable>true</executable>
         <run_address>0x3adc</run_address>
         <size>0x28</size>
         <alignment>0x4</alignment>
         <input_file_ref idref="fl-3c"/>
      </object_component>
      <object_component id="oc-258">
         <name>.text.lseek</name>
         <load_address>0x3b04</load_address>
         <readonly>true</readonly>
         <executable>true</executable>
         <run_address>0x3b04</run_address>
         <size>0x28</size>
         <alignment>0x4</alignment>
         <input_file_ref idref="fl-14f"/>
      </object_component>
      <object_component id="oc-b4">
         <name>.text.send_motor_deadzone</name>
         <load_address>0x3b2c</load_address>
         <readonly>true</readonly>
         <executable>true</executable>
         <run_address>0x3b2c</run_address>
         <size>0x28</size>
         <alignment>0x4</alignment>
         <input_file_ref idref="fl-4"/>
      </object_component>
      <object_component id="oc-b0">
         <name>.text.send_motor_type</name>
         <load_address>0x3b54</load_address>
         <readonly>true</readonly>
         <executable>true</executable>
         <run_address>0x3b54</run_address>
         <size>0x28</size>
         <alignment>0x4</alignment>
         <input_file_ref idref="fl-4"/>
      </object_component>
      <object_component id="oc-b2">
         <name>.text.send_pulse_line</name>
         <load_address>0x3b7c</load_address>
         <readonly>true</readonly>
         <executable>true</executable>
         <run_address>0x3b7c</run_address>
         <size>0x28</size>
         <alignment>0x4</alignment>
         <input_file_ref idref="fl-4"/>
      </object_component>
      <object_component id="oc-b1">
         <name>.text.send_pulse_phase</name>
         <load_address>0x3ba4</load_address>
         <readonly>true</readonly>
         <executable>true</executable>
         <run_address>0x3ba4</run_address>
         <size>0x28</size>
         <alignment>0x4</alignment>
         <input_file_ref idref="fl-4"/>
      </object_component>
      <object_component id="oc-13e">
         <name>.text.write</name>
         <load_address>0x3bcc</load_address>
         <readonly>true</readonly>
         <executable>true</executable>
         <run_address>0x3bcc</run_address>
         <size>0x28</size>
         <alignment>0x4</alignment>
         <input_file_ref idref="fl-14b"/>
      </object_component>
      <object_component id="oc-62">
         <name>.text:_c_int00_noargs</name>
         <load_address>0x3bf4</load_address>
         <readonly>true</readonly>
         <executable>true</executable>
         <run_address>0x3bf4</run_address>
         <size>0x28</size>
         <alignment>0x4</alignment>
         <input_file_ref idref="fl-3f"/>
      </object_component>
      <object_component id="oc-14d">
         <name>.text.strspn</name>
         <load_address>0x3c1c</load_address>
         <readonly>true</readonly>
         <executable>true</executable>
         <run_address>0x3c1c</run_address>
         <size>0x26</size>
         <alignment>0x2</alignment>
         <input_file_ref idref="fl-53"/>
      </object_component>
      <object_component id="oc-a1">
         <name>.text.USART_Init</name>
         <load_address>0x3c44</load_address>
         <readonly>true</readonly>
         <executable>true</executable>
         <run_address>0x3c44</run_address>
         <size>0x24</size>
         <alignment>0x4</alignment>
         <input_file_ref idref="fl-7"/>
      </object_component>
      <object_component id="oc-a2">
         <name>.text.puts</name>
         <load_address>0x3c68</load_address>
         <readonly>true</readonly>
         <executable>true</executable>
         <run_address>0x3c68</run_address>
         <size>0x24</size>
         <alignment>0x4</alignment>
         <input_file_ref idref="fl-35"/>
      </object_component>
      <object_component id="oc-151">
         <name>.text.strcspn</name>
         <load_address>0x3c8c</load_address>
         <readonly>true</readonly>
         <executable>true</executable>
         <run_address>0x3c8c</run_address>
         <size>0x24</size>
         <alignment>0x2</alignment>
         <input_file_ref idref="fl-52"/>
      </object_component>
      <object_component id="oc-1e9">
         <name>.text</name>
         <load_address>0x3cb0</load_address>
         <readonly>true</readonly>
         <executable>true</executable>
         <run_address>0x3cb0</run_address>
         <size>0x24</size>
         <alignment>0x4</alignment>
         <input_file_ref idref="fl-15e"/>
      </object_component>
      <object_component id="oc-1da">
         <name>.text.memccpy</name>
         <load_address>0x3cd4</load_address>
         <readonly>true</readonly>
         <executable>true</executable>
         <run_address>0x3cd4</run_address>
         <size>0x22</size>
         <alignment>0x2</alignment>
         <input_file_ref idref="fl-51"/>
      </object_component>
      <object_component id="oc-f1">
         <name>.text.strlen</name>
         <load_address>0x3cf6</load_address>
         <readonly>true</readonly>
         <executable>true</executable>
         <run_address>0x3cf6</run_address>
         <size>0x22</size>
         <alignment>0x2</alignment>
         <input_file_ref idref="fl-4"/>
      </object_component>
      <object_component id="oc-36">
         <name>.text.UART1_IRQHandler</name>
         <load_address>0x3d18</load_address>
         <readonly>true</readonly>
         <executable>true</executable>
         <run_address>0x3d18</run_address>
         <size>0x20</size>
         <alignment>0x4</alignment>
         <input_file_ref idref="fl-5"/>
      </object_component>
      <object_component id="oc-29b">
         <name>.text</name>
         <load_address>0x3d38</load_address>
         <readonly>true</readonly>
         <executable>true</executable>
         <run_address>0x3d38</run_address>
         <size>0x1e</size>
         <alignment>0x4</alignment>
         <input_file_ref idref="fl-16c"/>
      </object_component>
      <object_component id="oc-18e">
         <name>.text.DL_Timer_setClockConfig</name>
         <load_address>0x3d58</load_address>
         <readonly>true</readonly>
         <executable>true</executable>
         <run_address>0x3d58</run_address>
         <size>0x1c</size>
         <alignment>0x4</alignment>
         <input_file_ref idref="fl-16"/>
      </object_component>
      <object_component id="oc-133">
         <name>.text.SYSCFG_DL_SYSTICK_init</name>
         <load_address>0x3d74</load_address>
         <readonly>true</readonly>
         <executable>true</executable>
         <run_address>0x3d74</run_address>
         <size>0x1c</size>
         <alignment>0x4</alignment>
         <input_file_ref idref="fl-2"/>
      </object_component>
      <object_component id="oc-42">
         <name>.text.TIMA0_IRQHandler</name>
         <load_address>0x3d90</load_address>
         <readonly>true</readonly>
         <executable>true</executable>
         <run_address>0x3d90</run_address>
         <size>0x1c</size>
         <alignment>0x4</alignment>
         <input_file_ref idref="fl-1"/>
      </object_component>
      <object_component id="oc-25c">
         <name>.text.free_list_remove</name>
         <load_address>0x3dac</load_address>
         <readonly>true</readonly>
         <executable>true</executable>
         <run_address>0x3dac</run_address>
         <size>0x1c</size>
         <alignment>0x4</alignment>
         <input_file_ref idref="fl-3c"/>
      </object_component>
      <object_component id="oc-142">
         <name>.text.memchr</name>
         <load_address>0x3dc8</load_address>
         <readonly>true</readonly>
         <executable>true</executable>
         <run_address>0x3dc8</run_address>
         <size>0x1a</size>
         <alignment>0x2</alignment>
         <input_file_ref idref="fl-35"/>
      </object_component>
      <object_component id="oc-7d">
         <name>.text</name>
         <load_address>0x3de4</load_address>
         <readonly>true</readonly>
         <executable>true</executable>
         <run_address>0x3de4</run_address>
         <size>0x1a</size>
         <alignment>0x4</alignment>
         <input_file_ref idref="fl-168"/>
      </object_component>
      <object_component id="oc-12d">
         <name>.text.SYSCFG_DL_GPIO_init</name>
         <load_address>0x3e00</load_address>
         <readonly>true</readonly>
         <executable>true</executable>
         <run_address>0x3e00</run_address>
         <size>0x18</size>
         <alignment>0x4</alignment>
         <input_file_ref idref="fl-2"/>
      </object_component>
      <object_component id="oc-117">
         <name>.text._outs</name>
         <load_address>0x3e18</load_address>
         <readonly>true</readonly>
         <executable>true</executable>
         <run_address>0x3e18</run_address>
         <size>0x18</size>
         <alignment>0x2</alignment>
         <input_file_ref idref="fl-34"/>
      </object_component>
      <object_component id="oc-1ee">
         <name>.text</name>
         <load_address>0x3e30</load_address>
         <readonly>true</readonly>
         <executable>true</executable>
         <run_address>0x3e30</run_address>
         <size>0x14</size>
         <alignment>0x4</alignment>
         <input_file_ref idref="fl-166"/>
      </object_component>
      <object_component id="oc-197">
         <name>.text.DL_UART_setClockConfig</name>
         <load_address>0x3e44</load_address>
         <readonly>true</readonly>
         <executable>true</executable>
         <run_address>0x3e44</run_address>
         <size>0x12</size>
         <alignment>0x2</alignment>
         <input_file_ref idref="fl-17"/>
      </object_component>
      <object_component id="oc-252">
         <name>.text.strchr</name>
         <load_address>0x3e56</load_address>
         <readonly>true</readonly>
         <executable>true</executable>
         <run_address>0x3e56</run_address>
         <size>0x12</size>
         <alignment>0x2</alignment>
         <input_file_ref idref="fl-48"/>
      </object_component>
      <object_component id="oc-22">
         <name>.text:decompress:none</name>
         <load_address>0x3e68</load_address>
         <readonly>true</readonly>
         <executable>true</executable>
         <run_address>0x3e68</run_address>
         <size>0x12</size>
         <alignment>0x2</alignment>
         <input_file_ref idref="fl-45"/>
      </object_component>
      <object_component id="oc-1e5">
         <name>.text.wcslen</name>
         <load_address>0x3e7a</load_address>
         <readonly>true</readonly>
         <executable>true</executable>
         <run_address>0x3e7a</run_address>
         <size>0x10</size>
         <alignment>0x2</alignment>
         <input_file_ref idref="fl-55"/>
      </object_component>
      <object_component id="oc-5f">
         <name>.text:decompress:ZI</name>
         <load_address>0x3e8a</load_address>
         <readonly>true</readonly>
         <executable>true</executable>
         <run_address>0x3e8a</run_address>
         <size>0x10</size>
         <alignment>0x2</alignment>
         <input_file_ref idref="fl-44"/>
      </object_component>
      <object_component id="oc-25d">
         <name>.text.OUTLINED_FUNCTION_0</name>
         <load_address>0x3e9a</load_address>
         <readonly>true</readonly>
         <executable>true</executable>
         <run_address>0x3e9a</run_address>
         <size>0xe</size>
         <alignment>0x2</alignment>
         <input_file_ref idref="fl-3c"/>
      </object_component>
      <object_component id="oc-2d7">
         <name>.text.strcpy</name>
         <load_address>0x3ea8</load_address>
         <readonly>true</readonly>
         <executable>true</executable>
         <run_address>0x3ea8</run_address>
         <size>0xe</size>
         <alignment>0x2</alignment>
         <input_file_ref idref="fl-156"/>
      </object_component>
      <object_component id="oc-1d9">
         <name>.text.strlen</name>
         <load_address>0x3eb6</load_address>
         <readonly>true</readonly>
         <executable>true</executable>
         <run_address>0x3eb6</run_address>
         <size>0xe</size>
         <alignment>0x2</alignment>
         <input_file_ref idref="fl-48"/>
      </object_component>
      <object_component id="oc-13d">
         <name>.text.strlen</name>
         <load_address>0x3ec4</load_address>
         <readonly>true</readonly>
         <executable>true</executable>
         <run_address>0x3ec4</run_address>
         <size>0xe</size>
         <alignment>0x2</alignment>
         <input_file_ref idref="fl-35"/>
      </object_component>
      <object_component id="oc-2bd">
         <name>.text.strlen</name>
         <load_address>0x3ed2</load_address>
         <readonly>true</readonly>
         <executable>true</executable>
         <run_address>0x3ed2</run_address>
         <size>0xe</size>
         <alignment>0x2</alignment>
         <input_file_ref idref="fl-154"/>
      </object_component>
      <object_component id="oc-2d8">
         <name>.text.strlen</name>
         <load_address>0x3ee0</load_address>
         <readonly>true</readonly>
         <executable>true</executable>
         <run_address>0x3ee0</run_address>
         <size>0xe</size>
         <alignment>0x2</alignment>
         <input_file_ref idref="fl-156"/>
      </object_component>
      <object_component id="oc-2d4">
         <name>.text.strlen</name>
         <load_address>0x3eee</load_address>
         <readonly>true</readonly>
         <executable>true</executable>
         <run_address>0x3eee</run_address>
         <size>0xe</size>
         <alignment>0x2</alignment>
         <input_file_ref idref="fl-157"/>
      </object_component>
      <object_component id="oc-18a">
         <name>.text.DL_Common_delayCycles</name>
         <load_address>0x3efc</load_address>
         <readonly>true</readonly>
         <executable>true</executable>
         <run_address>0x3efc</run_address>
         <size>0xa</size>
         <alignment>0x2</alignment>
         <input_file_ref idref="fl-15"/>
      </object_component>
      <object_component id="oc-251">
         <name>.text.OUTLINED_FUNCTION_0</name>
         <load_address>0x3f06</load_address>
         <readonly>true</readonly>
         <executable>true</executable>
         <run_address>0x3f06</run_address>
         <size>0xa</size>
         <alignment>0x2</alignment>
         <input_file_ref idref="fl-48"/>
      </object_component>
      <object_component id="oc-349">
         <name>.tramp.__aeabi_dsub.1</name>
         <load_address>0x3f10</load_address>
         <readonly>true</readonly>
         <executable>true</executable>
         <run_address>0x3f10</run_address>
         <size>0x10</size>
         <alignment>0x4</alignment>
         <input_file_ref idref="fl-15a"/>
      </object_component>
      <object_component id="oc-257">
         <name>.text.OUTLINED_FUNCTION_1</name>
         <load_address>0x3f20</load_address>
         <readonly>true</readonly>
         <executable>true</executable>
         <run_address>0x3f20</run_address>
         <size>0xa</size>
         <alignment>0x2</alignment>
         <input_file_ref idref="fl-48"/>
      </object_component>
      <object_component id="oc-118">
         <name>.text._outc</name>
         <load_address>0x3f2a</load_address>
         <readonly>true</readonly>
         <executable>true</executable>
         <run_address>0x3f2a</run_address>
         <size>0xa</size>
         <alignment>0x2</alignment>
         <input_file_ref idref="fl-34"/>
      </object_component>
      <object_component id="oc-15e">
         <name>.text.OUTLINED_FUNCTION_1</name>
         <load_address>0x3f34</load_address>
         <readonly>true</readonly>
         <executable>true</executable>
         <run_address>0x3f34</run_address>
         <size>0x8</size>
         <alignment>0x2</alignment>
         <input_file_ref idref="fl-3d"/>
      </object_component>
      <object_component id="oc-34a">
         <name>.tramp.__aeabi_dcmpeq.1</name>
         <load_address>0x3f3c</load_address>
         <readonly>true</readonly>
         <executable>true</executable>
         <run_address>0x3f3c</run_address>
         <size>0x10</size>
         <alignment>0x4</alignment>
         <input_file_ref idref="fl-161"/>
      </object_component>
      <object_component id="oc-1d2">
         <name>.text.__aeabi_ddiv_fast</name>
         <load_address>0x3f4c</load_address>
         <readonly>true</readonly>
         <executable>true</executable>
         <run_address>0x3f4c</run_address>
         <size>0x8</size>
         <alignment>0x2</alignment>
         <input_file_ref idref="fl-162"/>
      </object_component>
      <object_component id="oc-1bb">
         <name>.text.__aeabi_dmul_fast</name>
         <load_address>0x3f54</load_address>
         <readonly>true</readonly>
         <executable>true</executable>
         <run_address>0x3f54</run_address>
         <size>0x8</size>
         <alignment>0x2</alignment>
         <input_file_ref idref="fl-163"/>
      </object_component>
      <object_component id="oc-168">
         <name>.text.__aeabi_errno_addr</name>
         <load_address>0x3f5c</load_address>
         <readonly>true</readonly>
         <executable>true</executable>
         <run_address>0x3f5c</run_address>
         <size>0x8</size>
         <alignment>0x4</alignment>
         <input_file_ref idref="fl-4d"/>
      </object_component>
      <object_component id="oc-1a2">
         <name>.text.fseek</name>
         <load_address>0x3f64</load_address>
         <readonly>true</readonly>
         <executable>true</executable>
         <run_address>0x3f64</run_address>
         <size>0x8</size>
         <alignment>0x2</alignment>
         <input_file_ref idref="fl-4b"/>
      </object_component>
      <object_component id="oc-2b6">
         <name>.text.remove</name>
         <load_address>0x3f6c</load_address>
         <readonly>true</readonly>
         <executable>true</executable>
         <run_address>0x3f6c</run_address>
         <size>0x8</size>
         <alignment>0x2</alignment>
         <input_file_ref idref="fl-14d"/>
      </object_component>
      <object_component id="oc-52">
         <name>.text</name>
         <load_address>0x3f74</load_address>
         <readonly>true</readonly>
         <executable>true</executable>
         <run_address>0x3f74</run_address>
         <size>0x8</size>
         <alignment>0x4</alignment>
         <input_file_ref idref="fl-167"/>
      </object_component>
      <object_component id="oc-c6">
         <name>.text:abort</name>
         <load_address>0x3f7c</load_address>
         <readonly>true</readonly>
         <executable>true</executable>
         <run_address>0x3f7c</run_address>
         <size>0x6</size>
         <alignment>0x2</alignment>
         <input_file_ref idref="fl-38"/>
      </object_component>
      <object_component id="oc-11b">
         <name>.text.HOSTexit</name>
         <load_address>0x3f82</load_address>
         <readonly>true</readonly>
         <executable>true</executable>
         <run_address>0x3f82</run_address>
         <size>0x4</size>
         <alignment>0x2</alignment>
         <input_file_ref idref="fl-14a"/>
      </object_component>
      <object_component id="oc-31">
         <name>.text.Reset_Handler</name>
         <load_address>0x3f86</load_address>
         <readonly>true</readonly>
         <executable>true</executable>
         <run_address>0x3f86</run_address>
         <size>0x4</size>
         <alignment>0x2</alignment>
         <input_file_ref idref="fl-3"/>
      </object_component>
      <object_component id="oc-81">
         <name>.text._system_pre_init</name>
         <load_address>0x3f8a</load_address>
         <readonly>true</readonly>
         <executable>true</executable>
         <run_address>0x3f8a</run_address>
         <size>0x4</size>
         <alignment>0x2</alignment>
         <input_file_ref idref="fl-42"/>
      </object_component>
      <object_component id="oc-344">
         <name>.cinit..data.load</name>
         <load_address>0x4260</load_address>
         <readonly>true</readonly>
         <run_address>0x4260</run_address>
         <size>0x64</size>
         <alignment>0x1</alignment>
      </object_component>
      <object_component id="oc-342">
         <name>__TI_handler_table</name>
         <load_address>0x42c4</load_address>
         <readonly>true</readonly>
         <run_address>0x42c4</run_address>
         <size>0xc</size>
         <alignment>0x4</alignment>
      </object_component>
      <object_component id="oc-345">
         <name>.cinit..bss.load</name>
         <load_address>0x42d0</load_address>
         <readonly>true</readonly>
         <run_address>0x42d0</run_address>
         <size>0x8</size>
         <alignment>0x4</alignment>
      </object_component>
      <object_component id="oc-343">
         <name>__TI_cinit_table</name>
         <load_address>0x42d8</load_address>
         <readonly>true</readonly>
         <run_address>0x42d8</run_address>
         <size>0x10</size>
         <alignment>0x4</alignment>
      </object_component>
      <object_component id="oc-159">
         <name>.rodata:__aeabi_ctype_table_</name>
         <load_address>0x3f90</load_address>
         <readonly>true</readonly>
         <run_address>0x3f90</run_address>
         <size>0x101</size>
         <alignment>0x10</alignment>
         <input_file_ref idref="fl-4c"/>
      </object_component>
      <object_component id="oc-195">
         <name>.rodata.gTIMER_0ClockConfig</name>
         <load_address>0x4091</load_address>
         <readonly>true</readonly>
         <run_address>0x4091</run_address>
         <size>0x3</size>
         <alignment>0x1</alignment>
         <input_file_ref idref="fl-2"/>
      </object_component>
      <object_component id="oc-112">
         <name>.rodata.str1.8694611632031880963.1</name>
         <load_address>0x4094</load_address>
         <readonly>true</readonly>
         <run_address>0x4094</run_address>
         <size>0x3</size>
         <alignment>0x1</alignment>
         <input_file_ref idref="fl-4"/>
      </object_component>
      <object_component id="oc-172">
         <name>.rodata.digits</name>
         <load_address>0x4098</load_address>
         <readonly>true</readonly>
         <run_address>0x4098</run_address>
         <size>0x80</size>
         <alignment>0x8</alignment>
         <input_file_ref idref="fl-3d"/>
      </object_component>
      <object_component id="oc-173">
         <name>.rodata.powerof10</name>
         <load_address>0x4118</load_address>
         <readonly>true</readonly>
         <run_address>0x4118</run_address>
         <size>0x48</size>
         <alignment>0x8</alignment>
         <input_file_ref idref="fl-3d"/>
      </object_component>
      <object_component id="oc-c5">
         <name>.rodata.str1.254342170260855183.1</name>
         <load_address>0x4160</load_address>
         <readonly>true</readonly>
         <run_address>0x4160</run_address>
         <size>0x22</size>
         <alignment>0x1</alignment>
         <input_file_ref idref="fl-1"/>
      </object_component>
      <object_component id="oc-19e">
         <name>.rodata.gUART_0ClockConfig</name>
         <load_address>0x4182</load_address>
         <readonly>true</readonly>
         <run_address>0x4182</run_address>
         <size>0x2</size>
         <alignment>0x1</alignment>
         <input_file_ref idref="fl-2"/>
      </object_component>
      <object_component id="oc-196">
         <name>.rodata.gTIMER_0TimerConfig</name>
         <load_address>0x4184</load_address>
         <readonly>true</readonly>
[...]
         <name>abort</name>
         <value>0x3f7d</value>
         <object_component_ref idref="oc-c6"/>
      </symbol>
      <symbol id="sm-1a5">
         <name>__TI_cleanup_ptr</name>
         <value>0x20201088</value>
         <object_component_ref idref="oc-123"/>
      </symbol>
      <symbol id="sm-1a6">
         <name>__TI_dtors_ptr</name>
         <value>0x2020108c</value>
         <object_component_ref idref="oc-123"/>
      </symbol>
      <symbol id="sm-1a7">
         <name>exit</name>
         <value>0x3905</value>
         <object_component_ref idref="oc-cb"/>
      </symbol>
      <symbol id="sm-1b0">
         <name>_nop</name>
         <value>0x3133</value>
         <object_component_ref idref="oc-181"/>
      </symbol>
      <symbol id="sm-1b1">
         <name>_lock</name>
         <value>0x20201098</value>
         <object_component_ref idref="oc-121"/>
      </symbol>
      <symbol id="sm-1b2">
         <name>_unlock</name>
         <value>0x2020109c</value>
         <object_component_ref idref="oc-124"/>
      </symbol>
      <symbol id="sm-1bc">
         <name>atoi</name>
         <value>0x35d9</value>
         <object_component_ref idref="oc-103"/>
      </symbol>
      <symbol id="sm-1c1">
         <name>_ftable</name>
         <value>0x20200e50</value>
         <object_component_ref idref="oc-ec"/>
      </symbol>
      <symbol id="sm-1c2">
         <name>__TI_ft_end</name>
         <value>0x20201090</value>
         <object_component_ref idref="oc-269"/>
      </symbol>
      <symbol id="sm-1c3">
         <name>__TI_tmpnams</name>
         <value>0x20200cdc</value>
         <object_component_ref idref="oc-2ba"/>
      </symbol>
      <symbol id="sm-1e6">
         <name>malloc</name>
         <value>0x2845</value>
         <object_component_ref idref="oc-207"/>
      </symbol>
      <symbol id="sm-1e7">
         <name>aligned_alloc</name>
         <value>0x1f95</value>
         <object_component_ref idref="oc-262"/>
      </symbol>
      <symbol id="sm-1e8">
         <name>free</name>
         <value>0x2389</value>
         <object_component_ref idref="oc-201"/>
      </symbol>
      <symbol id="sm-1e9">
         <name>_sys_memory</name>
         <value>0x20200000</value>
         <object_component_ref idref="oc-25f"/>
      </symbol>
      <symbol id="sm-1ea">
         <name>memalign</name>
         <value>0x1f95</value>
         <object_component_ref idref="oc-262"/>
      </symbol>
      <symbol id="sm-1ff">
         <name>strtod</name>
         <value>0xf51</value>
         <object_component_ref idref="oc-107"/>
      </symbol>
      <symbol id="sm-200">
         <name>strtold</name>
         <value>0xf51</value>
         <object_component_ref idref="oc-107"/>
      </symbol>
      <symbol id="sm-20c">
         <name>strtok</name>
         <value>0x354d</value>
         <object_component_ref idref="oc-ff"/>
      </symbol>
      <symbol id="sm-217">
         <name>_c_int00_noargs</name>
         <value>0x3bf5</value>
         <object_component_ref idref="oc-62"/>
      </symbol>
      <symbol id="sm-218">
         <name>__stack</name>
         <value>0x2020ff00</value>
         <object_component_ref idref="oc-1c"/>
      </symbol>
      <symbol id="sm-224">
         <name>__TI_auto_init_nobinit_nopinit</name>
         <value>0x3719</value>
         <object_component_ref idref="oc-cd"/>
      </symbol>
      <symbol id="sm-22c">
         <name>_system_pre_init</name>
         <value>0x3f8b</value>
         <object_component_ref idref="oc-81"/>
      </symbol>
      <symbol id="sm-237">
         <name>__TI_zero_init</name>
         <value>0x3e8b</value>
         <object_component_ref idref="oc-5f"/>
      </symbol>
      <symbol id="sm-240">
         <name>__TI_decompress_none</name>
         <value>0x3e69</value>
         <object_component_ref idref="oc-22"/>
      </symbol>
      <symbol id="sm-24b">
         <name>__TI_decompress_lzss</name>
         <value>0x2955</value>
         <object_component_ref idref="oc-1e"/>
      </symbol>
      <symbol id="sm-255">
         <name>scalbn</name>
         <value>0x262d</value>
         <object_component_ref idref="oc-16d"/>
      </symbol>
      <symbol id="sm-256">
         <name>ldexp</name>
         <value>0x262d</value>
         <object_component_ref idref="oc-16d"/>
      </symbol>
      <symbol id="sm-257">
         <name>scalbnl</name>
         <value>0x262d</value>
         <object_component_ref idref="oc-16d"/>
      </symbol>
      <symbol id="sm-258">
         <name>ldexpl</name>
         <value>0x262d</value>
         <object_component_ref idref="oc-16d"/>
      </symbol>
      <symbol id="sm-2a5">
         <name>__TI_printfi</name>
         <value>0xc1</value>
         <object_component_ref idref="oc-17e"/>
      </symbol>
      <symbol id="sm-2af">
         <name>__TI_doflush</name>
         <value>0x32eb</value>
         <object_component_ref idref="oc-143"/>
      </symbol>
      <symbol id="sm-2ba">
         <name>__TI_cleanup</name>
         <value>0x3869</value>
         <object_component_ref idref="oc-208"/>
      </symbol>
      <symbol id="sm-2c7">
         <name>fseek</name>
         <value>0x3f65</value>
         <object_component_ref idref="oc-1a2"/>
      </symbol>
      <symbol id="sm-2c8">
         <name>fseeko</name>
         <value>0x2ced</value>
         <object_component_ref idref="oc-1fe"/>
      </symbol>
      <symbol id="sm-2c9">
         <name>__aeabi_ctype_table_</name>
         <value>0x3f90</value>
         <object_component_ref idref="oc-159"/>
      </symbol>
      <symbol id="sm-2ca">
         <name>__aeabi_ctype_table_C</name>
         <value>0x3f90</value>
         <object_component_ref idref="oc-159"/>
      </symbol>
      <symbol id="sm-2d5">
         <name>__aeabi_errno_addr</name>
         <value>0x3f5d</value>
         <object_component_ref idref="oc-168"/>
      </symbol>
      <symbol id="sm-2d6">
         <name>__aeabi_errno</name>
         <value>0x20201094</value>
         <object_component_ref idref="oc-1cb"/>
      </symbol>
      <symbol id="sm-2df">
         <name>__TI_ltoa</name>
         <value>0x31e5</value>
         <object_component_ref idref="oc-249"/>
      </symbol>
      <symbol id="sm-2ea">
         <name>memccpy</name>
         <value>0x3cd5</value>
         <object_component_ref idref="oc-1da"/>
      </symbol>
      <symbol id="sm-2f3">
         <name>strcspn</name>
         <value>0x3c8d</value>
         <object_component_ref idref="oc-151"/>
      </symbol>
      <symbol id="sm-2fc">
         <name>strspn</name>
         <value>0x3c1d</value>
         <object_component_ref idref="oc-14d"/>
      </symbol>
      <symbol id="sm-306">
         <name>frexp</name>
         <value>0x307d</value>
         <object_component_ref idref="oc-241"/>
      </symbol>
      <symbol id="sm-307">
         <name>frexpl</name>
         <value>0x307d</value>
         <object_component_ref idref="oc-241"/>
      </symbol>
      <symbol id="sm-310">
         <name>wcslen</name>
         <value>0x3e7b</value>
         <object_component_ref idref="oc-1e5"/>
      </symbol>
      <symbol id="sm-31b">
         <name>__TI_closefile</name>
         <value>0x28d9</value>
         <object_component_ref idref="oc-263"/>
      </symbol>
      <symbol id="sm-323">
         <name>HOSTexit</name>
         <value>0x3f83</value>
         <object_component_ref idref="oc-11b"/>
      </symbol>
      <symbol id="sm-324">
         <name>C$$EXIT</name>
         <value>0x3f82</value>
         <object_component_ref idref="oc-11b"/>
      </symbol>
      <symbol id="sm-32e">
         <name>write</name>
         <value>0x3bcd</value>
         <object_component_ref idref="oc-13e"/>
      </symbol>
      <symbol id="sm-333">
         <name>_device</name>
         <value>0x20200fc0</value>
         <object_component_ref idref="oc-211"/>
      </symbol>
      <symbol id="sm-334">
         <name>_stream</name>
         <value>0x20201038</value>
         <object_component_ref idref="oc-1ae"/>
      </symbol>
      <symbol id="sm-33d">
         <name>remove</name>
         <value>0x3f6d</value>
         <object_component_ref idref="oc-2b6"/>
      </symbol>
      <symbol id="sm-348">
         <name>lseek</name>
         <value>0x3b05</value>
         <object_component_ref idref="oc-258"/>
      </symbol>
      <symbol id="sm-352">
         <name>close</name>
         <value>0x3391</value>
         <object_component_ref idref="oc-2b2"/>
      </symbol>
      <symbol id="sm-35c">
         <name>unlink</name>
         <value>0x3a85</value>
         <object_component_ref idref="oc-2e0"/>
      </symbol>
      <symbol id="sm-366">
         <name>HOSTclose</name>
         <value>0x3475</value>
         <object_component_ref idref="oc-272"/>
      </symbol>
      <symbol id="sm-370">
         <name>HOSTlseek</name>
         <value>0x2c15</value>
         <object_component_ref idref="oc-27e"/>
      </symbol>
      <symbol id="sm-37e">
         <name>HOSTopen</name>
         <value>0x3021</value>
         <object_component_ref idref="oc-26c"/>
      </symbol>
      <symbol id="sm-37f">
         <name>parmbuf</name>
         <value>0x20200e44</value>
         <object_component_ref idref="oc-2c5"/>
      </symbol>
      <symbol id="sm-389">
         <name>HOSTread</name>
         <value>0x3135</value>
         <object_component_ref idref="oc-276"/>
      </symbol>
      <symbol id="sm-39a">
         <name>HOSTrename</name>
         <value>0x2c81</value>
         <object_component_ref idref="oc-288"/>
      </symbol>
      <symbol id="sm-3a8">
         <name>HOSTunlink</name>
         <value>0x34bd</value>
         <object_component_ref idref="oc-282"/>
      </symbol>
      <symbol id="sm-3b2">
         <name>HOSTwrite</name>
         <value>0x318d</value>
         <object_component_ref idref="oc-27a"/>
      </symbol>
      <symbol id="sm-3c0">
         <name>C$$IO$$</name>
         <value>0x38fd</value>
         <object_component_ref idref="oc-2be"/>
      </symbol>
      <symbol id="sm-3c1">
         <name>__TI_writemsg</name>
         <value>0x38d1</value>
         <object_component_ref idref="oc-2be"/>
      </symbol>
      <symbol id="sm-3c2">
         <name>__CIOBUF_</name>
         <value>0x20200800</value>
         <object_component_ref idref="oc-2e7"/>
      </symbol>
      <symbol id="sm-3c3">
         <name>__TI_readmsg</name>
         <value>0x389d</value>
         <object_component_ref idref="oc-2c4"/>
      </symbol>
      <symbol id="sm-3c4">
         <name>_CIOBUF_</name>
         <value>0x20200800</value>
         <object_component_ref idref="oc-2e7"/>
      </symbol>
      <symbol id="sm-3ca">
         <name>__aeabi_dadd</name>
         <value>0x1bab</value>
         <object_component_ref idref="oc-160"/>
      </symbol>
      <symbol id="sm-3cb">
         <name>__adddf3</name>
         <value>0x1bab</value>
         <object_component_ref idref="oc-160"/>
      </symbol>
      <symbol id="sm-3cc">
         <name>__aeabi_dsub</name>
         <value>0x1ba1</value>
         <object_component_ref idref="oc-160"/>
      </symbol>
      <symbol id="sm-3cd">
         <name>__subdf3</name>
         <value>0x1ba1</value>
         <object_component_ref idref="oc-160"/>
      </symbol>
      <symbol id="sm-3d6">
         <name>__aeabi_f2d</name>
         <value>0x369d</value>
         <object_component_ref idref="oc-b7"/>
      </symbol>
      <symbol id="sm-3d7">
         <name>__extendsfdf2</name>
         <value>0x369d</value>
         <object_component_ref idref="oc-b7"/>
      </symbol>
      <symbol id="sm-3dd">
         <name>__aeabi_d2iz</name>
         <value>0x33e1</value>
         <object_component_ref idref="oc-245"/>
      </symbol>
      <symbol id="sm-3de">
         <name>__fixdfsi</name>
         <value>0x33e1</value>
         <object_component_ref idref="oc-245"/>
      </symbol>
      <symbol id="sm-3e4">
         <name>__aeabi_i2d</name>
         <value>0x3ab1</value>
         <object_component_ref idref="oc-24d"/>
      </symbol>
      <symbol id="sm-3e5">
         <name>__floatsidf</name>
         <value>0x3ab1</value>
         <object_component_ref idref="oc-24d"/>
      </symbol>
      <symbol id="sm-3eb">
         <name>__aeabi_lmul</name>
         <value>0x3cb1</value>
         <object_component_ref idref="oc-1e9"/>
      </symbol>
      <symbol id="sm-3ec">
         <name>__muldi3</name>
         <value>0x3cb1</value>
         <object_component_ref idref="oc-1e9"/>
      </symbol>
      <symbol id="sm-3f3">
         <name>__aeabi_d2f</name>
         <value>0x2ac1</value>
         <object_component_ref idref="oc-10d"/>
      </symbol>
      <symbol id="sm-3f4">
         <name>__truncdfsf2</name>
         <value>0x2ac1</value>
         <object_component_ref idref="oc-10d"/>
      </symbol>
      <symbol id="sm-405">
         <name>__ledf2</name>
         <value>0x2dc5</value>
         <object_component_ref idref="oc-1c3"/>
      </symbol>
      <symbol id="sm-406">
         <name>__gedf2</name>
         <value>0x2a45</value>
         <object_component_ref idref="oc-1c9"/>
      </symbol>
      <symbol id="sm-407">
         <name>__unorddf2</name>
         <value>0x396d</value>
         <object_component_ref idref="oc-1f2"/>
      </symbol>
      <symbol id="sm-408">
         <name>__cmpdf2</name>
         <value>0x2dc5</value>
         <object_component_ref idref="oc-1c3"/>
      </symbol>
      <symbol id="sm-409">
         <name>__eqdf2</name>
         <value>0x2dc5</value>
         <object_component_ref idref="oc-1c3"/>
      </symbol>
      <symbol id="sm-40a">
         <name>__ltdf2</name>
         <value>0x2dc5</value>
         <object_component_ref idref="oc-1c3"/>
      </symbol>
      <symbol id="sm-40b">
         <name>__nedf2</name>
         <value>0x2dc5</value>
         <object_component_ref idref="oc-1c3"/>
      </symbol>
      <symbol id="sm-40c">
         <name>__gtdf2</name>
         <value>0x2a45</value>
         <object_component_ref idref="oc-1c9"/>
      </symbol>
      <symbol id="sm-40d">
         <name>__aeabi_dcmpun</name>
         <value>0x396d</value>
         <object_component_ref idref="oc-1f2"/>
      </symbol>
      <symbol id="sm-413">
         <name>__aeabi_dcmpeq</name>
         <value>0x30d9</value>
         <object_component_ref idref="oc-164"/>
      </symbol>
      <symbol id="sm-414">
         <name>__aeabi_dcmplt</name>
         <value>0x30eb</value>
         <object_component_ref idref="oc-164"/>
      </symbol>
      <symbol id="sm-415">
         <name>__aeabi_dcmple</name>
         <value>0x30fd</value>
         <object_component_ref idref="oc-164"/>
      </symbol>
      <symbol id="sm-416">
         <name>__aeabi_dcmpge</name>
         <value>0x310f</value>
         <object_component_ref idref="oc-164"/>
      </symbol>
      <symbol id="sm-417">
         <name>__aeabi_dcmpgt</name>
         <value>0x3121</value>
         <object_component_ref idref="oc-164"/>
      </symbol>
      <symbol id="sm-424">
         <name>__aeabi_ddiv_fast</name>
         <value>0x3f4d</value>
         <object_component_ref idref="oc-1d2"/>
      </symbol>
      <symbol id="sm-42e">
         <name>__aeabi_dmul_fast</name>
         <value>0x3f55</value>
         <object_component_ref idref="oc-1bb"/>
      </symbol>
      <symbol id="sm-434">
         <name>__aeabi_idiv</name>
         <value>0x3295</value>
         <object_component_ref idref="oc-2a4"/>
      </symbol>
      <symbol id="sm-435">
         <name>__aeabi_idivmod</name>
         <value>0x3295</value>
         <object_component_ref idref="oc-2a4"/>
      </symbol>
      <symbol id="sm-43b">
         <name>__aeabi_uidiv</name>
         <value>0x365d</value>
         <object_component_ref idref="oc-1df"/>
      </symbol>
      <symbol id="sm-43c">
         <name>__aeabi_uidivmod</name>
         <value>0x365d</value>
         <object_component_ref idref="oc-1df"/>
      </symbol>
      <symbol id="sm-442">
         <name>__aeabi_uldivmod</name>
         <value>0x3e31</value>
         <object_component_ref idref="oc-1ee"/>
      </symbol>
      <symbol id="sm-448">
         <name>__aeabi_memcpy</name>
         <value>0x3f75</value>
         <object_component_ref idref="oc-52"/>
      </symbol>
      <symbol id="sm-449">
         <name>__aeabi_memcpy4</name>
         <value>0x3f75</value>
         <object_component_ref idref="oc-52"/>
      </symbol>
      <symbol id="sm-44a">
         <name>__aeabi_memcpy8</name>
         <value>0x3f75</value>
         <object_component_ref idref="oc-52"/>
      </symbol>
      <symbol id="sm-450">
         <name>__aeabi_memset</name>
         <value>0x3de5</value>
         <object_component_ref idref="oc-7d"/>
      </symbol>
      <symbol id="sm-451">
         <name>__aeabi_memset4</name>
         <value>0x3de5</value>
         <object_component_ref idref="oc-7d"/>
      </symbol>
      <symbol id="sm-452">
         <name>__aeabi_memset8</name>
         <value>0x3de5</value>
         <object_component_ref idref="oc-7d"/>
      </symbol>
      <symbol id="sm-453">
         <name>__aeabi_memclr</name>
         <value>0x3df3</value>
         <object_component_ref idref="oc-7d"/>
      </symbol>
      <symbol id="sm-454">
         <name>__aeabi_memclr4</name>
         <value>0x3df3</value>
         <object_component_ref idref="oc-7d"/>
      </symbol>
      <symbol id="sm-455">
         <name>__aeabi_memclr8</name>
         <value>0x3df3</value>
         <object_component_ref idref="oc-7d"/>
      </symbol>
      <symbol id="sm-45b">
         <name>__udivmoddi4</name>
         <value>0x2709</value>
         <object_component_ref idref="oc-23c"/>
      </symbol>
      <symbol id="sm-461">
         <name>__muldsi3</name>
         <value>0x3755</value>
         <object_component_ref idref="oc-237"/>
      </symbol>
      <symbol id="sm-467">
         <name>__aeabi_llsl</name>
         <value>0x3d39</value>
         <object_component_ref idref="oc-29b"/>
      </symbol>
      <symbol id="sm-468">
         <name>__ashldi3</name>
         <value>0x3d39</value>
         <object_component_ref idref="oc-29b"/>
      </symbol>
      <symbol id="sm-474">
         <name>__aeabi_idiv0</name>
         <value>0x2ef7</value>
         <object_component_ref idref="oc-22e"/>
      </symbol>
      <symbol id="sm-475">
         <name>__aeabi_ldiv0</name>
         <value>0x2fbf</value>
         <object_component_ref idref="oc-29a"/>
      </symbol>
      <symbol id="sm-47f">
         <name>__divdf3_fast</name>
         <value>0x1301</value>
         <object_component_ref idref="oc-221"/>
      </symbol>
      <symbol id="sm-489">
         <name>__muldf3_fast</name>
         <value>0x19c9</value>
         <object_component_ref idref="oc-215"/>
      </symbol>
      <symbol id="sm-497">
         <name>finddevice</name>
         <value>0x3939</value>
         <object_component_ref idref="oc-2f3"/>
      </symbol>
      <symbol id="sm-498">
         <name>getdevice</name>
         <value>0x2d59</value>
         <object_component_ref idref="oc-2ea"/>
      </symbol>
      <symbol id="sm-4b1">
         <name>memcpy</name>
         <value>0x27ab</value>
         <object_component_ref idref="oc-9c"/>
      </symbol>
      <symbol id="sm-4c0">
         <name>memset</name>
         <value>0x2f5d</value>
         <object_component_ref idref="oc-e5"/>
      </symbol>
      <symbol id="sm-4c8">
         <name>strcmp</name>
         <value>0x2851</value>
         <object_component_ref idref="oc-2f6"/>
      </symbol>
      <symbol id="sm-4c9">
         <name>__TI_static_base__</name>
         <value>0x0</value>
      </symbol>
      <symbol id="sm-4cd">
         <name>__mpu_init</name>
         <value>0x0</value>
      </symbol>
      <symbol id="sm-4ce">
         <name>_system_post_cinit</name>
         <value>0x0</value>
      </symbol>
   </symbol_table>
   <title>Link successful</title>
</link_info>
