<html>
<body>
<pre>
<h1>µVision Build Log</h1>
<h2>Tool Versions:</h2>
IDE-Version: ¦ÌVision V5.41.0.0
Copyright (C) 2024 ARM Ltd and ARM Germany GmbH. All rights reserved.
License Information: zw zw, zw, LIC=WHYH9-4FN5F-HL3CL-0RBDJ-C3LT6-7BMQM
 
Tool Versions:
Toolchain:       MDK-ARM Plus  Version: 5.41.0.0
Toolchain Path:  C:\Users\zw\AppData\Local\Keil_v5\ARM\ARMCLANG\Bin
C Compiler:      ArmClang.exe V6.22
Assembler:       Armasm.exe V6.22
Linker/Locator:  ArmLink.exe V6.22
Library Manager: ArmAr.exe V6.22
Hex Converter:   FromElf.exe V6.22
CPU DLL:         SARMCM3.DLL V5.41.0.0
Dialog DLL:      DARMCM1.DLL V1.19.6.0
Target DLL:      UL2CM3.DLL V1.164.14.0
Dialog DLL:      TARMCM1.DLL V1.14.6.0
 
<h2>Project:</h2>
C:\ti\mspm0_sdk_2_11_00_07\CarMove_USART\Keil\empty_LP_MSPM0G3519_nortos_keil.uvprojx
Project File Date:  08/30/2026

<h2>Output:</h2>
*** Using Compiler 'V6.22', folder: 'C:\Users\zw\AppData\Local\Keil_v5\ARM\ARMCLANG\Bin'
Rebuild target 'empty_LP_MSPM0G3519_nortos_keil'
Before Build - User command #1: cmd.exe /C "C:\ti\mspm0_sdk_2_11_00_07\CarMove_USART\Keil\../../tools/keil/syscfg.bat 'C:\ti\mspm0_sdk_2_11_00_07\CarMove_USART\Keil\' empty.syscfg"
Using Sysconfig Tool from "C:\ti\sysconfig_1.26.2\sysconfig_cli.bat"
"Update the file located at <sdk path>/tools/keil/syscfg.bat to use a different version"
Running script...
Validating...
info: TIMER_0(/ti/driverlib/TIMER): Peripheral does not retain register contents in STOP or STANDBY modes. User should take care to save and restore register configuration in application. See Retention Configuration section for more details.
Generating Code (empty.syscfg)...
Unchanged C:\ti\mspm0_sdk_2_11_00_07\CarMove_USART\ti_msp_dl_config.c...
Unchanged C:\ti\mspm0_sdk_2_11_00_07\CarMove_USART\ti_msp_dl_config.h...
Unchanged C:\ti\mspm0_sdk_2_11_00_07\CarMove_USART\Event.dot...
compiling dl_aes.c...
assembling startup_mspm0g351x_uvision.s...
compiling dl_common.c...
compiling dl_adc12.c...
compiling dl_aesadv.c...
compiling empty.c...
compiling ti_msp_dl_config.c...
compiling dl_crc.c...
compiling dl_crcp.c...
compiling dl_dma.c...
compiling dl_dac12.c...
compiling dl_flashctl.c...
compiling dl_keystorectl.c...
compiling dl_lcd.c...
compiling dl_i2c.c...
compiling dl_lfss.c...
compiling dl_mathacl.c...
compiling dl_opa.c...
compiling dl_mcan.c...
compiling dl_trng.c...
compiling dl_spi.c...
compiling dl_rtc_common.c...
compiling dl_timer.c...
compiling dl_uart.c...
compiling dl_vref.c...
compiling dl_factoryregion.c...
compiling delay.c...
compiling usart.c...
compiling app_motor_usart.c...
compiling bsp_motor_usart.c...
linking...
Program Size: Code=10438 RO-data=610 RW-data=12 ZI-data=3348  
FromELF: creating hex file...
"..\OBJ\empty.axf" - 0 Error(s), 0 Warning(s).

<h2>Software Packages used:</h2>

Package Vendor: TexasInstruments
                https://software-dl.ti.com/msp430/esd/MSPM0-CMSIS/MSPM0GX51X/latest/exports/TexasInstruments.MSPM0GX51X_DFP.1.0.0.pack
                TexasInstruments::MSPM0GX51X_DFP@1.0.0
                Device Family Pack for Texas Instruments MSPM0GX51X Series

<h2>Collection of Component include folders:</h2>

<h2>Collection of Component Files used:</h2>
Build Time Elapsed:  00:00:07
</pre>
</body>
</html>
