<?xml version="1.0" encoding="ISO-8859-1" ?>
<link_info>
   <banner>TI ARM Clang Linker PC v4.0.0.LTS</banner>
   <copyright>Copyright (c) 1996-2018 Texas Instruments Incorporated</copyright>
   <command_line>E:\SoftWare\ti\ccstheia151\ccs\tools\compiler\ti-cgt-armllvm_4.0.0.LTS\bin\tiarmlnk -IE:\SoftWare\ti\ccstheia151\ccs\tools\compiler\ti-cgt-armllvm_4.0.0.LTS\lib -o CarMove_USART.out -mCarMove_USART.map -iE:/SoftWare/ti/mspm0_sdk_2_02_00_05/source -iC:/Users/leo/workspace_ccstheia/CarMove_USART/Debug/syscfg -iE:/SoftWare/ti/ccstheia151/ccs/tools/compiler/ti-cgt-armllvm_4.0.0.LTS/lib --diag_wrap=off --display_error_number --warn_sections --xml_link_info=CarMove_USART_linkInfo.xml --rom_model ./empty.o ./syscfg/ti_msp_dl_config.o ./startup_mspm0g350x_ticlang.o ./BSP/app_motor_usart.o ./BSP/bsp_motor_usart.o ./BSP/delay.o ./BSP/usart.o -lsyscfg/device_linker.cmd -ldevice.cmd.genlibs -llibc.a --start-group -llibc++.a -llibc++abi.a -llibc.a -llibsys.a -llibsysbm.a -llibclang_rt.builtins.a -llibclang_rt.profile.a --end-group --cg_opt_level=2</command_line>
   <link_time>0x67b3ec3c</link_time>
   <link_errors>0x0</link_errors>
   <output_file>C:\Users\leo\workspace_ccstheia\CarMove_USART\Debug\CarMove_USART.out</output_file>
   <entry_point>
      <name>_c_int00_noargs</name>
      <address>0x39a5</address>
   </entry_point>
   <input_file_list>
      <input_file id="fl-1">
         <path>C:\Users\leo\workspace_ccstheia\CarMove_USART\Debug\.\</path>
         <kind>object</kind>
         <file>empty.o</file>
         <name>empty.o</name>
      </input_file>
      <input_file id="fl-2">
         <path>C:\Users\leo\workspace_ccstheia\CarMove_USART\Debug\.\syscfg\</path>
         <kind>object</kind>
         <file>ti_msp_dl_config.o</file>
         <name>ti_msp_dl_config.o</name>
      </input_file>
      <input_file id="fl-3">
         <path>C:\Users\leo\workspace_ccstheia\CarMove_USART\Debug\.\</path>
         <kind>object</kind>
         <file>startup_mspm0g350x_ticlang.o</file>
         <name>startup_mspm0g350x_ticlang.o</name>
      </input_file>
      <input_file id="fl-4">
         <path>C:\Users\leo\workspace_ccstheia\CarMove_USART\Debug\.\BSP\</path>
         <kind>object</kind>
         <file>app_motor_usart.o</file>
         <name>app_motor_usart.o</name>
      </input_file>
      <input_file id="fl-5">
         <path>C:\Users\leo\workspace_ccstheia\CarMove_USART\Debug\.\BSP\</path>
         <kind>object</kind>
         <file>bsp_motor_usart.o</file>
         <name>bsp_motor_usart.o</name>
      </input_file>
      <input_file id="fl-6">
         <path>C:\Users\leo\workspace_ccstheia\CarMove_USART\Debug\.\BSP\</path>
         <kind>object</kind>
         <file>delay.o</file>
         <name>delay.o</name>
      </input_file>
      <input_file id="fl-7">
         <path>C:\Users\leo\workspace_ccstheia\CarMove_USART\Debug\.\BSP\</path>
         <kind>object</kind>
         <file>usart.o</file>
         <name>usart.o</name>
      </input_file>
      <input_file id="fl-14">
         <path>C:\Users\leo\workspace_ccstheia\CarMove_USART\Debug\</path>
         <kind>object</kind>
         <file>&lt;internal&gt;</file>
         <name>&lt;internal&gt;</name>
      </input_file>
      <input_file id="fl-15">
         <path>E:\SoftWare\ti\mspm0_sdk_2_02_00_05\source\ti\driverlib\lib\ticlang\m0p\mspm0g1x0x_g3x0x\</path>
         <kind>archive</kind>
         <file>driverlib.a</file>
         <name>dl_common.o</name>
      </input_file>
      <input_file id="fl-16">
         <path>E:\SoftWare\ti\mspm0_sdk_2_02_00_05\source\ti\driverlib\lib\ticlang\m0p\mspm0g1x0x_g3x0x\</path>
         <kind>archive</kind>
         <file>driverlib.a</file>
         <name>dl_timer.o</name>
      </input_file>
      <input_file id="fl-17">
         <path>E:\SoftWare\ti\mspm0_sdk_2_02_00_05\source\ti\driverlib\lib\ticlang\m0p\mspm0g1x0x_g3x0x\</path>
         <kind>archive</kind>
         <file>driverlib.a</file>
         <name>dl_uart.o</name>
      </input_file>
      <input_file id="fl-2c">
         <path>E:\SoftWare\ti\ccstheia151\ccs\tools\compiler\ti-cgt-armllvm_4.0.0.LTS\lib\armv6m-ti-none-eabi\c\</path>
         <kind>archive</kind>
         <file>libc.a</file>
         <name>printf.c.obj</name>
      </input_file>
      <input_file id="fl-2d">
         <path>E:\SoftWare\ti\ccstheia151\ccs\tools\compiler\ti-cgt-armllvm_4.0.0.LTS\lib\armv6m-ti-none-eabi\c\</path>
         <kind>archive</kind>
         <file>libc.a</file>
         <name>_printfi.c.obj</name>
      </input_file>
      <input_file id="fl-2e">
         <path>E:\SoftWare\ti\ccstheia151\ccs\tools\compiler\ti-cgt-armllvm_4.0.0.LTS\lib\armv6m-ti-none-eabi\c\</path>
         <kind>archive</kind>
         <file>libc.a</file>
         <name>sprintf.c.obj</name>
      </input_file>
      <input_file id="fl-2f">
         <path>E:\SoftWare\ti\ccstheia151\ccs\tools\compiler\ti-cgt-armllvm_4.0.0.LTS\lib\armv6m-ti-none-eabi\c\</path>
         <kind>archive</kind>
         <file>libc.a</file>
         <name>fputs.c.obj</name>
      </input_file>
      <input_file id="fl-30">
         <path>E:\SoftWare\ti\ccstheia151\ccs\tools\compiler\ti-cgt-armllvm_4.0.0.LTS\lib\armv6m-ti-none-eabi\c\</path>
         <kind>archive</kind>
         <file>libc.a</file>
         <name>_io_perm.c.obj</name>
      </input_file>
      <input_file id="fl-31">
         <path>E:\SoftWare\ti\ccstheia151\ccs\tools\compiler\ti-cgt-armllvm_4.0.0.LTS\lib\armv6m-ti-none-eabi\c\</path>
         <kind>archive</kind>
         <file>libc.a</file>
         <name>setvbuf.c.obj</name>
      </input_file>
      <input_file id="fl-32">
         <path>E:\SoftWare\ti\ccstheia151\ccs\tools\compiler\ti-cgt-armllvm_4.0.0.LTS\lib\armv6m-ti-none-eabi\c\</path>
         <kind>archive</kind>
         <file>libc.a</file>
         <name>wcslen.c.obj</name>
      </input_file>
      <input_file id="fl-33">
         <path>E:\SoftWare\ti\ccstheia151\ccs\tools\compiler\ti-cgt-armllvm_4.0.0.LTS\lib\armv6m-ti-none-eabi\c\</path>
         <kind>archive</kind>
         <file>libc.a</file>
         <name>s_frexp.c.obj</name>
      </input_file>
      <input_file id="fl-34">
         <path>E:\SoftWare\ti\ccstheia151\ccs\tools\compiler\ti-cgt-armllvm_4.0.0.LTS\lib\armv6m-ti-none-eabi\c\</path>
         <kind>archive</kind>
         <file>libc.a</file>
         <name>s_scalbn.c.obj</name>
      </input_file>
      <input_file id="fl-35">
         <path>E:\SoftWare\ti\ccstheia151\ccs\tools\compiler\ti-cgt-armllvm_4.0.0.LTS\lib\armv6m-ti-none-eabi\c\</path>
         <kind>archive</kind>
         <file>libc.a</file>
         <name>aeabi_portable.c.obj</name>
      </input_file>
      <input_file id="fl-36">
         <path>E:\SoftWare\ti\ccstheia151\ccs\tools\compiler\ti-cgt-armllvm_4.0.0.LTS\lib\armv6m-ti-none-eabi\c\</path>
         <kind>archive</kind>
         <file>libc.a</file>
         <name>exit.c.obj</name>
      </input_file>
      <input_file id="fl-37">
         <path>E:\SoftWare\ti\ccstheia151\ccs\tools\compiler\ti-cgt-armllvm_4.0.0.LTS\lib\armv6m-ti-none-eabi\c\</path>
         <kind>archive</kind>
         <file>libc.a</file>
         <name>_lock.c.obj</name>
      </input_file>
      <input_file id="fl-38">
         <path>E:\SoftWare\ti\ccstheia151\ccs\tools\compiler\ti-cgt-armllvm_4.0.0.LTS\lib\armv6m-ti-none-eabi\c\</path>
         <kind>archive</kind>
         <file>libc.a</file>
         <name>_ltoa.c.obj</name>
      </input_file>
      <input_file id="fl-39">
         <path>E:\SoftWare\ti\ccstheia151\ccs\tools\compiler\ti-cgt-armllvm_4.0.0.LTS\lib\armv6m-ti-none-eabi\c\</path>
         <kind>archive</kind>
         <file>libc.a</file>
         <name>assert.c.obj</name>
      </input_file>
      <input_file id="fl-3a">
         <path>E:\SoftWare\ti\ccstheia151\ccs\tools\compiler\ti-cgt-armllvm_4.0.0.LTS\lib\armv6m-ti-none-eabi\c\</path>
         <kind>archive</kind>
         <file>libc.a</file>
         <name>atoi.c.obj</name>
      </input_file>
      <input_file id="fl-3b">
         <path>E:\SoftWare\ti\ccstheia151\ccs\tools\compiler\ti-cgt-armllvm_4.0.0.LTS\lib\armv6m-ti-none-eabi\c\</path>
         <kind>archive</kind>
         <file>libc.a</file>
         <name>defs.c.obj</name>
      </input_file>
      <input_file id="fl-3c">
         <path>E:\SoftWare\ti\ccstheia151\ccs\tools\compiler\ti-cgt-armllvm_4.0.0.LTS\lib\armv6m-ti-none-eabi\c\</path>
         <kind>archive</kind>
         <file>libc.a</file>
         <name>memccpy.c.obj</name>
      </input_file>
      <input_file id="fl-3d">
         <path>E:\SoftWare\ti\ccstheia151\ccs\tools\compiler\ti-cgt-armllvm_4.0.0.LTS\lib\armv6m-ti-none-eabi\c\</path>
         <kind>archive</kind>
         <file>libc.a</file>
         <name>memory.c.obj</name>
      </input_file>
      <input_file id="fl-3e">
         <path>E:\SoftWare\ti\ccstheia151\ccs\tools\compiler\ti-cgt-armllvm_4.0.0.LTS\lib\armv6m-ti-none-eabi\c\</path>
         <kind>archive</kind>
         <file>libc.a</file>
         <name>strtod.c.obj</name>
      </input_file>
      <input_file id="fl-3f">
         <path>E:\SoftWare\ti\ccstheia151\ccs\tools\compiler\ti-cgt-armllvm_4.0.0.LTS\lib\armv6m-ti-none-eabi\c\</path>
         <kind>archive</kind>
         <file>libc.a</file>
         <name>strtok.c.obj</name>
      </input_file>
      <input_file id="fl-40">
         <path>E:\SoftWare\ti\ccstheia151\ccs\tools\compiler\ti-cgt-armllvm_4.0.0.LTS\lib\armv6m-ti-none-eabi\c\</path>
         <kind>archive</kind>
         <file>libc.a</file>
         <name>boot_cortex_m.c.obj</name>
      </input_file>
      <input_file id="fl-41">
         <path>E:\SoftWare\ti\ccstheia151\ccs\tools\compiler\ti-cgt-armllvm_4.0.0.LTS\lib\armv6m-ti-none-eabi\c\</path>
         <kind>archive</kind>
         <file>libc.a</file>
         <name>mathacl_init.c.obj</name>
      </input_file>
      <input_file id="fl-42">
         <path>E:\SoftWare\ti\ccstheia151\ccs\tools\compiler\ti-cgt-armllvm_4.0.0.LTS\lib\armv6m-ti-none-eabi\c\</path>
         <kind>archive</kind>
         <file>libc.a</file>
         <name>autoinit.c.obj</name>
      </input_file>
      <input_file id="fl-43">
         <path>E:\SoftWare\ti\ccstheia151\ccs\tools\compiler\ti-cgt-armllvm_4.0.0.LTS\lib\armv6m-ti-none-eabi\c\</path>
         <kind>archive</kind>
         <file>libc.a</file>
         <name>pre_init.c.obj</name>
      </input_file>
      <input_file id="fl-44">
         <path>E:\SoftWare\ti\ccstheia151\ccs\tools\compiler\ti-cgt-armllvm_4.0.0.LTS\lib\armv6m-ti-none-eabi\c\</path>
         <kind>archive</kind>
         <file>libc.a</file>
         <name>cpy_tbl.c.obj</name>
      </input_file>
      <input_file id="fl-45">
         <path>E:\SoftWare\ti\ccstheia151\ccs\tools\compiler\ti-cgt-armllvm_4.0.0.LTS\lib\armv6m-ti-none-eabi\c\</path>
         <kind>archive</kind>
         <file>libc.a</file>
         <name>copy_zero_init.c.obj</name>
      </input_file>
      <input_file id="fl-46">
         <path>E:\SoftWare\ti\ccstheia151\ccs\tools\compiler\ti-cgt-armllvm_4.0.0.LTS\lib\armv6m-ti-none-eabi\c\</path>
         <kind>archive</kind>
         <file>libc.a</file>
         <name>copy_decompress_none.c.obj</name>
      </input_file>
      <input_file id="fl-47">
         <path>E:\SoftWare\ti\ccstheia151\ccs\tools\compiler\ti-cgt-armllvm_4.0.0.LTS\lib\armv6m-ti-none-eabi\c\</path>
         <kind>archive</kind>
         <file>libc.a</file>
         <name>copy_decompress_lzss.c.obj</name>
      </input_file>
      <input_file id="fl-48">
         <path>E:\SoftWare\ti\ccstheia151\ccs\tools\compiler\ti-cgt-armllvm_4.0.0.LTS\lib\armv6m-ti-none-eabi\c\</path>
         <kind>archive</kind>
         <file>libc.a</file>
         <name>fflush.c.obj</name>
      </input_file>
      <input_file id="fl-49">
         <path>E:\SoftWare\ti\ccstheia151\ccs\tools\compiler\ti-cgt-armllvm_4.0.0.LTS\lib\armv6m-ti-none-eabi\c\</path>
         <kind>archive</kind>
         <file>libc.a</file>
         <name>fopen.c.obj</name>
      </input_file>
      <input_file id="fl-4a">
         <path>E:\SoftWare\ti\ccstheia151\ccs\tools\compiler\ti-cgt-armllvm_4.0.0.LTS\lib\armv6m-ti-none-eabi\c\</path>
         <kind>archive</kind>
         <file>libc.a</file>
         <name>fseek.c.obj</name>
      </input_file>
      <input_file id="fl-4b">
         <path>E:\SoftWare\ti\ccstheia151\ccs\tools\compiler\ti-cgt-armllvm_4.0.0.LTS\lib\armv6m-ti-none-eabi\c\</path>
         <kind>archive</kind>
         <file>libc.a</file>
         <name>aeabi_ctype.S.obj</name>
      </input_file>
      <input_file id="fl-4c">
         <path>E:\SoftWare\ti\ccstheia151\ccs\tools\compiler\ti-cgt-armllvm_4.0.0.LTS\lib\armv6m-ti-none-eabi\c\</path>
         <kind>archive</kind>
         <file>libc.a</file>
         <name>args_main.c.obj</name>
      </input_file>
      <input_file id="fl-4d">
         <path>E:\SoftWare\ti\ccstheia151\ccs\tools\compiler\ti-cgt-armllvm_4.0.0.LTS\lib\armv6m-ti-none-eabi\c\</path>
         <kind>archive</kind>
         <file>libc.a</file>
         <name>strcspn.c.obj</name>
      </input_file>
      <input_file id="fl-4e">
         <path>E:\SoftWare\ti\ccstheia151\ccs\tools\compiler\ti-cgt-armllvm_4.0.0.LTS\lib\armv6m-ti-none-eabi\c\</path>
         <kind>archive</kind>
         <file>libc.a</file>
         <name>strspn.c.obj</name>
      </input_file>
      <input_file id="fl-4f">
         <path>E:\SoftWare\ti\ccstheia151\ccs\tools\compiler\ti-cgt-armllvm_4.0.0.LTS\lib\armv6m-ti-none-eabi\c\</path>
         <kind>archive</kind>
         <file>libc.a</file>
         <name>fclose.c.obj</name>
      </input_file>
      <input_file id="fl-e5">
         <path>E:\SoftWare\ti\ccstheia151\ccs\tools\compiler\ti-cgt-armllvm_4.0.0.LTS\lib\armv6m-ti-none-eabi\c\</path>
         <kind>archive</kind>
         <file>libsysbm.a</file>
         <name>write.c.obj</name>
      </input_file>
      <input_file id="fl-e6">
         <path>E:\SoftWare\ti\ccstheia151\ccs\tools\compiler\ti-cgt-armllvm_4.0.0.LTS\lib\armv6m-ti-none-eabi\c\</path>
         <kind>archive</kind>
         <file>libsysbm.a</file>
         <name>host_device.c.obj</name>
      </input_file>
      <input_file id="fl-e7">
         <path>E:\SoftWare\ti\ccstheia151\ccs\tools\compiler\ti-cgt-armllvm_4.0.0.LTS\lib\armv6m-ti-none-eabi\c\</path>
         <kind>archive</kind>
         <file>libsysbm.a</file>
         <name>remove.c.obj</name>
      </input_file>
      <input_file id="fl-e8">
         <path>E:\SoftWare\ti\ccstheia151\ccs\tools\compiler\ti-cgt-armllvm_4.0.0.LTS\lib\armv6m-ti-none-eabi\c\</path>
         <kind>archive</kind>
         <file>libsysbm.a</file>
         <name>open.c.obj</name>
      </input_file>
      <input_file id="fl-e9">
         <path>E:\SoftWare\ti\ccstheia151\ccs\tools\compiler\ti-cgt-armllvm_4.0.0.LTS\lib\armv6m-ti-none-eabi\c\</path>
         <kind>archive</kind>
         <file>libsysbm.a</file>
         <name>lseek.c.obj</name>
      </input_file>
      <input_file id="fl-ea">
         <path>E:\SoftWare\ti\ccstheia151\ccs\tools\compiler\ti-cgt-armllvm_4.0.0.LTS\lib\armv6m-ti-none-eabi\c\</path>
         <kind>archive</kind>
         <file>libsysbm.a</file>
         <name>close.c.obj</name>
      </input_file>
      <input_file id="fl-eb">
         <path>E:\SoftWare\ti\ccstheia151\ccs\tools\compiler\ti-cgt-armllvm_4.0.0.LTS\lib\armv6m-ti-none-eabi\c\</path>
         <kind>archive</kind>
         <file>libsysbm.a</file>
         <name>unlink.c.obj</name>
      </input_file>
      <input_file id="fl-ec">
         <path>E:\SoftWare\ti\ccstheia151\ccs\tools\compiler\ti-cgt-armllvm_4.0.0.LTS\lib\armv6m-ti-none-eabi\c\</path>
         <kind>archive</kind>
         <file>libsysbm.a</file>
         <name>hostclose.c.obj</name>
      </input_file>
      <input_file id="fl-ed">
         <path>E:\SoftWare\ti\ccstheia151\ccs\tools\compiler\ti-cgt-armllvm_4.0.0.LTS\lib\armv6m-ti-none-eabi\c\</path>
         <kind>archive</kind>
         <file>libsysbm.a</file>
         <name>hostlseek.c.obj</name>
      </input_file>
      <input_file id="fl-ee">
         <path>E:\SoftWare\ti\ccstheia151\ccs\tools\compiler\ti-cgt-armllvm_4.0.0.LTS\lib\armv6m-ti-none-eabi\c\</path>
         <kind>archive</kind>
         <file>libsysbm.a</file>
         <name>hostopen.c.obj</name>
      </input_file>
      <input_file id="fl-ef">
         <path>E:\SoftWare\ti\ccstheia151\ccs\tools\compiler\ti-cgt-armllvm_4.0.0.LTS\lib\armv6m-ti-none-eabi\c\</path>
         <kind>archive</kind>
         <file>libsysbm.a</file>
         <name>hostread.c.obj</name>
      </input_file>
      <input_file id="fl-f0">
         <path>E:\SoftWare\ti\ccstheia151\ccs\tools\compiler\ti-cgt-armllvm_4.0.0.LTS\lib\armv6m-ti-none-eabi\c\</path>
         <kind>archive</kind>
         <file>libsysbm.a</file>
         <name>hostrename.c.obj</name>
      </input_file>
      <input_file id="fl-f1">
         <path>E:\SoftWare\ti\ccstheia151\ccs\tools\compiler\ti-cgt-armllvm_4.0.0.LTS\lib\armv6m-ti-none-eabi\c\</path>
         <kind>archive</kind>
         <file>libsysbm.a</file>
         <name>hostunlink.c.obj</name>
      </input_file>
      <input_file id="fl-f2">
         <path>E:\SoftWare\ti\ccstheia151\ccs\tools\compiler\ti-cgt-armllvm_4.0.0.LTS\lib\armv6m-ti-none-eabi\c\</path>
         <kind>archive</kind>
         <file>libsysbm.a</file>
         <name>hostwrite.c.obj</name>
      </input_file>
      <input_file id="fl-f3">
         <path>E:\SoftWare\ti\ccstheia151\ccs\tools\compiler\ti-cgt-armllvm_4.0.0.LTS\lib\armv6m-ti-none-eabi\c\</path>
         <kind>archive</kind>
         <file>libsysbm.a</file>
         <name>trgmsg.c.obj</name>
      </input_file>
      <input_file id="fl-f4">
         <path>E:\SoftWare\ti\ccstheia151\ccs\tools\compiler\ti-cgt-armllvm_4.0.0.LTS\lib\armv6m-ti-none-eabi\</path>
         <kind>archive</kind>
         <file>libclang_rt.builtins.a</file>
         <name>adddf3.S.obj</name>
      </input_file>
      <input_file id="fl-f5">
         <path>E:\SoftWare\ti\ccstheia151\ccs\tools\compiler\ti-cgt-armllvm_4.0.0.LTS\lib\armv6m-ti-none-eabi\</path>
         <kind>archive</kind>
         <file>libclang_rt.builtins.a</file>
         <name>muldf3.S.obj</name>
      </input_file>
      <input_file id="fl-f6">
         <path>E:\SoftWare\ti\ccstheia151\ccs\tools\compiler\ti-cgt-armllvm_4.0.0.LTS\lib\armv6m-ti-none-eabi\</path>
         <kind>archive</kind>
         <file>libclang_rt.builtins.a</file>
         <name>muldsi3.S.obj</name>
      </input_file>
      <input_file id="fl-f7">
         <path>E:\SoftWare\ti\ccstheia151\ccs\tools\compiler\ti-cgt-armllvm_4.0.0.LTS\lib\armv6m-ti-none-eabi\</path>
         <kind>archive</kind>
         <file>libclang_rt.builtins.a</file>
         <name>divdf3.S.obj</name>
      </input_file>
      <input_file id="fl-f8">
         <path>E:\SoftWare\ti\ccstheia151\ccs\tools\compiler\ti-cgt-armllvm_4.0.0.LTS\lib\armv6m-ti-none-eabi\</path>
         <kind>archive</kind>
         <file>libclang_rt.builtins.a</file>
         <name>extendsfdf2.S.obj</name>
      </input_file>
      <input_file id="fl-f9">
         <path>E:\SoftWare\ti\ccstheia151\ccs\tools\compiler\ti-cgt-armllvm_4.0.0.LTS\lib\armv6m-ti-none-eabi\</path>
         <kind>archive</kind>
         <file>libclang_rt.builtins.a</file>
         <name>fixdfsi.S.obj</name>
      </input_file>
      <input_file id="fl-fa">
         <path>E:\SoftWare\ti\ccstheia151\ccs\tools\compiler\ti-cgt-armllvm_4.0.0.LTS\lib\armv6m-ti-none-eabi\</path>
         <kind>archive</kind>
         <file>libclang_rt.builtins.a</file>
         <name>floatsidf.S.obj</name>
      </input_file>
      <input_file id="fl-fb">
         <path>E:\SoftWare\ti\ccstheia151\ccs\tools\compiler\ti-cgt-armllvm_4.0.0.LTS\lib\armv6m-ti-none-eabi\</path>
         <kind>archive</kind>
         <file>libclang_rt.builtins.a</file>
         <name>muldi3.S.obj</name>
      </input_file>
      <input_file id="fl-fc">
         <path>E:\SoftWare\ti\ccstheia151\ccs\tools\compiler\ti-cgt-armllvm_4.0.0.LTS\lib\armv6m-ti-none-eabi\</path>
         <kind>archive</kind>
         <file>libclang_rt.builtins.a</file>
         <name>truncdfsf2.S.obj</name>
      </input_file>
      <input_file id="fl-fd">
         <path>E:\SoftWare\ti\ccstheia151\ccs\tools\compiler\ti-cgt-armllvm_4.0.0.LTS\lib\armv6m-ti-none-eabi\</path>
         <kind>archive</kind>
         <file>libclang_rt.builtins.a</file>
         <name>aeabi_dcmp.S.obj</name>
      </input_file>
      <input_file id="fl-fe">
         <path>E:\SoftWare\ti\ccstheia151\ccs\tools\compiler\ti-cgt-armllvm_4.0.0.LTS\lib\armv6m-ti-none-eabi\</path>
         <kind>archive</kind>
         <file>libclang_rt.builtins.a</file>
         <name>aeabi_idivmod.S.obj</name>
      </input_file>
      <input_file id="fl-ff">
         <path>E:\SoftWare\ti\ccstheia151\ccs\tools\compiler\ti-cgt-armllvm_4.0.0.LTS\lib\armv6m-ti-none-eabi\</path>
         <kind>archive</kind>
         <file>libclang_rt.builtins.a</file>
         <name>aeabi_memcpy.S.obj</name>
      </input_file>
      <input_file id="fl-100">
         <path>E:\SoftWare\ti\ccstheia151\ccs\tools\compiler\ti-cgt-armllvm_4.0.0.LTS\lib\armv6m-ti-none-eabi\</path>
         <kind>archive</kind>
         <file>libclang_rt.builtins.a</file>
         <name>aeabi_memset.S.obj</name>
      </input_file>
      <input_file id="fl-101">
         <path>E:\SoftWare\ti\ccstheia151\ccs\tools\compiler\ti-cgt-armllvm_4.0.0.LTS\lib\armv6m-ti-none-eabi\</path>
         <kind>archive</kind>
         <file>libclang_rt.builtins.a</file>
         <name>aeabi_uidivmod.S.obj</name>
      </input_file>
      <input_file id="fl-102">
         <path>E:\SoftWare\ti\ccstheia151\ccs\tools\compiler\ti-cgt-armllvm_4.0.0.LTS\lib\armv6m-ti-none-eabi\</path>
         <kind>archive</kind>
         <file>libclang_rt.builtins.a</file>
         <name>aeabi_uldivmod.S.obj</name>
      </input_file>
      <input_file id="fl-103">
         <path>E:\SoftWare\ti\ccstheia151\ccs\tools\compiler\ti-cgt-armllvm_4.0.0.LTS\lib\armv6m-ti-none-eabi\</path>
         <kind>archive</kind>
         <file>libclang_rt.builtins.a</file>
         <name>udivmoddi4.S.obj</name>
      </input_file>
      <input_file id="fl-104">
         <path>E:\SoftWare\ti\ccstheia151\ccs\tools\compiler\ti-cgt-armllvm_4.0.0.LTS\lib\armv6m-ti-none-eabi\</path>
         <kind>archive</kind>
         <file>libclang_rt.builtins.a</file>
         <name>ashldi3.S.obj</name>
      </input_file>
      <input_file id="fl-105">
         <path>E:\SoftWare\ti\ccstheia151\ccs\tools\compiler\ti-cgt-armllvm_4.0.0.LTS\lib\armv6m-ti-none-eabi\</path>
         <kind>archive</kind>
         <file>libclang_rt.builtins.a</file>
         <name>comparedf2.c.obj</name>
      </input_file>
      <input_file id="fl-106">
         <path>E:\SoftWare\ti\ccstheia151\ccs\tools\compiler\ti-cgt-armllvm_4.0.0.LTS\lib\armv6m-ti-none-eabi\</path>
         <kind>archive</kind>
         <file>libclang_rt.builtins.a</file>
         <name>aeabi_div0.c.obj</name>
      </input_file>
      <input_file id="fl-107">
         <path>E:\SoftWare\ti\ccstheia151\ccs\tools\compiler\ti-cgt-armllvm_4.0.0.LTS\lib\armv6m-ti-none-eabi\c\</path>
         <kind>archive</kind>
         <file>libc.a</file>
         <name>getdevice.c.obj</name>
      </input_file>
      <input_file id="fl-108">
         <path>E:\SoftWare\ti\ccstheia151\ccs\tools\compiler\ti-cgt-armllvm_4.0.0.LTS\lib\armv6m-ti-none-eabi\c\</path>
         <kind>archive</kind>
         <file>libc.a</file>
         <name>memcpy16.S.obj</name>
      </input_file>
      <input_file id="fl-109">
         <path>E:\SoftWare\ti\ccstheia151\ccs\tools\compiler\ti-cgt-armllvm_4.0.0.LTS\lib\armv6m-ti-none-eabi\c\</path>
         <kind>archive</kind>
         <file>libc.a</file>
         <name>memset16.S.obj</name>
      </input_file>
      <input_file id="fl-10a">
         <path>E:\SoftWare\ti\ccstheia151\ccs\tools\compiler\ti-cgt-armllvm_4.0.0.LTS\lib\armv6m-ti-none-eabi\c\</path>
         <kind>archive</kind>
         <file>libc.a</file>
         <name>strcmp-armv6m.S.obj</name>
      </input_file>
   </input_file_list>
   <object_component_list>
      <object_component id="oc-18">
         <name>.intvecs</name>
         <load_address>0x0</load_address>
         <readonly>true</readonly>
         <run_address>0x0</run_address>
         <size>0xc0</size>
         <alignment>0x4</alignment>
         <input_file_ref idref="fl-3"/>
      </object_component>
      <object_component id="oc-184">
         <name>.text:__TI_printfi</name>
         <load_address>0xc0</load_address>
         <readonly>true</readonly>
         <executable>true</executable>
         <run_address>0xc0</run_address>
         <size>0x9d0</size>
         <alignment>0x4</alignment>
         <input_file_ref idref="fl-2d"/>
      </object_component>
      <object_component id="oc-b5">
         <name>.text.Deal_data_real</name>
         <load_address>0xa90</load_address>
         <readonly>true</readonly>
         <executable>true</executable>
         <run_address>0xa90</run_address>
         <size>0x448</size>
         <alignment>0x4</alignment>
         <input_file_ref idref="fl-4"/>
      </object_component>
      <object_component id="oc-109">
         <name>.text.strtod</name>
         <load_address>0xed8</load_address>
         <readonly>true</readonly>
         <executable>true</executable>
         <run_address>0xed8</run_address>
         <size>0x3b8</size>
         <alignment>0x4</alignment>
         <input_file_ref idref="fl-3e"/>
      </object_component>
      <object_component id="oc-1f0">
         <name>.text._pconv_a</name>
         <load_address>0x1290</load_address>
         <readonly>true</readonly>
         <executable>true</executable>
         <run_address>0x1290</run_address>
         <size>0x220</size>
         <alignment>0x4</alignment>
         <input_file_ref idref="fl-2d"/>
      </object_component>
      <object_component id="oc-1f1">
         <name>.text._pconv_g</name>
         <load_address>0x14b0</load_address>
         <readonly>true</readonly>
         <executable>true</executable>
         <run_address>0x14b0</run_address>
         <size>0x1dc</size>
         <alignment>0x4</alignment>
         <input_file_ref idref="fl-2d"/>
      </object_component>
      <object_component id="oc-163">
         <name>.text.adddf3_subdf3</name>
         <load_address>0x168c</load_address>
         <readonly>true</readonly>
         <executable>true</executable>
         <run_address>0x168c</run_address>
         <size>0x192</size>
         <alignment>0x4</alignment>
         <input_file_ref idref="fl-f4"/>
      </object_component>
      <object_component id="oc-33">
         <name>.text.Default_Handler</name>
         <load_address>0x181e</load_address>
         <readonly>true</readonly>
         <executable>true</executable>
         <run_address>0x181e</run_address>
         <size>0x2</size>
         <alignment>0x2</alignment>
         <input_file_ref idref="fl-3"/>
      </object_component>
      <object_component id="oc-23c">
         <name>.text.fcvt</name>
         <load_address>0x1820</load_address>
         <readonly>true</readonly>
         <executable>true</executable>
         <run_address>0x1820</run_address>
         <size>0x13c</size>
         <alignment>0x4</alignment>
         <input_file_ref idref="fl-2d"/>
      </object_component>
      <object_component id="oc-1f3">
         <name>.text._pconv_e</name>
         <load_address>0x195c</load_address>
         <readonly>true</readonly>
         <executable>true</executable>
         <run_address>0x195c</run_address>
         <size>0x120</size>
         <alignment>0x4</alignment>
         <input_file_ref idref="fl-2d"/>
      </object_component>
      <object_component id="oc-84">
         <name>.text.main</name>
         <load_address>0x1a7c</load_address>
         <readonly>true</readonly>
         <executable>true</executable>
         <run_address>0x1a7c</run_address>
         <size>0x118</size>
         <alignment>0x4</alignment>
         <input_file_ref idref="fl-1"/>
      </object_component>
      <object_component id="oc-248">
         <name>.text.aligned_alloc</name>
         <load_address>0x1b94</load_address>
         <readonly>true</readonly>
         <executable>true</executable>
         <run_address>0x1b94</run_address>
         <size>0x114</size>
         <alignment>0x4</alignment>
         <input_file_ref idref="fl-3d"/>
      </object_component>
      <object_component id="oc-174">
         <name>.text.__divdf3</name>
         <load_address>0x1ca8</load_address>
         <readonly>true</readonly>
         <executable>true</executable>
         <run_address>0x1ca8</run_address>
         <size>0x10c</size>
         <alignment>0x4</alignment>
         <input_file_ref idref="fl-f7"/>
      </object_component>
      <object_component id="oc-e8">
         <name>.text.fputs</name>
         <load_address>0x1db4</load_address>
         <readonly>true</readonly>
         <executable>true</executable>
         <run_address>0x1db4</run_address>
         <size>0xf8</size>
         <alignment>0x4</alignment>
         <input_file_ref idref="fl-2f"/>
      </object_component>
      <object_component id="oc-199">
         <name>.text.DL_Timer_initTimerMode</name>
         <load_address>0x1eac</load_address>
         <readonly>true</readonly>
         <executable>true</executable>
         <run_address>0x1eac</run_address>
         <size>0xe8</size>
         <alignment>0x4</alignment>
         <input_file_ref idref="fl-16"/>
      </object_component>
      <object_component id="oc-1fe">
         <name>.text.free</name>
         <load_address>0x1f94</load_address>
         <readonly>true</readonly>
         <executable>true</executable>
         <run_address>0x1f94</run_address>
         <size>0xe8</size>
         <alignment>0x4</alignment>
         <input_file_ref idref="fl-3d"/>
      </object_component>
      <object_component id="oc-f4">
         <name>.text.Send_Motor_ArrayU8</name>
         <load_address>0x207c</load_address>
         <readonly>true</readonly>
         <executable>true</executable>
         <run_address>0x207c</run_address>
         <size>0xe4</size>
         <alignment>0x4</alignment>
         <input_file_ref idref="fl-5"/>
      </object_component>
      <object_component id="oc-15f">
         <name>.text.__muldf3</name>
         <load_address>0x2160</load_address>
         <readonly>true</readonly>
         <executable>true</executable>
         <run_address>0x2160</run_address>
         <size>0xe4</size>
         <alignment>0x4</alignment>
         <input_file_ref idref="fl-f5"/>
      </object_component>
      <object_component id="oc-1ad">
         <name>.text.setvbuf</name>
         <load_address>0x2244</load_address>
         <readonly>true</readonly>
         <executable>true</executable>
         <run_address>0x2244</run_address>
         <size>0xe0</size>
         <alignment>0x4</alignment>
         <input_file_ref idref="fl-31"/>
      </object_component>
      <object_component id="oc-170">
         <name>.text.scalbn</name>
         <load_address>0x2324</load_address>
         <readonly>true</readonly>
         <executable>true</executable>
         <run_address>0x2324</run_address>
         <size>0xd8</size>
         <alignment>0x4</alignment>
         <input_file_ref idref="fl-34"/>
      </object_component>
      <object_component id="oc-222">
         <name>.text</name>
         <load_address>0x23fc</load_address>
         <readonly>true</readonly>
         <executable>true</executable>
         <run_address>0x23fc</run_address>
         <size>0xa2</size>
         <alignment>0x4</alignment>
         <input_file_ref idref="fl-103"/>
      </object_component>
      <object_component id="oc-9b">
         <name>.text:memcpy</name>
         <load_address>0x249e</load_address>
         <readonly>true</readonly>
         <executable>true</executable>
         <run_address>0x249e</run_address>
         <size>0x9a</size>
         <alignment>0x1</alignment>
         <input_file_ref idref="fl-108"/>
      </object_component>
      <object_component id="oc-15d">
         <name>.text.OUTLINED_FUNCTION_0</name>
         <load_address>0x2538</load_address>
         <readonly>true</readonly>
         <executable>true</executable>
         <run_address>0x2538</run_address>
         <size>0x8</size>
         <alignment>0x2</alignment>
         <input_file_ref idref="fl-3e"/>
      </object_component>
      <object_component id="oc-2cf">
         <name>.text:strcmp</name>
         <load_address>0x2540</load_address>
         <readonly>true</readonly>
         <executable>true</executable>
         <run_address>0x2540</run_address>
         <size>0x88</size>
         <alignment>0x10</alignment>
         <input_file_ref idref="fl-10a"/>
      </object_component>
      <object_component id="oc-249">
         <name>.text.__TI_closefile</name>
         <load_address>0x25c8</load_address>
         <readonly>true</readonly>
         <executable>true</executable>
         <run_address>0x25c8</run_address>
         <size>0x7c</size>
         <alignment>0x4</alignment>
         <input_file_ref idref="fl-4f"/>
      </object_component>
      <object_component id="oc-1c">
         <name>.text:decompress:lzss</name>
         <load_address>0x2644</load_address>
         <readonly>true</readonly>
         <executable>true</executable>
         <run_address>0x2644</run_address>
         <size>0x7c</size>
         <alignment>0x4</alignment>
         <input_file_ref idref="fl-47"/>
      </object_component>
      <object_component id="oc-67">
         <name>.text.Deal_Control_Rxtemp</name>
         <load_address>0x26c0</load_address>
         <readonly>true</readonly>
         <executable>true</executable>
         <run_address>0x26c0</run_address>
         <size>0x74</size>
         <alignment>0x4</alignment>
         <input_file_ref idref="fl-4"/>
      </object_component>
      <object_component id="oc-1cc">
         <name>.text.__gedf2</name>
         <load_address>0x2734</load_address>
         <readonly>true</readonly>
         <executable>true</executable>
         <run_address>0x2734</run_address>
         <size>0x74</size>
         <alignment>0x4</alignment>
         <input_file_ref idref="fl-105"/>
      </object_component>
      <object_component id="oc-15e">
         <name>.text.OUTLINED_FUNCTION_1</name>
         <load_address>0x27a8</load_address>
         <readonly>true</readonly>
         <executable>true</executable>
         <run_address>0x27a8</run_address>
         <size>0x8</size>
         <alignment>0x2</alignment>
         <input_file_ref idref="fl-3e"/>
      </object_component>
      <object_component id="oc-10f">
         <name>.text.__truncdfsf2</name>
         <load_address>0x27b0</load_address>
         <readonly>true</readonly>
         <executable>true</executable>
         <run_address>0x27b0</run_address>
         <size>0x74</size>
         <alignment>0x10</alignment>
         <input_file_ref idref="fl-fc"/>
      </object_component>
      <object_component id="oc-12f">
         <name>.text.SYSCFG_DL_UART_0_init</name>
         <load_address>0x2824</load_address>
         <readonly>true</readonly>
         <executable>true</executable>
         <run_address>0x2824</run_address>
         <size>0x70</size>
         <alignment>0x4</alignment>
         <input_file_ref idref="fl-2"/>
      </object_component>
      <object_component id="oc-130">
         <name>.text.SYSCFG_DL_UART_1_init</name>
         <load_address>0x2894</load_address>
         <readonly>true</readonly>
         <executable>true</executable>
         <run_address>0x2894</run_address>
         <size>0x70</size>
         <alignment>0x4</alignment>
         <input_file_ref idref="fl-2"/>
      </object_component>
      <object_component id="oc-262">
         <name>.text.HOSTlseek</name>
         <load_address>0x2904</load_address>
         <readonly>true</readonly>
         <executable>true</executable>
         <run_address>0x2904</run_address>
         <size>0x6c</size>
         <alignment>0x4</alignment>
         <input_file_ref idref="fl-ed"/>
      </object_component>
      <object_component id="oc-26a">
         <name>.text.HOSTrename</name>
         <load_address>0x2970</load_address>
         <readonly>true</readonly>
         <executable>true</executable>
         <run_address>0x2970</run_address>
         <size>0x6c</size>
         <alignment>0x4</alignment>
         <input_file_ref idref="fl-f0"/>
      </object_component>
      <object_component id="oc-1fb">
         <name>.text.fseeko</name>
         <load_address>0x29dc</load_address>
         <readonly>true</readonly>
         <executable>true</executable>
         <run_address>0x29dc</run_address>
         <size>0x6c</size>
         <alignment>0x4</alignment>
         <input_file_ref idref="fl-4a"/>
      </object_component>
      <object_component id="oc-2c3">
         <name>.text.getdevice</name>
         <load_address>0x2a48</load_address>
         <readonly>true</readonly>
         <executable>true</executable>
         <run_address>0x2a48</run_address>
         <size>0x6c</size>
         <alignment>0x4</alignment>
         <input_file_ref idref="fl-107"/>
      </object_component>
      <object_component id="oc-1c6">
         <name>.text.__ledf2</name>
         <load_address>0x2ab4</load_address>
         <readonly>true</readonly>
         <executable>true</executable>
         <run_address>0x2ab4</run_address>
         <size>0x68</size>
         <alignment>0x4</alignment>
         <input_file_ref idref="fl-105"/>
      </object_component>
      <object_component id="oc-23b">
         <name>.text._mcpy</name>
         <load_address>0x2b1c</load_address>
         <readonly>true</readonly>
         <executable>true</executable>
         <run_address>0x2b1c</run_address>
         <size>0x66</size>
         <alignment>0x2</alignment>
         <input_file_ref idref="fl-2d"/>
      </object_component>
      <object_component id="oc-135">
         <name>.text.__TI_wrt_ok</name>
         <load_address>0x2b82</load_address>
         <readonly>true</readonly>
         <executable>true</executable>
         <run_address>0x2b82</run_address>
         <size>0x64</size>
         <alignment>0x2</alignment>
         <input_file_ref idref="fl-30"/>
      </object_component>
      <object_component id="oc-218">
         <name>.text.__aeabi_idiv0</name>
         <load_address>0x2be6</load_address>
         <readonly>true</readonly>
         <executable>true</executable>
         <run_address>0x2be6</run_address>
         <size>0x2</size>
         <alignment>0x2</alignment>
         <input_file_ref idref="fl-106"/>
      </object_component>
      <object_component id="oc-289">
         <name>.text.split</name>
         <load_address>0x2be8</load_address>
         <readonly>true</readonly>
         <executable>true</executable>
         <run_address>0x2be8</run_address>
         <size>0x64</size>
         <alignment>0x4</alignment>
         <input_file_ref idref="fl-3d"/>
      </object_component>
      <object_component id="oc-167">
         <name>.text.__aeabi_dcmp</name>
         <load_address>0x2c4c</load_address>
         <readonly>true</readonly>
         <executable>true</executable>
         <run_address>0x2c4c</run_address>
         <size>0x62</size>
         <alignment>0x4</alignment>
         <input_file_ref idref="fl-fd"/>
      </object_component>
      <object_component id="oc-e2">
         <name>.text:memset</name>
         <load_address>0x2cae</load_address>
         <readonly>true</readonly>
         <executable>true</executable>
         <run_address>0x2cae</run_address>
         <size>0x62</size>
         <alignment>0x1</alignment>
         <input_file_ref idref="fl-109"/>
      </object_component>
      <object_component id="oc-b4">
         <name>.text.Car_Move</name>
         <load_address>0x2d10</load_address>
         <readonly>true</readonly>
         <executable>true</executable>
         <run_address>0x2d10</run_address>
         <size>0x60</size>
         <alignment>0x4</alignment>
         <input_file_ref idref="fl-1"/>
      </object_component>
      <object_component id="oc-252">
         <name>.text.HOSTopen</name>
         <load_address>0x2d70</load_address>
         <readonly>true</readonly>
         <executable>true</executable>
         <run_address>0x2d70</run_address>
         <size>0x60</size>
         <alignment>0x4</alignment>
         <input_file_ref idref="fl-ee"/>
      </object_component>
      <object_component id="oc-227">
         <name>.text.frexp</name>
         <load_address>0x2dd0</load_address>
         <readonly>true</readonly>
         <executable>true</executable>
         <run_address>0x2dd0</run_address>
         <size>0x5c</size>
         <alignment>0x4</alignment>
         <input_file_ref idref="fl-33"/>
      </object_component>
      <object_component id="oc-ba">
         <name>.text.printf</name>
         <load_address>0x2e2c</load_address>
         <readonly>true</readonly>
         <executable>true</executable>
         <run_address>0x2e2c</run_address>
         <size>0x5c</size>
         <alignment>0x4</alignment>
         <input_file_ref idref="fl-2c"/>
      </object_component>
      <object_component id="oc-25a">
         <name>.text.HOSTread</name>
         <load_address>0x2e88</load_address>
         <readonly>true</readonly>
         <executable>true</executable>
         <run_address>0x2e88</run_address>
         <size>0x58</size>
         <alignment>0x4</alignment>
         <input_file_ref idref="fl-ef"/>
      </object_component>
      <object_component id="oc-25e">
         <name>.text.HOSTwrite</name>
         <load_address>0x2ee0</load_address>
         <readonly>true</readonly>
         <executable>true</executable>
         <run_address>0x2ee0</run_address>
         <size>0x58</size>
         <alignment>0x4</alignment>
         <input_file_ref idref="fl-f2"/>
      </object_component>
      <object_component id="oc-22f">
         <name>.text.__TI_ltoa</name>
         <load_address>0x2f38</load_address>
         <readonly>true</readonly>
         <executable>true</executable>
         <run_address>0x2f38</run_address>
         <size>0x58</size>
         <alignment>0x2</alignment>
         <input_file_ref idref="fl-38"/>
      </object_component>
      <object_component id="oc-1f2">
         <name>.text._pconv_f</name>
         <load_address>0x2f90</load_address>
         <readonly>true</readonly>
         <executable>true</executable>
         <run_address>0x2f90</run_address>
         <size>0x58</size>
         <alignment>0x2</alignment>
         <input_file_ref idref="fl-2d"/>
      </object_component>
      <object_component id="oc-27d">
         <name>.text.__aeabi_idivmod</name>
         <load_address>0x2fe8</load_address>
         <readonly>true</readonly>
         <executable>true</executable>
         <run_address>0x2fe8</run_address>
         <size>0x56</size>
         <alignment>0x4</alignment>
         <input_file_ref idref="fl-fe"/>
      </object_component>
      <object_component id="oc-13f">
         <name>.text.__TI_doflush</name>
         <load_address>0x303e</load_address>
         <readonly>true</readonly>
         <executable>true</executable>
         <run_address>0x303e</run_address>
         <size>0x52</size>
         <alignment>0x2</alignment>
         <input_file_ref idref="fl-48"/>
      </object_component>
      <object_component id="oc-239">
         <name>.text._ecpy</name>
         <load_address>0x3090</load_address>
         <readonly>true</readonly>
         <executable>true</executable>
         <run_address>0x3090</run_address>
         <size>0x52</size>
         <alignment>0x2</alignment>
         <input_file_ref idref="fl-2d"/>
      </object_component>
      <object_component id="oc-273">
         <name>.text.__aeabi_ldiv0</name>
         <load_address>0x30e2</load_address>
         <readonly>true</readonly>
         <executable>true</executable>
         <run_address>0x30e2</run_address>
         <size>0x2</size>
         <alignment>0x2</alignment>
         <input_file_ref idref="fl-106"/>
      </object_component>
      <object_component id="oc-28b">
         <name>.text.close</name>
         <load_address>0x30e4</load_address>
         <readonly>true</readonly>
         <executable>true</executable>
         <run_address>0x30e4</run_address>
         <size>0x50</size>
         <alignment>0x4</alignment>
         <input_file_ref idref="fl-ea"/>
      </object_component>
      <object_component id="oc-a7">
         <name>.text.Contrl_Pwm</name>
         <load_address>0x3134</load_address>
         <readonly>true</readonly>
         <executable>true</executable>
         <run_address>0x3134</run_address>
         <size>0x4c</size>
         <alignment>0x4</alignment>
         <input_file_ref idref="fl-4"/>
      </object_component>
      <object_component id="oc-ff">
         <name>.text.Contrl_Speed</name>
         <load_address>0x3180</load_address>
         <readonly>true</readonly>
         <executable>true</executable>
         <run_address>0x3180</run_address>
         <size>0x4c</size>
         <alignment>0x4</alignment>
         <input_file_ref idref="fl-4"/>
      </object_component>
      <object_component id="oc-22b">
         <name>.text.__fixdfsi</name>
         <load_address>0x31cc</load_address>
         <readonly>true</readonly>
         <executable>true</executable>
         <run_address>0x31cc</run_address>
         <size>0x4a</size>
         <alignment>0x4</alignment>
         <input_file_ref idref="fl-f9"/>
      </object_component>
      <object_component id="oc-185">
         <name>.text._nop</name>
         <load_address>0x3216</load_address>
         <readonly>true</readonly>
         <executable>true</executable>
         <run_address>0x3216</run_address>
         <size>0x2</size>
         <alignment>0x2</alignment>
         <input_file_ref idref="fl-37"/>
      </object_component>
      <object_component id="oc-1a2">
         <name>.text.DL_UART_init</name>
         <load_address>0x3218</load_address>
         <readonly>true</readonly>
         <executable>true</executable>
         <run_address>0x3218</run_address>
         <size>0x48</size>
         <alignment>0x4</alignment>
         <input_file_ref idref="fl-17"/>
      </object_component>
      <object_component id="oc-256">
         <name>.text.HOSTclose</name>
         <load_address>0x3260</load_address>
         <readonly>true</readonly>
         <executable>true</executable>
         <run_address>0x3260</run_address>
         <size>0x48</size>
         <alignment>0x4</alignment>
         <input_file_ref idref="fl-ec"/>
      </object_component>
      <object_component id="oc-266">
         <name>.text.HOSTunlink</name>
         <load_address>0x32a8</load_address>
         <readonly>true</readonly>
         <executable>true</executable>
         <run_address>0x32a8</run_address>
         <size>0x48</size>
         <alignment>0x4</alignment>
         <input_file_ref idref="fl-f1"/>
      </object_component>
      <object_component id="oc-12a">
         <name>.text.SYSCFG_DL_initPower</name>
         <load_address>0x32f0</load_address>
         <readonly>true</readonly>
         <executable>true</executable>
         <run_address>0x32f0</run_address>
         <size>0x48</size>
         <alignment>0x4</alignment>
         <input_file_ref idref="fl-2"/>
      </object_component>
      <object_component id="oc-ae">
         <name>.text.send_upload_data</name>
         <load_address>0x3338</load_address>
         <readonly>true</readonly>
         <executable>true</executable>
         <run_address>0x3338</run_address>
         <size>0x48</size>
         <alignment>0x4</alignment>
         <input_file_ref idref="fl-4"/>
      </object_component>
      <object_component id="oc-101">
         <name>.text.strtok</name>
         <load_address>0x3380</load_address>
         <readonly>true</readonly>
         <executable>true</executable>
         <run_address>0x3380</run_address>
         <size>0x48</size>
         <alignment>0x4</alignment>
         <input_file_ref idref="fl-3f"/>
      </object_component>
      <object_component id="oc-3a">
         <name>.text.UART0_IRQHandler</name>
         <load_address>0x33c8</load_address>
         <readonly>true</readonly>
         <executable>true</executable>
         <run_address>0x33c8</run_address>
         <size>0x44</size>
         <alignment>0x4</alignment>
         <input_file_ref idref="fl-7"/>
      </object_component>
      <object_component id="oc-b2">
         <name>.text.send_wheel_diameter</name>
         <load_address>0x340c</load_address>
         <readonly>true</readonly>
         <executable>true</executable>
         <run_address>0x340c</run_address>
         <size>0x44</size>
         <alignment>0x4</alignment>
         <input_file_ref idref="fl-4"/>
      </object_component>
      <object_component id="oc-1dd">
         <name>.text.__aeabi_uidivmod</name>
         <load_address>0x3450</load_address>
         <readonly>true</readonly>
         <executable>true</executable>
         <run_address>0x3450</run_address>
         <size>0x40</size>
         <alignment>0x4</alignment>
         <input_file_ref idref="fl-101"/>
      </object_component>
      <object_component id="oc-b6">
         <name>.text.__extendsfdf2</name>
         <load_address>0x3490</load_address>
         <readonly>true</readonly>
         <executable>true</executable>
         <run_address>0x3490</run_address>
         <size>0x40</size>
         <alignment>0x4</alignment>
         <input_file_ref idref="fl-f8"/>
      </object_component>
      <object_component id="oc-105">
         <name>.text.atoi</name>
         <load_address>0x34d0</load_address>
         <readonly>true</readonly>
         <executable>true</executable>
         <run_address>0x34d0</run_address>
         <size>0x40</size>
         <alignment>0x4</alignment>
         <input_file_ref idref="fl-3a"/>
      </object_component>
      <object_component id="oc-a8">
         <name>.text.delay_ms</name>
         <load_address>0x3510</load_address>
         <readonly>true</readonly>
         <executable>true</executable>
         <run_address>0x3510</run_address>
         <size>0x40</size>
         <alignment>0x4</alignment>
         <input_file_ref idref="fl-6"/>
      </object_component>
      <object_component id="oc-b3">
         <name>.text.send_motor_deadzone</name>
         <load_address>0x3550</load_address>
         <readonly>true</readonly>
         <executable>true</executable>
         <run_address>0x3550</run_address>
         <size>0x40</size>
         <alignment>0x4</alignment>
         <input_file_ref idref="fl-4"/>
      </object_component>
      <object_component id="oc-af">
         <name>.text.send_motor_type</name>
         <load_address>0x3590</load_address>
         <readonly>true</readonly>
         <executable>true</executable>
         <run_address>0x3590</run_address>
         <size>0x40</size>
         <alignment>0x4</alignment>
         <input_file_ref idref="fl-4"/>
      </object_component>
      <object_component id="oc-b1">
         <name>.text.send_pulse_line</name>
         <load_address>0x35d0</load_address>
         <readonly>true</readonly>
         <executable>true</executable>
         <run_address>0x35d0</run_address>
         <size>0x40</size>
         <alignment>0x4</alignment>
         <input_file_ref idref="fl-4"/>
      </object_component>
      <object_component id="oc-b0">
         <name>.text.send_pulse_phase</name>
         <load_address>0x3610</load_address>
         <readonly>true</readonly>
         <executable>true</executable>
         <run_address>0x3610</run_address>
         <size>0x40</size>
         <alignment>0x4</alignment>
         <input_file_ref idref="fl-4"/>
      </object_component>
      <object_component id="oc-12c">
         <name>.text.SYSCFG_DL_SYSCTL_init</name>
         <load_address>0x3650</load_address>
         <readonly>true</readonly>
         <executable>true</executable>
         <run_address>0x3650</run_address>
         <size>0x3c</size>
         <alignment>0x4</alignment>
         <input_file_ref idref="fl-2"/>
      </object_component>
      <object_component id="oc-ca">
         <name>.text:__TI_auto_init_nobinit_nopinit</name>
         <load_address>0x368c</load_address>
         <readonly>true</readonly>
         <executable>true</executable>
         <run_address>0x368c</run_address>
         <size>0x3c</size>
         <alignment>0x4</alignment>
         <input_file_ref idref="fl-42"/>
      </object_component>
      <object_component id="oc-1c0">
         <name>.text.__muldsi3</name>
         <load_address>0x36c8</load_address>
         <readonly>true</readonly>
         <executable>true</executable>
         <run_address>0x36c8</run_address>
         <size>0x3a</size>
         <alignment>0x4</alignment>
         <input_file_ref idref="fl-f6"/>
      </object_component>
      <object_component id="oc-12e">
         <name>.text.SYSCFG_DL_TIMER_0_init</name>
         <load_address>0x3704</load_address>
         <readonly>true</readonly>
         <executable>true</executable>
         <run_address>0x3704</run_address>
         <size>0x38</size>
         <alignment>0x4</alignment>
         <input_file_ref idref="fl-2"/>
      </object_component>
      <object_component id="oc-ee">
         <name>.text.sprintf</name>
         <load_address>0x373c</load_address>
         <readonly>true</readonly>
         <executable>true</executable>
         <run_address>0x373c</run_address>
         <size>0x38</size>
         <alignment>0x4</alignment>
         <input_file_ref idref="fl-2e"/>
      </object_component>
      <object_component id="oc-205">
         <name>.text.__TI_cleanup</name>
         <load_address>0x3774</load_address>
         <readonly>true</readonly>
         <executable>true</executable>
         <run_address>0x3774</run_address>
         <size>0x34</size>
         <alignment>0x4</alignment>
         <input_file_ref idref="fl-49"/>
      </object_component>
      <object_component id="oc-29c">
         <name>.text.__TI_readmsg</name>
         <load_address>0x37a8</load_address>
         <readonly>true</readonly>
         <executable>true</executable>
         <run_address>0x37a8</run_address>
         <size>0x34</size>
         <alignment>0x4</alignment>
         <input_file_ref idref="fl-f3"/>
      </object_component>
      <object_component id="oc-296">
         <name>.text.__TI_writemsg</name>
         <load_address>0x37dc</load_address>
         <readonly>true</readonly>
         <executable>true</executable>
         <run_address>0x37dc</run_address>
         <size>0x34</size>
         <alignment>0x4</alignment>
         <input_file_ref idref="fl-f3"/>
      </object_component>
      <object_component id="oc-c8">
         <name>.text.exit</name>
         <load_address>0x3810</load_address>
         <readonly>true</readonly>
         <executable>true</executable>
         <run_address>0x3810</run_address>
         <size>0x34</size>
         <alignment>0x4</alignment>
         <input_file_ref idref="fl-36"/>
      </object_component>
      <object_component id="oc-2cc">
         <name>.text.finddevice</name>
         <load_address>0x3844</load_address>
         <readonly>true</readonly>
         <executable>true</executable>
         <run_address>0x3844</run_address>
         <size>0x34</size>
         <alignment>0x4</alignment>
         <input_file_ref idref="fl-107"/>
      </object_component>
      <object_component id="oc-23a">
         <name>.text._fcpy</name>
         <load_address>0x3878</load_address>
         <readonly>true</readonly>
         <executable>true</executable>
         <run_address>0x3878</run_address>
         <size>0x30</size>
         <alignment>0x2</alignment>
         <input_file_ref idref="fl-2d"/>
      </object_component>
      <object_component id="oc-e3">
         <name>.text.SYSCFG_DL_init</name>
         <load_address>0x38a8</load_address>
         <readonly>true</readonly>
         <executable>true</executable>
         <run_address>0x38a8</run_address>
         <size>0x2c</size>
         <alignment>0x4</alignment>
         <input_file_ref idref="fl-2"/>
      </object_component>
      <object_component id="oc-233">
         <name>.text.__floatsidf</name>
         <load_address>0x38d4</load_address>
         <readonly>true</readonly>
         <executable>true</executable>
         <run_address>0x38d4</run_address>
         <size>0x2c</size>
         <alignment>0x4</alignment>
         <input_file_ref idref="fl-fa"/>
      </object_component>
      <object_component id="oc-2b9">
         <name>.text.unlink</name>
         <load_address>0x3900</load_address>
         <readonly>true</readonly>
         <executable>true</executable>
         <run_address>0x3900</run_address>
         <size>0x2c</size>
         <alignment>0x4</alignment>
         <input_file_ref idref="fl-eb"/>
      </object_component>
      <object_component id="oc-244">
         <name>.text.free_list_insert</name>
         <load_address>0x392c</load_address>
         <readonly>true</readonly>
         <executable>true</executable>
         <run_address>0x392c</run_address>
         <size>0x28</size>
         <alignment>0x4</alignment>
         <input_file_ref idref="fl-3d"/>
      </object_component>
      <object_component id="oc-23e">
         <name>.text.lseek</name>
         <load_address>0x3954</load_address>
         <readonly>true</readonly>
         <executable>true</executable>
         <run_address>0x3954</run_address>
         <size>0x28</size>
         <alignment>0x4</alignment>
         <input_file_ref idref="fl-e9"/>
      </object_component>
      <object_component id="oc-13b">
         <name>.text.write</name>
         <load_address>0x397c</load_address>
         <readonly>true</readonly>
         <executable>true</executable>
         <run_address>0x397c</run_address>
         <size>0x28</size>
         <alignment>0x4</alignment>
         <input_file_ref idref="fl-e5"/>
      </object_component>
      <object_component id="oc-60">
         <name>.text:_c_int00_noargs</name>
         <load_address>0x39a4</load_address>
         <readonly>true</readonly>
         <executable>true</executable>
         <run_address>0x39a4</run_address>
         <size>0x28</size>
         <alignment>0x4</alignment>
         <input_file_ref idref="fl-40"/>
      </object_component>
      <object_component id="oc-14d">
         <name>.text.strspn</name>
         <load_address>0x39cc</load_address>
         <readonly>true</readonly>
         <executable>true</executable>
         <run_address>0x39cc</run_address>
         <size>0x26</size>
         <alignment>0x2</alignment>
         <input_file_ref idref="fl-4e"/>
      </object_component>
      <object_component id="oc-a0">
         <name>.text.USART_Init</name>
         <load_address>0x39f4</load_address>
         <readonly>true</readonly>
         <executable>true</executable>
         <run_address>0x39f4</run_address>
         <size>0x24</size>
         <alignment>0x4</alignment>
         <input_file_ref idref="fl-7"/>
      </object_component>
      <object_component id="oc-1e7">
         <name>.text.__muldi3</name>
         <load_address>0x3a18</load_address>
         <readonly>true</readonly>
         <executable>true</executable>
         <run_address>0x3a18</run_address>
         <size>0x24</size>
         <alignment>0x4</alignment>
         <input_file_ref idref="fl-fb"/>
      </object_component>
      <object_component id="oc-a1">
         <name>.text.puts</name>
         <load_address>0x3a3c</load_address>
         <readonly>true</readonly>
         <executable>true</executable>
         <run_address>0x3a3c</run_address>
         <size>0x24</size>
         <alignment>0x4</alignment>
         <input_file_ref idref="fl-2f"/>
      </object_component>
      <object_component id="oc-151">
         <name>.text.strcspn</name>
         <load_address>0x3a60</load_address>
         <readonly>true</readonly>
         <executable>true</executable>
         <run_address>0x3a60</run_address>
         <size>0x24</size>
         <alignment>0x2</alignment>
         <input_file_ref idref="fl-4d"/>
      </object_component>
      <object_component id="oc-1d8">
         <name>.text.memccpy</name>
         <load_address>0x3a84</load_address>
         <readonly>true</readonly>
         <executable>true</executable>
         <run_address>0x3a84</run_address>
         <size>0x22</size>
         <alignment>0x2</alignment>
         <input_file_ref idref="fl-3c"/>
      </object_component>
      <object_component id="oc-34">
         <name>.text.UART1_IRQHandler</name>
         <load_address>0x3aa8</load_address>
         <readonly>true</readonly>
         <executable>true</executable>
         <run_address>0x3aa8</run_address>
         <size>0x20</size>
         <alignment>0x4</alignment>
         <input_file_ref idref="fl-5"/>
      </object_component>
      <object_component id="oc-18b">
         <name>.text.fputc</name>
         <load_address>0x3ac8</load_address>
         <readonly>true</readonly>
         <executable>true</executable>
         <run_address>0x3ac8</run_address>
         <size>0x20</size>
         <alignment>0x4</alignment>
         <input_file_ref idref="fl-7"/>
      </object_component>
      <object_component id="oc-274">
         <name>.text.__ashldi3</name>
         <load_address>0x3ae8</load_address>
         <readonly>true</readonly>
         <executable>true</executable>
         <run_address>0x3ae8</run_address>
         <size>0x1e</size>
         <alignment>0x4</alignment>
         <input_file_ref idref="fl-104"/>
      </object_component>
      <object_component id="oc-193">
         <name>.text.DL_Timer_setClockConfig</name>
         <load_address>0x3b08</load_address>
         <readonly>true</readonly>
         <executable>true</executable>
         <run_address>0x3b08</run_address>
         <size>0x1c</size>
         <alignment>0x4</alignment>
         <input_file_ref idref="fl-16"/>
      </object_component>
      <object_component id="oc-131">
         <name>.text.SYSCFG_DL_SYSTICK_init</name>
         <load_address>0x3b24</load_address>
         <readonly>true</readonly>
         <executable>true</executable>
         <run_address>0x3b24</run_address>
         <size>0x1c</size>
         <alignment>0x4</alignment>
         <input_file_ref idref="fl-2"/>
      </object_component>
      <object_component id="oc-40">
         <name>.text.TIMA0_IRQHandler</name>
         <load_address>0x3b40</load_address>
         <readonly>true</readonly>
         <executable>true</executable>
         <run_address>0x3b40</run_address>
         <size>0x1c</size>
         <alignment>0x4</alignment>
         <input_file_ref idref="fl-1"/>
      </object_component>
      <object_component id="oc-242">
         <name>.text.free_list_remove</name>
         <load_address>0x3b5c</load_address>
         <readonly>true</readonly>
         <executable>true</executable>
         <run_address>0x3b5c</run_address>
         <size>0x1c</size>
         <alignment>0x4</alignment>
         <input_file_ref idref="fl-3d"/>
      </object_component>
      <object_component id="oc-12b">
         <name>.text.SYSCFG_DL_GPIO_init</name>
         <load_address>0x3b78</load_address>
         <readonly>true</readonly>
         <executable>true</executable>
         <run_address>0x3b78</run_address>
         <size>0x18</size>
         <alignment>0x4</alignment>
         <input_file_ref idref="fl-2"/>
      </object_component>
      <object_component id="oc-148">
         <name>.text._outs</name>
         <load_address>0x3b90</load_address>
         <readonly>true</readonly>
         <executable>true</executable>
         <run_address>0x3b90</run_address>
         <size>0x18</size>
         <alignment>0x2</alignment>
         <input_file_ref idref="fl-2e"/>
      </object_component>
      <object_component id="oc-1ec">
         <name>.text.__aeabi_uldivmod</name>
         <load_address>0x3ba8</load_address>
         <readonly>true</readonly>
         <executable>true</executable>
         <run_address>0x3ba8</run_address>
         <size>0x14</size>
         <alignment>0x4</alignment>
         <input_file_ref idref="fl-102"/>
      </object_component>
      <object_component id="oc-238">
         <name>.text.strchr</name>
         <load_address>0x3bbc</load_address>
         <readonly>true</readonly>
         <executable>true</executable>
         <run_address>0x3bbc</run_address>
         <size>0x14</size>
         <alignment>0x2</alignment>
         <input_file_ref idref="fl-2d"/>
      </object_component>
      <object_component id="oc-19c">
         <name>.text.DL_UART_setClockConfig</name>
         <load_address>0x3bd0</load_address>
         <readonly>true</readonly>
         <executable>true</executable>
         <run_address>0x3bd0</run_address>
         <size>0x12</size>
         <alignment>0x2</alignment>
         <input_file_ref idref="fl-17"/>
      </object_component>
      <object_component id="oc-20">
         <name>.text:decompress:none</name>
         <load_address>0x3be2</load_address>
         <readonly>true</readonly>
         <executable>true</executable>
         <run_address>0x3be2</run_address>
         <size>0x12</size>
         <alignment>0x2</alignment>
         <input_file_ref idref="fl-46"/>
      </object_component>
      <object_component id="oc-1e3">
         <name>.text.wcslen</name>
         <load_address>0x3bf4</load_address>
         <readonly>true</readonly>
         <executable>true</executable>
         <run_address>0x3bf4</run_address>
         <size>0x10</size>
         <alignment>0x2</alignment>
         <input_file_ref idref="fl-32"/>
      </object_component>
      <object_component id="oc-5d">
         <name>.text:decompress:ZI</name>
         <load_address>0x3c04</load_address>
         <readonly>true</readonly>
         <executable>true</executable>
         <run_address>0x3c04</run_address>
         <size>0x10</size>
         <alignment>0x2</alignment>
         <input_file_ref idref="fl-45"/>
      </object_component>
      <object_component id="oc-243">
         <name>.text.OUTLINED_FUNCTION_0</name>
         <load_address>0x3c14</load_address>
         <readonly>true</readonly>
         <executable>true</executable>
         <run_address>0x3c14</run_address>
         <size>0xe</size>
         <alignment>0x2</alignment>
         <input_file_ref idref="fl-3d"/>
      </object_component>
      <object_component id="oc-1d7">
         <name>.text.__aeabi_memset</name>
         <load_address>0x3c24</load_address>
         <readonly>true</readonly>
         <executable>true</executable>
         <run_address>0x3c24</run_address>
         <size>0xe</size>
         <alignment>0x4</alignment>
         <input_file_ref idref="fl-100"/>
      </object_component>
      <object_component id="oc-2b0">
         <name>.text.strcpy</name>
         <load_address>0x3c32</load_address>
         <readonly>true</readonly>
         <executable>true</executable>
         <run_address>0x3c32</run_address>
         <size>0xe</size>
         <alignment>0x2</alignment>
         <input_file_ref idref="fl-f0"/>
      </object_component>
      <object_component id="oc-1d6">
         <name>.text.strlen</name>
         <load_address>0x3c40</load_address>
         <readonly>true</readonly>
         <executable>true</executable>
         <run_address>0x3c40</run_address>
         <size>0xe</size>
         <alignment>0x2</alignment>
         <input_file_ref idref="fl-2d"/>
      </object_component>
      <object_component id="oc-2b1">
         <name>.text.strlen</name>
         <load_address>0x3c4e</load_address>
         <readonly>true</readonly>
         <executable>true</executable>
         <run_address>0x3c4e</run_address>
         <size>0xe</size>
         <alignment>0x2</alignment>
         <input_file_ref idref="fl-f0"/>
      </object_component>
      <object_component id="oc-7b">
         <name>.text.__aeabi_memclr</name>
         <load_address>0x3c5c</load_address>
         <readonly>true</readonly>
         <executable>true</executable>
         <run_address>0x3c5c</run_address>
         <size>0xc</size>
         <alignment>0x4</alignment>
         <input_file_ref idref="fl-100"/>
      </object_component>
      <object_component id="oc-204">
         <name>.text.malloc</name>
         <load_address>0x3c68</load_address>
         <readonly>true</readonly>
         <executable>true</executable>
         <run_address>0x3c68</run_address>
         <size>0xc</size>
         <alignment>0x2</alignment>
         <input_file_ref idref="fl-3d"/>
      </object_component>
      <object_component id="oc-18f">
         <name>.text.DL_Common_delayCycles</name>
         <load_address>0x3c74</load_address>
         <readonly>true</readonly>
         <executable>true</executable>
         <run_address>0x3c74</run_address>
         <size>0xa</size>
         <alignment>0x2</alignment>
         <input_file_ref idref="fl-15"/>
      </object_component>
      <object_component id="oc-237">
         <name>.text.OUTLINED_FUNCTION_0</name>
         <load_address>0x3c7e</load_address>
         <readonly>true</readonly>
         <executable>true</executable>
         <run_address>0x3c7e</run_address>
         <size>0xa</size>
         <alignment>0x2</alignment>
         <input_file_ref idref="fl-2d"/>
      </object_component>
      <object_component id="oc-31c">
         <name>.tramp.__aeabi_dsub.1</name>
         <load_address>0x3c88</load_address>
         <readonly>true</readonly>
         <executable>true</executable>
         <run_address>0x3c88</run_address>
         <size>0x10</size>
         <alignment>0x4</alignment>
         <input_file_ref idref="fl-f4"/>
      </object_component>
      <object_component id="oc-23d">
         <name>.text.OUTLINED_FUNCTION_1</name>
         <load_address>0x3c98</load_address>
         <readonly>true</readonly>
         <executable>true</executable>
         <run_address>0x3c98</run_address>
         <size>0xa</size>
         <alignment>0x2</alignment>
         <input_file_ref idref="fl-2d"/>
      </object_component>
      <object_component id="oc-149">
         <name>.text._outc</name>
         <load_address>0x3ca2</load_address>
         <readonly>true</readonly>
         <executable>true</executable>
         <run_address>0x3ca2</run_address>
         <size>0xa</size>
         <alignment>0x2</alignment>
         <input_file_ref idref="fl-2e"/>
      </object_component>
      <object_component id="oc-16b">
         <name>.text.__aeabi_errno_addr</name>
         <load_address>0x3cac</load_address>
         <readonly>true</readonly>
         <executable>true</executable>
         <run_address>0x3cac</run_address>
         <size>0x8</size>
         <alignment>0x4</alignment>
         <input_file_ref idref="fl-35"/>
      </object_component>
      <object_component id="oc-50">
         <name>.text.__aeabi_memcpy</name>
         <load_address>0x3cb4</load_address>
         <readonly>true</readonly>
         <executable>true</executable>
         <run_address>0x3cb4</run_address>
         <size>0x8</size>
         <alignment>0x4</alignment>
         <input_file_ref idref="fl-ff"/>
      </object_component>
      <object_component id="oc-11c">
         <name>.text._outc</name>
         <load_address>0x3cbc</load_address>
         <readonly>true</readonly>
         <executable>true</executable>
         <run_address>0x3cbc</run_address>
         <size>0x8</size>
         <alignment>0x2</alignment>
         <input_file_ref idref="fl-2c"/>
      </object_component>
      <object_component id="oc-11b">
         <name>.text._outs</name>
         <load_address>0x3cc4</load_address>
         <readonly>true</readonly>
         <executable>true</executable>
         <run_address>0x3cc4</run_address>
         <size>0x8</size>
         <alignment>0x2</alignment>
         <input_file_ref idref="fl-2c"/>
      </object_component>
      <object_component id="oc-1a7">
         <name>.text.fseek</name>
         <load_address>0x3ccc</load_address>
         <readonly>true</readonly>
         <executable>true</executable>
         <run_address>0x3ccc</run_address>
         <size>0x8</size>
         <alignment>0x2</alignment>
         <input_file_ref idref="fl-4a"/>
      </object_component>
      <object_component id="oc-28f">
         <name>.text.remove</name>
         <load_address>0x3cd4</load_address>
         <readonly>true</readonly>
         <executable>true</executable>
         <run_address>0x3cd4</run_address>
         <size>0x8</size>
         <alignment>0x2</alignment>
         <input_file_ref idref="fl-e7"/>
      </object_component>
      <object_component id="oc-2f">
         <name>.text.Reset_Handler</name>
         <load_address>0x3cdc</load_address>
         <readonly>true</readonly>
         <executable>true</executable>
         <run_address>0x3cdc</run_address>
         <size>0x4</size>
         <alignment>0x2</alignment>
         <input_file_ref idref="fl-3"/>
      </object_component>
      <object_component id="oc-80">
         <name>.text._system_pre_init</name>
         <load_address>0x3ce0</load_address>
         <readonly>true</readonly>
         <executable>true</executable>
         <run_address>0x3ce0</run_address>
         <size>0x4</size>
         <alignment>0x2</alignment>
         <input_file_ref idref="fl-43"/>
      </object_component>
      <object_component id="oc-c3">
         <name>.text:abort</name>
         <load_address>0x3ce4</load_address>
         <readonly>true</readonly>
         <executable>true</executable>
         <run_address>0x3ce4</run_address>
         <size>0x4</size>
         <alignment>0x2</alignment>
         <input_file_ref idref="fl-36"/>
      </object_component>
      <object_component id="oc-317">
         <name>.cinit..data.load</name>
         <load_address>0x3fc0</load_address>
         <readonly>true</readonly>
         <run_address>0x3fc0</run_address>
         <size>0x64</size>
         <alignment>0x1</alignment>
      </object_component>
      <object_component id="oc-315">
         <name>__TI_handler_table</name>
         <load_address>0x4024</load_address>
         <readonly>true</readonly>
         <run_address>0x4024</run_address>
         <size>0xc</size>
         <alignment>0x4</alignment>
      </object_component>
      <object_component id="oc-318">
         <name>.cinit..bss.load</name>
         <load_address>0x4030</load_address>
         <readonly>true</readonly>
         <run_address>0x4030</run_address>
         <size>0x8</size>
         <alignment>0x4</alignment>
      </object_component>
      <object_component id="oc-316">
         <name>__TI_cinit_table</name>
         <load_address>0x4038</load_address>
         <readonly>true</readonly>
         <run_address>0x4038</run_address>
         <size>0x10</size>
         <alignment>0x4</alignment>
      </object_component>
      <object_component id="oc-159">
         <name>.rodata:__aeabi_ctype_table_</name>
         <load_address>0x3cf0</load_address>
         <readonly>true</readonly>
         <run_address>0x3cf0</run_address>
         <size>0x101</size>
         <alignment>0x10</alignment>
         <input_file_ref idref="fl-4b"/>
      </object_component>
      <object_component id="oc-19a">
         <name>.rodata.gTIMER_0ClockConfig</name>
         <load_address>0x3df1</load_address>
         <readonly>true</readonly>
         <run_address>0x3df1</run_address>
         <size>0x3</size>
         <alignment>0x1</alignment>
         <input_file_ref idref="fl-2"/>
      </object_component>
      <object_component id="oc-114">
         <name>.rodata.str1.38835746890475915111</name>
         <load_address>0x3df4</load_address>
         <readonly>true</readonly>
         <run_address>0x3df4</run_address>
         <size>0x3</size>
         <alignment>0x1</alignment>
         <input_file_ref idref="fl-4"/>
      </object_component>
      <object_component id="oc-178">
         <name>.rodata.digits</name>
         <load_address>0x3df8</load_address>
         <readonly>true</readonly>
         <run_address>0x3df8</run_address>
         <size>0x80</size>
         <alignment>0x8</alignment>
         <input_file_ref idref="fl-3e"/>
      </object_component>
      <object_component id="oc-179">
         <name>.rodata.powerof10</name>
         <load_address>0x3e78</load_address>
         <readonly>true</readonly>
         <run_address>0x3e78</run_address>
         <size>0x48</size>
         <alignment>0x8</alignment>
         <input_file_ref idref="fl-3e"/>
      </object_component>
      <object_component id="oc-c2">
         <name>.rodata.str1.100506750686581518081</name>
         <load_address>0x3ec0</load_address>
         <readonly>true</readonly>
         <run_address>0x3ec0</run_address>
         <size>0x22</size>
         <alignment>0x1</alignment>
         <input_file_ref idref="fl-1"/>
      </object_component>
      <object_component id="oc-1a3">
         <name>.rodata.gUART_0ClockConfig</name>
         <load_address>0x3ee2</load_address>
         <readonly>true</readonly>
         <run_address>0x3ee2</run_address>
         <size>0x2</size>
         <alignment>0x1</alignment>
         <input_file_ref idref="fl-2"/>
      </object_component>
      <object_component id="oc-19b">
         <name>.rodata.gTIMER_0TimerConfig</name>
         <load_address>0x3ee4</load_address>
         <readonly>true</readonly>
         <run_address>0x3ee4</run_address>
         <size>0x14</size>
         <alignment>0x4</alignment>
         <input_file_ref idref="fl-2"/>
      </object_component>
      <object_component id="oc-f6">
         <name>.rodata.str1.151009922404568866841</name>
         <load_address>0x3ef8</load_address>
         <readonly>true</readonly>
         <run_address>0x3ef8</run_address>
         <size>0x12</size>
         <alignment>0x1</alignment>
         <input_file_ref idref="fl-4"/>
      </object_component>
      <object_component id="oc-14c">
         <name>.rodata.str1.177430081765570553101</name>
         <load_address>0x3f0a</load_address>
         <readonly>true</readonly>
         <run_address>0x3f0a</run_address>
         <size>0x12</size>
         <alignment>0x1</alignment>
         <input_file_ref idref="fl-4"/>
      </object_component>
      <object_component id="oc-f9">
         <name>.rodata.str1.2691616975900509361</name>
         <load_address>0x3f1c</load_address>
         <readonly>true</readonly>
         <run_address>0x3f1c</run_address>
         <size>0x12</size>
         <alignment>0x1</alignment>
         <input_file_ref idref="fl-4"/>
      </object_component>
      <object_component id="oc-1eb">
         <name>.rodata.str1.103488685894817597201</name>
         <load_address>0x3f2e</load_address>
         <readonly>true</readonly>
         <run_address>0x3f2e</run_address>
         <size>0x11</size>
         <alignment>0x1</alignment>
         <input_file_ref idref="fl-2d"/>
      </object_component>
      <object_component id="oc-1dc">
         <name>.rodata.str1.153638888446227384661</name>
         <load_address>0x3f3f</load_address>
         <readonly>true</readonly>
         <run_address>0x3f3f</run_address>
         <size>0x11</size>
         <alignment>0x1</alignment>
         <input_file_ref idref="fl-2d"/>
      </object_component>
      <object_component id="oc-fd">
         <name>.rodata.str1.19366273577901094251</name>
         <load_address>0x3f50</load_address>
         <readonly>true</readonly>
         <run_address>0x3f50</run_address>
         <size>0x11</size>
[...]
      </symbol>
      <symbol id="sm-1c9">
         <name>puts</name>
         <value>0x3a3d</value>
         <object_component_ref idref="oc-a1"/>
      </symbol>
      <symbol id="sm-1ca">
         <name>fputs</name>
         <value>0x1db5</value>
         <object_component_ref idref="oc-e8"/>
      </symbol>
      <symbol id="sm-1d4">
         <name>__TI_wrt_ok</name>
         <value>0x2b83</value>
         <object_component_ref idref="oc-135"/>
      </symbol>
      <symbol id="sm-1de">
         <name>setvbuf</name>
         <value>0x2245</value>
         <object_component_ref idref="oc-1ad"/>
      </symbol>
      <symbol id="sm-1e7">
         <name>wcslen</name>
         <value>0x3bf5</value>
         <object_component_ref idref="oc-1e3"/>
      </symbol>
      <symbol id="sm-1f1">
         <name>frexp</name>
         <value>0x2dd1</value>
         <object_component_ref idref="oc-227"/>
      </symbol>
      <symbol id="sm-1f2">
         <name>frexpl</name>
         <value>0x2dd1</value>
         <object_component_ref idref="oc-227"/>
      </symbol>
      <symbol id="sm-1fc">
         <name>scalbn</name>
         <value>0x2325</value>
         <object_component_ref idref="oc-170"/>
      </symbol>
      <symbol id="sm-1fd">
         <name>ldexp</name>
         <value>0x2325</value>
         <object_component_ref idref="oc-170"/>
      </symbol>
      <symbol id="sm-1fe">
         <name>scalbnl</name>
         <value>0x2325</value>
         <object_component_ref idref="oc-170"/>
      </symbol>
      <symbol id="sm-1ff">
         <name>ldexpl</name>
         <value>0x2325</value>
         <object_component_ref idref="oc-170"/>
      </symbol>
      <symbol id="sm-20a">
         <name>__aeabi_errno_addr</name>
         <value>0x3cad</value>
         <object_component_ref idref="oc-16b"/>
      </symbol>
      <symbol id="sm-20b">
         <name>__aeabi_errno</name>
         <value>0x20201030</value>
         <object_component_ref idref="oc-1ce"/>
      </symbol>
      <symbol id="sm-219">
         <name>abort</name>
         <value>0x3ce5</value>
         <object_component_ref idref="oc-c3"/>
      </symbol>
      <symbol id="sm-21a">
         <name>C$$EXIT</name>
         <value>0x3ce4</value>
         <object_component_ref idref="oc-c3"/>
      </symbol>
      <symbol id="sm-21b">
         <name>__TI_cleanup_ptr</name>
         <value>0x20201024</value>
         <object_component_ref idref="oc-122"/>
      </symbol>
      <symbol id="sm-21c">
         <name>__TI_dtors_ptr</name>
         <value>0x20201028</value>
         <object_component_ref idref="oc-122"/>
      </symbol>
      <symbol id="sm-21d">
         <name>exit</name>
         <value>0x3811</value>
         <object_component_ref idref="oc-c8"/>
      </symbol>
      <symbol id="sm-226">
         <name>_nop</name>
         <value>0x3217</value>
         <object_component_ref idref="oc-185"/>
      </symbol>
      <symbol id="sm-227">
         <name>_lock</name>
         <value>0x20201034</value>
         <object_component_ref idref="oc-119"/>
      </symbol>
      <symbol id="sm-228">
         <name>_unlock</name>
         <value>0x20201038</value>
         <object_component_ref idref="oc-11d"/>
      </symbol>
      <symbol id="sm-231">
         <name>__TI_ltoa</name>
         <value>0x2f39</value>
         <object_component_ref idref="oc-22f"/>
      </symbol>
      <symbol id="sm-23c">
         <name>atoi</name>
         <value>0x34d1</value>
         <object_component_ref idref="oc-105"/>
      </symbol>
      <symbol id="sm-241">
         <name>_ftable</name>
         <value>0x20200dec</value>
         <object_component_ref idref="oc-e9"/>
      </symbol>
      <symbol id="sm-242">
         <name>__TI_ft_end</name>
         <value>0x2020102c</value>
         <object_component_ref idref="oc-24f"/>
      </symbol>
      <symbol id="sm-243">
         <name>__TI_tmpnams</name>
         <value>0x20200cdc</value>
         <object_component_ref idref="oc-293"/>
      </symbol>
      <symbol id="sm-24c">
         <name>memccpy</name>
         <value>0x3a85</value>
         <object_component_ref idref="oc-1d8"/>
      </symbol>
      <symbol id="sm-26f">
         <name>malloc</name>
         <value>0x3c69</value>
         <object_component_ref idref="oc-204"/>
      </symbol>
      <symbol id="sm-270">
         <name>aligned_alloc</name>
         <value>0x1b95</value>
         <object_component_ref idref="oc-248"/>
      </symbol>
      <symbol id="sm-271">
         <name>free</name>
         <value>0x1f95</value>
         <object_component_ref idref="oc-1fe"/>
      </symbol>
      <symbol id="sm-272">
         <name>_sys_memory</name>
         <value>0x20200000</value>
         <object_component_ref idref="oc-245"/>
      </symbol>
      <symbol id="sm-273">
         <name>memalign</name>
         <value>0x1b95</value>
         <object_component_ref idref="oc-248"/>
      </symbol>
      <symbol id="sm-288">
         <name>strtod</name>
         <value>0xed9</value>
         <object_component_ref idref="oc-109"/>
      </symbol>
      <symbol id="sm-289">
         <name>strtold</name>
         <value>0xed9</value>
         <object_component_ref idref="oc-109"/>
      </symbol>
      <symbol id="sm-295">
         <name>strtok</name>
         <value>0x3381</value>
         <object_component_ref idref="oc-101"/>
      </symbol>
      <symbol id="sm-2a0">
         <name>_c_int00_noargs</name>
         <value>0x39a5</value>
         <object_component_ref idref="oc-60"/>
      </symbol>
      <symbol id="sm-2a1">
         <name>__stack</name>
         <value>0x20207e00</value>
         <object_component_ref idref="oc-1a"/>
      </symbol>
      <symbol id="sm-2ad">
         <name>__TI_auto_init_nobinit_nopinit</name>
         <value>0x368d</value>
         <object_component_ref idref="oc-ca"/>
      </symbol>
      <symbol id="sm-2b5">
         <name>_system_pre_init</name>
         <value>0x3ce1</value>
         <object_component_ref idref="oc-80"/>
      </symbol>
      <symbol id="sm-2c0">
         <name>__TI_zero_init</name>
         <value>0x3c05</value>
         <object_component_ref idref="oc-5d"/>
      </symbol>
      <symbol id="sm-2c9">
         <name>__TI_decompress_none</name>
         <value>0x3be3</value>
         <object_component_ref idref="oc-20"/>
      </symbol>
      <symbol id="sm-2d4">
         <name>__TI_decompress_lzss</name>
         <value>0x2645</value>
         <object_component_ref idref="oc-1c"/>
      </symbol>
      <symbol id="sm-2de">
         <name>__TI_doflush</name>
         <value>0x303f</value>
         <object_component_ref idref="oc-13f"/>
      </symbol>
      <symbol id="sm-2e9">
         <name>__TI_cleanup</name>
         <value>0x3775</value>
         <object_component_ref idref="oc-205"/>
      </symbol>
      <symbol id="sm-2f6">
         <name>fseek</name>
         <value>0x3ccd</value>
         <object_component_ref idref="oc-1a7"/>
      </symbol>
      <symbol id="sm-2f7">
         <name>fseeko</name>
         <value>0x29dd</value>
         <object_component_ref idref="oc-1fb"/>
      </symbol>
      <symbol id="sm-2f8">
         <name>__aeabi_ctype_table_</name>
         <value>0x3cf0</value>
         <object_component_ref idref="oc-159"/>
      </symbol>
      <symbol id="sm-2f9">
         <name>__aeabi_ctype_table_C</name>
         <value>0x3cf0</value>
         <object_component_ref idref="oc-159"/>
      </symbol>
      <symbol id="sm-303">
         <name>strcspn</name>
         <value>0x3a61</value>
         <object_component_ref idref="oc-151"/>
      </symbol>
      <symbol id="sm-30c">
         <name>strspn</name>
         <value>0x39cd</value>
         <object_component_ref idref="oc-14d"/>
      </symbol>
      <symbol id="sm-317">
         <name>__TI_closefile</name>
         <value>0x25c9</value>
         <object_component_ref idref="oc-249"/>
      </symbol>
      <symbol id="sm-321">
         <name>write</name>
         <value>0x397d</value>
         <object_component_ref idref="oc-13b"/>
      </symbol>
      <symbol id="sm-326">
         <name>_device</name>
         <value>0x20200f5c</value>
         <object_component_ref idref="oc-20e"/>
      </symbol>
      <symbol id="sm-327">
         <name>_stream</name>
         <value>0x20200fd4</value>
         <object_component_ref idref="oc-1b3"/>
      </symbol>
      <symbol id="sm-330">
         <name>remove</name>
         <value>0x3cd5</value>
         <object_component_ref idref="oc-28f"/>
      </symbol>
      <symbol id="sm-33b">
         <name>lseek</name>
         <value>0x3955</value>
         <object_component_ref idref="oc-23e"/>
      </symbol>
      <symbol id="sm-345">
         <name>close</name>
         <value>0x30e5</value>
         <object_component_ref idref="oc-28b"/>
      </symbol>
      <symbol id="sm-34f">
         <name>unlink</name>
         <value>0x3901</value>
         <object_component_ref idref="oc-2b9"/>
      </symbol>
      <symbol id="sm-359">
         <name>HOSTclose</name>
         <value>0x3261</value>
         <object_component_ref idref="oc-256"/>
      </symbol>
      <symbol id="sm-363">
         <name>HOSTlseek</name>
         <value>0x2905</value>
         <object_component_ref idref="oc-262"/>
      </symbol>
      <symbol id="sm-36d">
         <name>HOSTopen</name>
         <value>0x2d71</value>
         <object_component_ref idref="oc-252"/>
      </symbol>
      <symbol id="sm-36e">
         <name>parmbuf</name>
         <value>0x20200de0</value>
         <object_component_ref idref="oc-29d"/>
      </symbol>
      <symbol id="sm-378">
         <name>HOSTread</name>
         <value>0x2e89</value>
         <object_component_ref idref="oc-25a"/>
      </symbol>
      <symbol id="sm-389">
         <name>HOSTrename</name>
         <value>0x2971</value>
         <object_component_ref idref="oc-26a"/>
      </symbol>
      <symbol id="sm-393">
         <name>HOSTunlink</name>
         <value>0x32a9</value>
         <object_component_ref idref="oc-266"/>
      </symbol>
      <symbol id="sm-39d">
         <name>HOSTwrite</name>
         <value>0x2ee1</value>
         <object_component_ref idref="oc-25e"/>
      </symbol>
      <symbol id="sm-3ab">
         <name>C$$IO$$</name>
         <value>0x3809</value>
         <object_component_ref idref="oc-296"/>
      </symbol>
      <symbol id="sm-3ac">
         <name>__TI_writemsg</name>
         <value>0x37dd</value>
         <object_component_ref idref="oc-296"/>
      </symbol>
      <symbol id="sm-3ad">
         <name>__CIOBUF_</name>
         <value>0x20200800</value>
         <object_component_ref idref="oc-2c0"/>
      </symbol>
      <symbol id="sm-3ae">
         <name>__TI_readmsg</name>
         <value>0x37a9</value>
         <object_component_ref idref="oc-29c"/>
      </symbol>
      <symbol id="sm-3af">
         <name>_CIOBUF_</name>
         <value>0x20200800</value>
         <object_component_ref idref="oc-2c0"/>
      </symbol>
      <symbol id="sm-3b5">
         <name>__aeabi_dadd</name>
         <value>0x1697</value>
         <object_component_ref idref="oc-163"/>
      </symbol>
      <symbol id="sm-3b6">
         <name>__adddf3</name>
         <value>0x1697</value>
         <object_component_ref idref="oc-163"/>
      </symbol>
      <symbol id="sm-3b7">
         <name>__aeabi_dsub</name>
         <value>0x168d</value>
         <object_component_ref idref="oc-163"/>
      </symbol>
      <symbol id="sm-3b8">
         <name>__subdf3</name>
         <value>0x168d</value>
         <object_component_ref idref="oc-163"/>
      </symbol>
      <symbol id="sm-3c1">
         <name>__aeabi_dmul</name>
         <value>0x2161</value>
         <object_component_ref idref="oc-15f"/>
      </symbol>
      <symbol id="sm-3c2">
         <name>__muldf3</name>
         <value>0x2161</value>
         <object_component_ref idref="oc-15f"/>
      </symbol>
      <symbol id="sm-3c8">
         <name>__muldsi3</name>
         <value>0x36c9</value>
         <object_component_ref idref="oc-1c0"/>
      </symbol>
      <symbol id="sm-3ce">
         <name>__aeabi_ddiv</name>
         <value>0x1ca9</value>
         <object_component_ref idref="oc-174"/>
      </symbol>
      <symbol id="sm-3cf">
         <name>__divdf3</name>
         <value>0x1ca9</value>
         <object_component_ref idref="oc-174"/>
      </symbol>
      <symbol id="sm-3d5">
         <name>__aeabi_f2d</name>
         <value>0x3491</value>
         <object_component_ref idref="oc-b6"/>
      </symbol>
      <symbol id="sm-3d6">
         <name>__extendsfdf2</name>
         <value>0x3491</value>
         <object_component_ref idref="oc-b6"/>
      </symbol>
      <symbol id="sm-3dc">
         <name>__aeabi_d2iz</name>
         <value>0x31cd</value>
         <object_component_ref idref="oc-22b"/>
      </symbol>
      <symbol id="sm-3dd">
         <name>__fixdfsi</name>
         <value>0x31cd</value>
         <object_component_ref idref="oc-22b"/>
      </symbol>
      <symbol id="sm-3e3">
         <name>__aeabi_i2d</name>
         <value>0x38d5</value>
         <object_component_ref idref="oc-233"/>
      </symbol>
      <symbol id="sm-3e4">
         <name>__floatsidf</name>
         <value>0x38d5</value>
         <object_component_ref idref="oc-233"/>
      </symbol>
      <symbol id="sm-3ea">
         <name>__aeabi_lmul</name>
         <value>0x3a19</value>
         <object_component_ref idref="oc-1e7"/>
      </symbol>
      <symbol id="sm-3eb">
         <name>__muldi3</name>
         <value>0x3a19</value>
         <object_component_ref idref="oc-1e7"/>
      </symbol>
      <symbol id="sm-3f2">
         <name>__aeabi_d2f</name>
         <value>0x27b1</value>
         <object_component_ref idref="oc-10f"/>
      </symbol>
      <symbol id="sm-3f3">
         <name>__truncdfsf2</name>
         <value>0x27b1</value>
         <object_component_ref idref="oc-10f"/>
      </symbol>
      <symbol id="sm-3f9">
         <name>__aeabi_dcmpeq</name>
         <value>0x2c4d</value>
         <object_component_ref idref="oc-167"/>
      </symbol>
      <symbol id="sm-3fa">
         <name>__aeabi_dcmplt</name>
         <value>0x2c61</value>
         <object_component_ref idref="oc-167"/>
      </symbol>
      <symbol id="sm-3fb">
         <name>__aeabi_dcmple</name>
         <value>0x2c75</value>
         <object_component_ref idref="oc-167"/>
      </symbol>
      <symbol id="sm-3fc">
         <name>__aeabi_dcmpge</name>
         <value>0x2c89</value>
         <object_component_ref idref="oc-167"/>
      </symbol>
      <symbol id="sm-3fd">
         <name>__aeabi_dcmpgt</name>
         <value>0x2c9d</value>
         <object_component_ref idref="oc-167"/>
      </symbol>
      <symbol id="sm-403">
         <name>__aeabi_idiv</name>
         <value>0x2fe9</value>
         <object_component_ref idref="oc-27d"/>
      </symbol>
      <symbol id="sm-404">
         <name>__aeabi_idivmod</name>
         <value>0x2fe9</value>
         <object_component_ref idref="oc-27d"/>
      </symbol>
      <symbol id="sm-40a">
         <name>__aeabi_memcpy</name>
         <value>0x3cb5</value>
         <object_component_ref idref="oc-50"/>
      </symbol>
      <symbol id="sm-40b">
         <name>__aeabi_memcpy4</name>
         <value>0x3cb5</value>
         <object_component_ref idref="oc-50"/>
      </symbol>
      <symbol id="sm-40c">
         <name>__aeabi_memcpy8</name>
         <value>0x3cb5</value>
         <object_component_ref idref="oc-50"/>
      </symbol>
      <symbol id="sm-415">
         <name>__aeabi_memset</name>
         <value>0x3c25</value>
         <object_component_ref idref="oc-1d7"/>
      </symbol>
      <symbol id="sm-416">
         <name>__aeabi_memset4</name>
         <value>0x3c25</value>
         <object_component_ref idref="oc-1d7"/>
      </symbol>
      <symbol id="sm-417">
         <name>__aeabi_memset8</name>
         <value>0x3c25</value>
         <object_component_ref idref="oc-1d7"/>
      </symbol>
      <symbol id="sm-418">
         <name>__aeabi_memclr</name>
         <value>0x3c5d</value>
         <object_component_ref idref="oc-7b"/>
      </symbol>
      <symbol id="sm-419">
         <name>__aeabi_memclr4</name>
         <value>0x3c5d</value>
         <object_component_ref idref="oc-7b"/>
      </symbol>
      <symbol id="sm-41a">
         <name>__aeabi_memclr8</name>
         <value>0x3c5d</value>
         <object_component_ref idref="oc-7b"/>
      </symbol>
      <symbol id="sm-420">
         <name>__aeabi_uidiv</name>
         <value>0x3451</value>
         <object_component_ref idref="oc-1dd"/>
      </symbol>
      <symbol id="sm-421">
         <name>__aeabi_uidivmod</name>
         <value>0x3451</value>
         <object_component_ref idref="oc-1dd"/>
      </symbol>
      <symbol id="sm-427">
         <name>__aeabi_uldivmod</name>
         <value>0x3ba9</value>
         <object_component_ref idref="oc-1ec"/>
      </symbol>
      <symbol id="sm-42d">
         <name>__udivmoddi4</name>
         <value>0x23fd</value>
         <object_component_ref idref="oc-222"/>
      </symbol>
      <symbol id="sm-433">
         <name>__aeabi_llsl</name>
         <value>0x3ae9</value>
         <object_component_ref idref="oc-274"/>
      </symbol>
      <symbol id="sm-434">
         <name>__ashldi3</name>
         <value>0x3ae9</value>
         <object_component_ref idref="oc-274"/>
      </symbol>
      <symbol id="sm-442">
         <name>__ledf2</name>
         <value>0x2ab5</value>
         <object_component_ref idref="oc-1c6"/>
      </symbol>
      <symbol id="sm-443">
         <name>__gedf2</name>
         <value>0x2735</value>
         <object_component_ref idref="oc-1cc"/>
      </symbol>
      <symbol id="sm-444">
         <name>__cmpdf2</name>
         <value>0x2ab5</value>
         <object_component_ref idref="oc-1c6"/>
      </symbol>
      <symbol id="sm-445">
         <name>__eqdf2</name>
         <value>0x2ab5</value>
         <object_component_ref idref="oc-1c6"/>
      </symbol>
      <symbol id="sm-446">
         <name>__ltdf2</name>
         <value>0x2ab5</value>
         <object_component_ref idref="oc-1c6"/>
      </symbol>
      <symbol id="sm-447">
         <name>__nedf2</name>
         <value>0x2ab5</value>
         <object_component_ref idref="oc-1c6"/>
      </symbol>
      <symbol id="sm-448">
         <name>__gtdf2</name>
         <value>0x2735</value>
         <object_component_ref idref="oc-1cc"/>
      </symbol>
      <symbol id="sm-454">
         <name>__aeabi_idiv0</name>
         <value>0x2be7</value>
         <object_component_ref idref="oc-218"/>
      </symbol>
      <symbol id="sm-455">
         <name>__aeabi_ldiv0</name>
         <value>0x30e3</value>
         <object_component_ref idref="oc-273"/>
      </symbol>
      <symbol id="sm-463">
         <name>finddevice</name>
         <value>0x3845</value>
         <object_component_ref idref="oc-2cc"/>
      </symbol>
      <symbol id="sm-464">
         <name>getdevice</name>
         <value>0x2a49</value>
         <object_component_ref idref="oc-2c3"/>
      </symbol>
      <symbol id="sm-47d">
         <name>memcpy</name>
         <value>0x249f</value>
         <object_component_ref idref="oc-9b"/>
      </symbol>
      <symbol id="sm-48c">
         <name>memset</name>
         <value>0x2caf</value>
         <object_component_ref idref="oc-e2"/>
      </symbol>
      <symbol id="sm-494">
         <name>strcmp</name>
         <value>0x2541</value>
         <object_component_ref idref="oc-2cf"/>
      </symbol>
      <symbol id="sm-495">
         <name>__TI_static_base__</name>
         <value>0x0</value>
      </symbol>
      <symbol id="sm-499">
         <name>__mpu_init</name>
         <value>0x0</value>
      </symbol>
      <symbol id="sm-49a">
         <name>_system_post_cinit</name>
         <value>0x0</value>
      </symbol>
   </symbol_table>
   <title>Link successful</title>
</link_info>
