<?xml version="1.0" encoding="ISO-8859-1" ?>
<link_info>
   <banner>TI ARM Clang Linker PC v5.1.1.LTS</banner>
   <copyright>Copyright (c) 1996-2018 Texas Instruments Incorporated</copyright>
   <command_line>C:\ti\ccs2100\ccs\tools\compiler\ti-cgt-armllvm_5.1.1.LTS\bin\tiarmlnk -IC:\ti\ccs2100\ccs\tools\compiler\ti-cgt-armllvm_5.1.1.LTS\lib -o CarMove_IIC.out --cg_opt_level=2 -mCarMove_IIC.map -iC:/ti/mspm0_sdk_2_11_00_07/source -iC:/Users/zw/workspace_ccstheia/CarMove_IIC/Debug/syscfg -iC:/ti/ccs2100/ccs/tools/compiler/ti-cgt-armllvm_5.1.1.LTS/lib --diag_wrap=off --display_error_number --warn_sections --xml_link_info=CarMove_IIC_linkInfo.xml --rom_model ./empty.o ./syscfg/ti_msp_dl_config.o ./startup_mspm0g351x_ticlang.o ./BSP/IOI2C.o ./BSP/bsp_motor_iic.o ./BSP/delay.o ./BSP/usart.o -lsyscfg/device_linker.cmd -ldevice.cmd.genlibs -llibc.a --start-group -llibc++.a -llibc++abi.a -llibc.a -llibsys.a -llibsysbm.a -llibclang_rt.builtins.a -llibclang_rt.profile.a --end-group</command_line>
   <link_time>0x6a942842</link_time>
   <link_errors>0x0</link_errors>
   <output_file>C:\Users\zw\workspace_ccstheia\CarMove_IIC\Debug\CarMove_IIC.out</output_file>
   <entry_point>
      <name>_c_int00_noargs</name>
      <address>0x23f5</address>
   </entry_point>
   <input_file_list>
      <input_file id="fl-1">
         <path>C:\Users\zw\workspace_ccstheia\CarMove_IIC\Debug\.\</path>
         <kind>object</kind>
         <file>empty.o</file>
         <name>empty.o</name>
      </input_file>
      <input_file id="fl-2">
         <path>C:\Users\zw\workspace_ccstheia\CarMove_IIC\Debug\.\syscfg\</path>
         <kind>object</kind>
         <file>ti_msp_dl_config.o</file>
         <name>ti_msp_dl_config.o</name>
      </input_file>
      <input_file id="fl-3">
         <path>C:\Users\zw\workspace_ccstheia\CarMove_IIC\Debug\.\</path>
         <kind>object</kind>
         <file>startup_mspm0g351x_ticlang.o</file>
         <name>startup_mspm0g351x_ticlang.o</name>
      </input_file>
      <input_file id="fl-4">
         <path>C:\Users\zw\workspace_ccstheia\CarMove_IIC\Debug\.\BSP\</path>
         <kind>object</kind>
         <file>IOI2C.o</file>
         <name>IOI2C.o</name>
      </input_file>
      <input_file id="fl-5">
         <path>C:\Users\zw\workspace_ccstheia\CarMove_IIC\Debug\.\BSP\</path>
         <kind>object</kind>
         <file>bsp_motor_iic.o</file>
         <name>bsp_motor_iic.o</name>
      </input_file>
      <input_file id="fl-6">
         <path>C:\Users\zw\workspace_ccstheia\CarMove_IIC\Debug\.\BSP\</path>
         <kind>object</kind>
         <file>delay.o</file>
         <name>delay.o</name>
      </input_file>
      <input_file id="fl-7">
         <path>C:\Users\zw\workspace_ccstheia\CarMove_IIC\Debug\.\BSP\</path>
         <kind>object</kind>
         <file>usart.o</file>
         <name>usart.o</name>
      </input_file>
      <input_file id="fl-14">
         <path>C:\Users\zw\workspace_ccstheia\CarMove_IIC\Debug\</path>
         <kind>object</kind>
         <file>&lt;internal&gt;</file>
         <name>&lt;internal&gt;</name>
      </input_file>
      <input_file id="fl-15">
         <path>C:\ti\mspm0_sdk_2_11_00_07\source\ti\driverlib\lib\ticlang\m0p\mspm0gx51x\</path>
         <kind>archive</kind>
         <file>driverlib.a</file>
         <name>dl_common.o</name>
      </input_file>
      <input_file id="fl-16">
         <path>C:\ti\mspm0_sdk_2_11_00_07\source\ti\driverlib\lib\ticlang\m0p\mspm0gx51x\</path>
         <kind>archive</kind>
         <file>driverlib.a</file>
         <name>dl_timer.o</name>
      </input_file>
      <input_file id="fl-17">
         <path>C:\ti\mspm0_sdk_2_11_00_07\source\ti\driverlib\lib\ticlang\m0p\mspm0gx51x\</path>
         <kind>archive</kind>
         <file>driverlib.a</file>
         <name>dl_uart.o</name>
      </input_file>
      <input_file id="fl-34">
         <path>C:\ti\ccs2100\ccs\tools\compiler\ti-cgt-armllvm_5.1.1.LTS\lib\armv6m-ti-none-eabi\c\</path>
         <kind>archive</kind>
         <file>libc.a</file>
         <name>printf.c.obj</name>
      </input_file>
      <input_file id="fl-35">
         <path>C:\ti\ccs2100\ccs\tools\compiler\ti-cgt-armllvm_5.1.1.LTS\lib\armv6m-ti-none-eabi\c\</path>
         <kind>archive</kind>
         <file>libc.a</file>
         <name>_printfi.c.obj</name>
      </input_file>
      <input_file id="fl-36">
         <path>C:\ti\ccs2100\ccs\tools\compiler\ti-cgt-armllvm_5.1.1.LTS\lib\armv6m-ti-none-eabi\c\</path>
         <kind>archive</kind>
         <file>libc.a</file>
         <name>sprintf.c.obj</name>
      </input_file>
      <input_file id="fl-37">
         <path>C:\ti\ccs2100\ccs\tools\compiler\ti-cgt-armllvm_5.1.1.LTS\lib\armv6m-ti-none-eabi\c\</path>
         <kind>archive</kind>
         <file>libc.a</file>
         <name>fputs.c.obj</name>
      </input_file>
      <input_file id="fl-38">
         <path>C:\ti\ccs2100\ccs\tools\compiler\ti-cgt-armllvm_5.1.1.LTS\lib\armv6m-ti-none-eabi\c\</path>
         <kind>archive</kind>
         <file>libc.a</file>
         <name>_io_perm.c.obj</name>
      </input_file>
      <input_file id="fl-39">
         <path>C:\ti\ccs2100\ccs\tools\compiler\ti-cgt-armllvm_5.1.1.LTS\lib\armv6m-ti-none-eabi\c\</path>
         <kind>archive</kind>
         <file>libc.a</file>
         <name>setvbuf.c.obj</name>
      </input_file>
      <input_file id="fl-3a">
         <path>C:\ti\ccs2100\ccs\tools\compiler\ti-cgt-armllvm_5.1.1.LTS\lib\armv6m-ti-none-eabi\c\</path>
         <kind>archive</kind>
         <file>libc.a</file>
         <name>aeabi_portable.c.obj</name>
      </input_file>
      <input_file id="fl-3b">
         <path>C:\ti\ccs2100\ccs\tools\compiler\ti-cgt-armllvm_5.1.1.LTS\lib\armv6m-ti-none-eabi\c\</path>
         <kind>archive</kind>
         <file>libc.a</file>
         <name>exit.c.obj</name>
      </input_file>
      <input_file id="fl-3c">
         <path>C:\ti\ccs2100\ccs\tools\compiler\ti-cgt-armllvm_5.1.1.LTS\lib\armv6m-ti-none-eabi\c\</path>
         <kind>archive</kind>
         <file>libc.a</file>
         <name>_lock.c.obj</name>
      </input_file>
      <input_file id="fl-3d">
         <path>C:\ti\ccs2100\ccs\tools\compiler\ti-cgt-armllvm_5.1.1.LTS\lib\armv6m-ti-none-eabi\c\</path>
         <kind>archive</kind>
         <file>libc.a</file>
         <name>_ltoa.c.obj</name>
      </input_file>
      <input_file id="fl-3e">
         <path>C:\ti\ccs2100\ccs\tools\compiler\ti-cgt-armllvm_5.1.1.LTS\lib\armv6m-ti-none-eabi\c\</path>
         <kind>archive</kind>
         <file>libc.a</file>
         <name>assert.c.obj</name>
      </input_file>
      <input_file id="fl-3f">
         <path>C:\ti\ccs2100\ccs\tools\compiler\ti-cgt-armllvm_5.1.1.LTS\lib\armv6m-ti-none-eabi\c\</path>
         <kind>archive</kind>
         <file>libc.a</file>
         <name>atoi.c.obj</name>
      </input_file>
      <input_file id="fl-40">
         <path>C:\ti\ccs2100\ccs\tools\compiler\ti-cgt-armllvm_5.1.1.LTS\lib\armv6m-ti-none-eabi\c\</path>
         <kind>archive</kind>
         <file>libc.a</file>
         <name>defs.c.obj</name>
      </input_file>
      <input_file id="fl-41">
         <path>C:\ti\ccs2100\ccs\tools\compiler\ti-cgt-armllvm_5.1.1.LTS\lib\armv6m-ti-none-eabi\c\</path>
         <kind>archive</kind>
         <file>libc.a</file>
         <name>memccpy.c.obj</name>
      </input_file>
      <input_file id="fl-42">
         <path>C:\ti\ccs2100\ccs\tools\compiler\ti-cgt-armllvm_5.1.1.LTS\lib\armv6m-ti-none-eabi\c\</path>
         <kind>archive</kind>
         <file>libc.a</file>
         <name>memory.c.obj</name>
      </input_file>
      <input_file id="fl-43">
         <path>C:\ti\ccs2100\ccs\tools\compiler\ti-cgt-armllvm_5.1.1.LTS\lib\armv6m-ti-none-eabi\c\</path>
         <kind>archive</kind>
         <file>libc.a</file>
         <name>boot_cortex_m.c.obj</name>
      </input_file>
      <input_file id="fl-44">
         <path>C:\ti\ccs2100\ccs\tools\compiler\ti-cgt-armllvm_5.1.1.LTS\lib\armv6m-ti-none-eabi\c\</path>
         <kind>archive</kind>
         <file>libc.a</file>
         <name>mathacl_init.c.obj</name>
      </input_file>
      <input_file id="fl-45">
         <path>C:\ti\ccs2100\ccs\tools\compiler\ti-cgt-armllvm_5.1.1.LTS\lib\armv6m-ti-none-eabi\c\</path>
         <kind>archive</kind>
         <file>libc.a</file>
         <name>autoinit.c.obj</name>
      </input_file>
      <input_file id="fl-46">
         <path>C:\ti\ccs2100\ccs\tools\compiler\ti-cgt-armllvm_5.1.1.LTS\lib\armv6m-ti-none-eabi\c\</path>
         <kind>archive</kind>
         <file>libc.a</file>
         <name>pre_init.c.obj</name>
      </input_file>
      <input_file id="fl-47">
         <path>C:\ti\ccs2100\ccs\tools\compiler\ti-cgt-armllvm_5.1.1.LTS\lib\armv6m-ti-none-eabi\c\</path>
         <kind>archive</kind>
         <file>libc.a</file>
         <name>cpy_tbl.c.obj</name>
      </input_file>
      <input_file id="fl-48">
         <path>C:\ti\ccs2100\ccs\tools\compiler\ti-cgt-armllvm_5.1.1.LTS\lib\armv6m-ti-none-eabi\c\</path>
         <kind>archive</kind>
         <file>libc.a</file>
         <name>copy_zero_init.c.obj</name>
      </input_file>
      <input_file id="fl-49">
         <path>C:\ti\ccs2100\ccs\tools\compiler\ti-cgt-armllvm_5.1.1.LTS\lib\armv6m-ti-none-eabi\c\</path>
         <kind>archive</kind>
         <file>libc.a</file>
         <name>copy_decompress_none.c.obj</name>
      </input_file>
      <input_file id="fl-4a">
         <path>C:\ti\ccs2100\ccs\tools\compiler\ti-cgt-armllvm_5.1.1.LTS\lib\armv6m-ti-none-eabi\c\</path>
         <kind>archive</kind>
         <file>libc.a</file>
         <name>copy_decompress_lzss.c.obj</name>
      </input_file>
      <input_file id="fl-4b">
         <path>C:\ti\ccs2100\ccs\tools\compiler\ti-cgt-armllvm_5.1.1.LTS\lib\armv6m-ti-none-eabi\c\</path>
         <kind>archive</kind>
         <file>libc.a</file>
         <name>s_frexp.c.obj</name>
      </input_file>
      <input_file id="fl-4c">
         <path>C:\ti\ccs2100\ccs\tools\compiler\ti-cgt-armllvm_5.1.1.LTS\lib\armv6m-ti-none-eabi\c\</path>
         <kind>archive</kind>
         <file>libc.a</file>
         <name>s_scalbn.c.obj</name>
      </input_file>
      <input_file id="fl-4d">
         <path>C:\ti\ccs2100\ccs\tools\compiler\ti-cgt-armllvm_5.1.1.LTS\lib\armv6m-ti-none-eabi\c\</path>
         <kind>archive</kind>
         <file>libc.a</file>
         <name>wcslen.c.obj</name>
      </input_file>
      <input_file id="fl-4e">
         <path>C:\ti\ccs2100\ccs\tools\compiler\ti-cgt-armllvm_5.1.1.LTS\lib\armv6m-ti-none-eabi\c\</path>
         <kind>archive</kind>
         <file>libc.a</file>
         <name>fflush.c.obj</name>
      </input_file>
      <input_file id="fl-4f">
         <path>C:\ti\ccs2100\ccs\tools\compiler\ti-cgt-armllvm_5.1.1.LTS\lib\armv6m-ti-none-eabi\c\</path>
         <kind>archive</kind>
         <file>libc.a</file>
         <name>fopen.c.obj</name>
      </input_file>
      <input_file id="fl-50">
         <path>C:\ti\ccs2100\ccs\tools\compiler\ti-cgt-armllvm_5.1.1.LTS\lib\armv6m-ti-none-eabi\c\</path>
         <kind>archive</kind>
         <file>libc.a</file>
         <name>fseek.c.obj</name>
      </input_file>
      <input_file id="fl-51">
         <path>C:\ti\ccs2100\ccs\tools\compiler\ti-cgt-armllvm_5.1.1.LTS\lib\armv6m-ti-none-eabi\c\</path>
         <kind>archive</kind>
         <file>libc.a</file>
         <name>aeabi_ctype.S.obj</name>
      </input_file>
      <input_file id="fl-52">
         <path>C:\ti\ccs2100\ccs\tools\compiler\ti-cgt-armllvm_5.1.1.LTS\lib\armv6m-ti-none-eabi\c\</path>
         <kind>archive</kind>
         <file>libc.a</file>
         <name>args_main.c.obj</name>
      </input_file>
      <input_file id="fl-53">
         <path>C:\ti\ccs2100\ccs\tools\compiler\ti-cgt-armllvm_5.1.1.LTS\lib\armv6m-ti-none-eabi\c\</path>
         <kind>archive</kind>
         <file>libc.a</file>
         <name>fclose.c.obj</name>
      </input_file>
      <input_file id="fl-147">
         <path>C:\ti\ccs2100\ccs\tools\compiler\ti-cgt-armllvm_5.1.1.LTS\lib\armv6m-ti-none-eabi\c\</path>
         <kind>archive</kind>
         <file>libsysbm.a</file>
         <name>hostexit.c.obj</name>
      </input_file>
      <input_file id="fl-148">
         <path>C:\ti\ccs2100\ccs\tools\compiler\ti-cgt-armllvm_5.1.1.LTS\lib\armv6m-ti-none-eabi\c\</path>
         <kind>archive</kind>
         <file>libsysbm.a</file>
         <name>write.c.obj</name>
      </input_file>
      <input_file id="fl-149">
         <path>C:\ti\ccs2100\ccs\tools\compiler\ti-cgt-armllvm_5.1.1.LTS\lib\armv6m-ti-none-eabi\c\</path>
         <kind>archive</kind>
         <file>libsysbm.a</file>
         <name>host_device.c.obj</name>
      </input_file>
      <input_file id="fl-14a">
         <path>C:\ti\ccs2100\ccs\tools\compiler\ti-cgt-armllvm_5.1.1.LTS\lib\armv6m-ti-none-eabi\c\</path>
         <kind>archive</kind>
         <file>libsysbm.a</file>
         <name>remove.c.obj</name>
      </input_file>
      <input_file id="fl-14b">
         <path>C:\ti\ccs2100\ccs\tools\compiler\ti-cgt-armllvm_5.1.1.LTS\lib\armv6m-ti-none-eabi\c\</path>
         <kind>archive</kind>
         <file>libsysbm.a</file>
         <name>open.c.obj</name>
      </input_file>
      <input_file id="fl-14c">
         <path>C:\ti\ccs2100\ccs\tools\compiler\ti-cgt-armllvm_5.1.1.LTS\lib\armv6m-ti-none-eabi\c\</path>
         <kind>archive</kind>
         <file>libsysbm.a</file>
         <name>lseek.c.obj</name>
      </input_file>
      <input_file id="fl-14d">
         <path>C:\ti\ccs2100\ccs\tools\compiler\ti-cgt-armllvm_5.1.1.LTS\lib\armv6m-ti-none-eabi\c\</path>
         <kind>archive</kind>
         <file>libsysbm.a</file>
         <name>close.c.obj</name>
      </input_file>
      <input_file id="fl-14e">
         <path>C:\ti\ccs2100\ccs\tools\compiler\ti-cgt-armllvm_5.1.1.LTS\lib\armv6m-ti-none-eabi\c\</path>
         <kind>archive</kind>
         <file>libsysbm.a</file>
         <name>unlink.c.obj</name>
      </input_file>
      <input_file id="fl-14f">
         <path>C:\ti\ccs2100\ccs\tools\compiler\ti-cgt-armllvm_5.1.1.LTS\lib\armv6m-ti-none-eabi\c\</path>
         <kind>archive</kind>
         <file>libsysbm.a</file>
         <name>hostclose.c.obj</name>
      </input_file>
      <input_file id="fl-150">
         <path>C:\ti\ccs2100\ccs\tools\compiler\ti-cgt-armllvm_5.1.1.LTS\lib\armv6m-ti-none-eabi\c\</path>
         <kind>archive</kind>
         <file>libsysbm.a</file>
         <name>hostlseek.c.obj</name>
      </input_file>
      <input_file id="fl-151">
         <path>C:\ti\ccs2100\ccs\tools\compiler\ti-cgt-armllvm_5.1.1.LTS\lib\armv6m-ti-none-eabi\c\</path>
         <kind>archive</kind>
         <file>libsysbm.a</file>
         <name>hostopen.c.obj</name>
      </input_file>
      <input_file id="fl-152">
         <path>C:\ti\ccs2100\ccs\tools\compiler\ti-cgt-armllvm_5.1.1.LTS\lib\armv6m-ti-none-eabi\c\</path>
         <kind>archive</kind>
         <file>libsysbm.a</file>
         <name>hostread.c.obj</name>
      </input_file>
      <input_file id="fl-153">
         <path>C:\ti\ccs2100\ccs\tools\compiler\ti-cgt-armllvm_5.1.1.LTS\lib\armv6m-ti-none-eabi\c\</path>
         <kind>archive</kind>
         <file>libsysbm.a</file>
         <name>hostrename.c.obj</name>
      </input_file>
      <input_file id="fl-154">
         <path>C:\ti\ccs2100\ccs\tools\compiler\ti-cgt-armllvm_5.1.1.LTS\lib\armv6m-ti-none-eabi\c\</path>
         <kind>archive</kind>
         <file>libsysbm.a</file>
         <name>hostunlink.c.obj</name>
      </input_file>
      <input_file id="fl-155">
         <path>C:\ti\ccs2100\ccs\tools\compiler\ti-cgt-armllvm_5.1.1.LTS\lib\armv6m-ti-none-eabi\c\</path>
         <kind>archive</kind>
         <file>libsysbm.a</file>
         <name>hostwrite.c.obj</name>
      </input_file>
      <input_file id="fl-156">
         <path>C:\ti\ccs2100\ccs\tools\compiler\ti-cgt-armllvm_5.1.1.LTS\lib\armv6m-ti-none-eabi\c\</path>
         <kind>archive</kind>
         <file>libsysbm.a</file>
         <name>trgmsg.c.obj</name>
      </input_file>
      <input_file id="fl-157">
         <path>C:\ti\ccs2100\ccs\tools\compiler\ti-cgt-armllvm_5.1.1.LTS\lib\armv6m-ti-none-eabi\</path>
         <kind>archive</kind>
         <file>libclang_rt.builtins.a</file>
         <name>adddf3.S.obj</name>
      </input_file>
      <input_file id="fl-158">
         <path>C:\ti\ccs2100\ccs\tools\compiler\ti-cgt-armllvm_5.1.1.LTS\lib\armv6m-ti-none-eabi\</path>
         <kind>archive</kind>
         <file>libclang_rt.builtins.a</file>
         <name>fixdfsi.S.obj</name>
      </input_file>
      <input_file id="fl-159">
         <path>C:\ti\ccs2100\ccs\tools\compiler\ti-cgt-armllvm_5.1.1.LTS\lib\armv6m-ti-none-eabi\</path>
         <kind>archive</kind>
         <file>libclang_rt.builtins.a</file>
         <name>floatsidf.S.obj</name>
      </input_file>
      <input_file id="fl-15a">
         <path>C:\ti\ccs2100\ccs\tools\compiler\ti-cgt-armllvm_5.1.1.LTS\lib\armv6m-ti-none-eabi\</path>
         <kind>archive</kind>
         <file>libclang_rt.builtins.a</file>
         <name>muldi3.S.obj</name>
      </input_file>
      <input_file id="fl-15b">
         <path>C:\ti\ccs2100\ccs\tools\compiler\ti-cgt-armllvm_5.1.1.LTS\lib\armv6m-ti-none-eabi\</path>
         <kind>archive</kind>
         <file>libclang_rt.builtins.a</file>
         <name>comparedf2.c.obj</name>
      </input_file>
      <input_file id="fl-15c">
         <path>C:\ti\ccs2100\ccs\tools\compiler\ti-cgt-armllvm_5.1.1.LTS\lib\armv6m-ti-none-eabi\</path>
         <kind>archive</kind>
         <file>libclang_rt.builtins.a</file>
         <name>aeabi_dcmp.S.obj</name>
      </input_file>
      <input_file id="fl-15d">
         <path>C:\ti\ccs2100\ccs\tools\compiler\ti-cgt-armllvm_5.1.1.LTS\lib\armv6m-ti-none-eabi\</path>
         <kind>archive</kind>
         <file>libclang_rt.builtins.a</file>
         <name>aeabi_ddiv.c.obj</name>
      </input_file>
      <input_file id="fl-15e">
         <path>C:\ti\ccs2100\ccs\tools\compiler\ti-cgt-armllvm_5.1.1.LTS\lib\armv6m-ti-none-eabi\</path>
         <kind>archive</kind>
         <file>libclang_rt.builtins.a</file>
         <name>aeabi_dmul.c.obj</name>
      </input_file>
      <input_file id="fl-15f">
         <path>C:\ti\ccs2100\ccs\tools\compiler\ti-cgt-armllvm_5.1.1.LTS\lib\armv6m-ti-none-eabi\</path>
         <kind>archive</kind>
         <file>libclang_rt.builtins.a</file>
         <name>aeabi_idivmod.S.obj</name>
      </input_file>
      <input_file id="fl-160">
         <path>C:\ti\ccs2100\ccs\tools\compiler\ti-cgt-armllvm_5.1.1.LTS\lib\armv6m-ti-none-eabi\</path>
         <kind>archive</kind>
         <file>libclang_rt.builtins.a</file>
         <name>aeabi_uidivmod.S.obj</name>
      </input_file>
      <input_file id="fl-161">
         <path>C:\ti\ccs2100\ccs\tools\compiler\ti-cgt-armllvm_5.1.1.LTS\lib\armv6m-ti-none-eabi\</path>
         <kind>archive</kind>
         <file>libclang_rt.builtins.a</file>
         <name>aeabi_uldivmod.S.obj</name>
      </input_file>
      <input_file id="fl-162">
         <path>C:\ti\ccs2100\ccs\tools\compiler\ti-cgt-armllvm_5.1.1.LTS\lib\armv6m-ti-none-eabi\</path>
         <kind>archive</kind>
         <file>libclang_rt.builtins.a</file>
         <name>aeabi_memcpy.S.obj</name>
      </input_file>
      <input_file id="fl-163">
         <path>C:\ti\ccs2100\ccs\tools\compiler\ti-cgt-armllvm_5.1.1.LTS\lib\armv6m-ti-none-eabi\</path>
         <kind>archive</kind>
         <file>libclang_rt.builtins.a</file>
         <name>aeabi_memset.S.obj</name>
      </input_file>
      <input_file id="fl-164">
         <path>C:\ti\ccs2100\ccs\tools\compiler\ti-cgt-armllvm_5.1.1.LTS\lib\armv6m-ti-none-eabi\</path>
         <kind>archive</kind>
         <file>libclang_rt.builtins.a</file>
         <name>udivmoddi4.S.obj</name>
      </input_file>
      <input_file id="fl-165">
         <path>C:\ti\ccs2100\ccs\tools\compiler\ti-cgt-armllvm_5.1.1.LTS\lib\armv6m-ti-none-eabi\</path>
         <kind>archive</kind>
         <file>libclang_rt.builtins.a</file>
         <name>muldf3.S.obj</name>
      </input_file>
      <input_file id="fl-166">
         <path>C:\ti\ccs2100\ccs\tools\compiler\ti-cgt-armllvm_5.1.1.LTS\lib\armv6m-ti-none-eabi\</path>
         <kind>archive</kind>
         <file>libclang_rt.builtins.a</file>
         <name>muldsi3.S.obj</name>
      </input_file>
      <input_file id="fl-167">
         <path>C:\ti\ccs2100\ccs\tools\compiler\ti-cgt-armllvm_5.1.1.LTS\lib\armv6m-ti-none-eabi\</path>
         <kind>archive</kind>
         <file>libclang_rt.builtins.a</file>
         <name>ashldi3.S.obj</name>
      </input_file>
      <input_file id="fl-168">
         <path>C:\ti\ccs2100\ccs\tools\compiler\ti-cgt-armllvm_5.1.1.LTS\lib\armv6m-ti-none-eabi\</path>
         <kind>archive</kind>
         <file>libclang_rt.builtins.a</file>
         <name>divdf3.S.obj</name>
      </input_file>
      <input_file id="fl-169">
         <path>C:\ti\ccs2100\ccs\tools\compiler\ti-cgt-armllvm_5.1.1.LTS\lib\armv6m-ti-none-eabi\</path>
         <kind>archive</kind>
         <file>libclang_rt.builtins.a</file>
         <name>aeabi_div0.c.obj</name>
      </input_file>
      <input_file id="fl-16a">
         <path>C:\ti\ccs2100\ccs\tools\compiler\ti-cgt-armllvm_5.1.1.LTS\lib\armv6m-ti-none-eabi\c\</path>
         <kind>archive</kind>
         <file>libc.a</file>
         <name>divdf3_fast.c.obj</name>
      </input_file>
      <input_file id="fl-16b">
         <path>C:\ti\ccs2100\ccs\tools\compiler\ti-cgt-armllvm_5.1.1.LTS\lib\armv6m-ti-none-eabi\c\</path>
         <kind>archive</kind>
         <file>libc.a</file>
         <name>muldf3_fast.c.obj</name>
      </input_file>
      <input_file id="fl-16c">
         <path>C:\ti\ccs2100\ccs\tools\compiler\ti-cgt-armllvm_5.1.1.LTS\lib\armv6m-ti-none-eabi\c\</path>
         <kind>archive</kind>
         <file>libc.a</file>
         <name>getdevice.c.obj</name>
      </input_file>
      <input_file id="fl-16d">
         <path>C:\ti\ccs2100\ccs\tools\compiler\ti-cgt-armllvm_5.1.1.LTS\lib\armv6m-ti-none-eabi\c\</path>
         <kind>archive</kind>
         <file>libc.a</file>
         <name>memcpy16.S.obj</name>
      </input_file>
      <input_file id="fl-16e">
         <path>C:\ti\ccs2100\ccs\tools\compiler\ti-cgt-armllvm_5.1.1.LTS\lib\armv6m-ti-none-eabi\c\</path>
         <kind>archive</kind>
         <file>libc.a</file>
         <name>memset16.S.obj</name>
      </input_file>
      <input_file id="fl-16f">
         <path>C:\ti\ccs2100\ccs\tools\compiler\ti-cgt-armllvm_5.1.1.LTS\lib\armv6m-ti-none-eabi\c\</path>
         <kind>archive</kind>
         <file>libc.a</file>
         <name>strcmp-armv6m.S.obj</name>
      </input_file>
   </input_file_list>
   <object_component_list>
      <object_component id="oc-1a">
         <name>.intvecs</name>
         <load_address>0x0</load_address>
         <readonly>true</readonly>
         <run_address>0x0</run_address>
         <size>0xc0</size>
         <alignment>0x4</alignment>
         <input_file_ref idref="fl-3"/>
      </object_component>
      <object_component id="oc-ef">
         <name>.text.i2cRead</name>
         <load_address>0xc0</load_address>
         <readonly>true</readonly>
         <executable>true</executable>
         <run_address>0xc0</run_address>
         <size>0x78c</size>
         <alignment>0x4</alignment>
         <input_file_ref idref="fl-4"/>
      </object_component>
      <object_component id="oc-e0">
         <name>.text.i2cWrite</name>
         <load_address>0x84c</load_address>
         <readonly>true</readonly>
         <executable>true</executable>
         <run_address>0x84c</run_address>
         <size>0x4b4</size>
         <alignment>0x4</alignment>
         <input_file_ref idref="fl-4"/>
      </object_component>
      <object_component id="oc-110">
         <name>.text:__TI_printfi_minimal</name>
         <load_address>0xd00</load_address>
         <readonly>true</readonly>
         <executable>true</executable>
         <run_address>0xd00</run_address>
         <size>0x27c</size>
         <alignment>0x4</alignment>
         <input_file_ref idref="fl-35"/>
      </object_component>
      <object_component id="oc-249">
         <name>.text.aligned_alloc</name>
         <load_address>0xf7c</load_address>
         <readonly>true</readonly>
         <executable>true</executable>
         <run_address>0xf7c</run_address>
         <size>0x10c</size>
         <alignment>0x4</alignment>
         <input_file_ref idref="fl-42"/>
      </object_component>
      <object_component id="oc-13c">
         <name>.text.DL_Timer_initTimerMode</name>
         <load_address>0x1088</load_address>
         <readonly>true</readonly>
         <executable>true</executable>
         <run_address>0x1088</run_address>
         <size>0xfc</size>
         <alignment>0x4</alignment>
         <input_file_ref idref="fl-16"/>
      </object_component>
      <object_component id="oc-121">
         <name>.text.fputs</name>
         <load_address>0x1184</load_address>
         <readonly>true</readonly>
         <executable>true</executable>
         <run_address>0x1184</run_address>
         <size>0xf0</size>
         <alignment>0x4</alignment>
         <input_file_ref idref="fl-37"/>
      </object_component>
      <object_component id="oc-215">
         <name>.text.free</name>
         <load_address>0x1274</load_address>
         <readonly>true</readonly>
         <executable>true</executable>
         <run_address>0x1274</run_address>
         <size>0xe4</size>
         <alignment>0x4</alignment>
         <input_file_ref idref="fl-42"/>
      </object_component>
      <object_component id="oc-1dd">
         <name>.text.setvbuf</name>
         <load_address>0x1358</load_address>
         <readonly>true</readonly>
         <executable>true</executable>
         <run_address>0x1358</run_address>
         <size>0xe0</size>
         <alignment>0x4</alignment>
         <input_file_ref idref="fl-39"/>
      </object_component>
      <object_component id="oc-a4">
         <name>.text.Read_ALL_Enconder</name>
         <load_address>0x1438</load_address>
         <readonly>true</readonly>
         <executable>true</executable>
         <run_address>0x1438</run_address>
         <size>0xdc</size>
         <alignment>0x4</alignment>
         <input_file_ref idref="fl-5"/>
      </object_component>
      <object_component id="oc-77">
         <name>.text.main</name>
         <load_address>0x1514</load_address>
         <readonly>true</readonly>
         <executable>true</executable>
         <run_address>0x1514</run_address>
         <size>0xc4</size>
         <alignment>0x4</alignment>
         <input_file_ref idref="fl-1"/>
      </object_component>
      <object_component id="oc-129">
         <name>.text.IIC_Wait_Ack</name>
         <load_address>0x15d8</load_address>
         <readonly>true</readonly>
         <executable>true</executable>
         <run_address>0x15d8</run_address>
         <size>0xbc</size>
         <alignment>0x4</alignment>
         <input_file_ref idref="fl-4"/>
      </object_component>
      <object_component id="oc-87">
         <name>.text:memcpy</name>
         <load_address>0x1694</load_address>
         <readonly>true</readonly>
         <executable>true</executable>
         <run_address>0x1694</run_address>
         <size>0x9a</size>
         <alignment>0x1</alignment>
         <input_file_ref idref="fl-16d"/>
      </object_component>
      <object_component id="oc-35">
         <name>.text.Default_Handler</name>
         <load_address>0x172e</load_address>
         <readonly>true</readonly>
         <executable>true</executable>
         <run_address>0x172e</run_address>
         <size>0x2</size>
         <alignment>0x2</alignment>
         <input_file_ref idref="fl-3"/>
      </object_component>
      <object_component id="oc-2c5">
         <name>.text:strcmp</name>
         <load_address>0x1730</load_address>
         <readonly>true</readonly>
         <executable>true</executable>
         <run_address>0x1730</run_address>
         <size>0x88</size>
         <alignment>0x10</alignment>
         <input_file_ref idref="fl-16f"/>
      </object_component>
      <object_component id="oc-24a">
         <name>.text.__TI_closefile</name>
         <load_address>0x17b8</load_address>
         <readonly>true</readonly>
         <executable>true</executable>
         <run_address>0x17b8</run_address>
         <size>0x7c</size>
         <alignment>0x4</alignment>
         <input_file_ref idref="fl-53"/>
      </object_component>
      <object_component id="oc-1e">
         <name>.text:decompress:lzss</name>
         <load_address>0x1834</load_address>
         <readonly>true</readonly>
         <executable>true</executable>
         <run_address>0x1834</run_address>
         <size>0x7c</size>
         <alignment>0x4</alignment>
         <input_file_ref idref="fl-4a"/>
      </object_component>
      <object_component id="oc-10b">
         <name>.text.SYSCFG_DL_UART_0_init</name>
         <load_address>0x18b0</load_address>
         <readonly>true</readonly>
         <executable>true</executable>
         <run_address>0x18b0</run_address>
         <size>0x70</size>
         <alignment>0x4</alignment>
         <input_file_ref idref="fl-2"/>
      </object_component>
      <object_component id="oc-265">
         <name>.text.HOSTlseek</name>
         <load_address>0x1920</load_address>
         <readonly>true</readonly>
         <executable>true</executable>
         <run_address>0x1920</run_address>
         <size>0x6c</size>
         <alignment>0x4</alignment>
         <input_file_ref idref="fl-150"/>
      </object_component>
      <object_component id="oc-26f">
         <name>.text.HOSTrename</name>
         <load_address>0x198c</load_address>
         <readonly>true</readonly>
         <executable>true</executable>
         <run_address>0x198c</run_address>
         <size>0x6c</size>
         <alignment>0x4</alignment>
         <input_file_ref idref="fl-153"/>
      </object_component>
      <object_component id="oc-212">
         <name>.text.fseeko</name>
         <load_address>0x19f8</load_address>
         <readonly>true</readonly>
         <executable>true</executable>
         <run_address>0x19f8</run_address>
         <size>0x6c</size>
         <alignment>0x4</alignment>
         <input_file_ref idref="fl-50"/>
      </object_component>
      <object_component id="oc-2b9">
         <name>.text.getdevice</name>
         <load_address>0x1a64</load_address>
         <readonly>true</readonly>
         <executable>true</executable>
         <run_address>0x1a64</run_address>
         <size>0x6c</size>
         <alignment>0x4</alignment>
         <input_file_ref idref="fl-16c"/>
      </object_component>
      <object_component id="oc-178">
         <name>.text.__TI_wrt_ok</name>
         <load_address>0x1ad0</load_address>
         <readonly>true</readonly>
         <executable>true</executable>
         <run_address>0x1ad0</run_address>
         <size>0x64</size>
         <alignment>0x2</alignment>
         <input_file_ref idref="fl-38"/>
      </object_component>
      <object_component id="oc-281">
         <name>.text.split</name>
         <load_address>0x1b34</load_address>
         <readonly>true</readonly>
         <executable>true</executable>
         <run_address>0x1b34</run_address>
         <size>0x64</size>
         <alignment>0x4</alignment>
         <input_file_ref idref="fl-42"/>
      </object_component>
      <object_component id="oc-d0">
         <name>.text:memset</name>
         <load_address>0x1b98</load_address>
         <readonly>true</readonly>
         <executable>true</executable>
         <run_address>0x1b98</run_address>
         <size>0x62</size>
         <alignment>0x1</alignment>
         <input_file_ref idref="fl-16e"/>
      </object_component>
      <object_component id="oc-196">
         <name>.text.__aeabi_idiv0</name>
         <load_address>0x1bfa</load_address>
         <readonly>true</readonly>
         <executable>true</executable>
         <run_address>0x1bfa</run_address>
         <size>0x2</size>
         <alignment>0x2</alignment>
         <input_file_ref idref="fl-169"/>
      </object_component>
      <object_component id="oc-ac">
         <name>.text.Car_Move</name>
         <load_address>0x1bfc</load_address>
         <readonly>true</readonly>
         <executable>true</executable>
         <run_address>0x1bfc</run_address>
         <size>0x60</size>
         <alignment>0x4</alignment>
         <input_file_ref idref="fl-1"/>
      </object_component>
      <object_component id="oc-253">
         <name>.text.HOSTopen</name>
         <load_address>0x1c5c</load_address>
         <readonly>true</readonly>
         <executable>true</executable>
         <run_address>0x1c5c</run_address>
         <size>0x5c</size>
         <alignment>0x4</alignment>
         <input_file_ref idref="fl-151"/>
      </object_component>
      <object_component id="oc-8d">
         <name>.text.printf</name>
         <load_address>0x1cb8</load_address>
         <readonly>true</readonly>
         <executable>true</executable>
         <run_address>0x1cb8</run_address>
         <size>0x5c</size>
         <alignment>0x4</alignment>
         <input_file_ref idref="fl-34"/>
      </object_component>
      <object_component id="oc-25d">
         <name>.text.HOSTread</name>
         <load_address>0x1d14</load_address>
         <readonly>true</readonly>
         <executable>true</executable>
         <run_address>0x1d14</run_address>
         <size>0x58</size>
         <alignment>0x4</alignment>
         <input_file_ref idref="fl-152"/>
      </object_component>
      <object_component id="oc-261">
         <name>.text.HOSTwrite</name>
         <load_address>0x1d6c</load_address>
         <readonly>true</readonly>
         <executable>true</executable>
         <run_address>0x1d6c</run_address>
         <size>0x58</size>
         <alignment>0x4</alignment>
         <input_file_ref idref="fl-155"/>
      </object_component>
      <object_component id="oc-184">
         <name>.text.__TI_doflush</name>
         <load_address>0x1dc4</load_address>
         <readonly>true</readonly>
         <executable>true</executable>
         <run_address>0x1dc4</run_address>
         <size>0x52</size>
         <alignment>0x2</alignment>
         <input_file_ref idref="fl-4e"/>
      </object_component>
      <object_component id="oc-118">
         <name>.text._nop</name>
         <load_address>0x1e16</load_address>
         <readonly>true</readonly>
         <executable>true</executable>
         <run_address>0x1e16</run_address>
         <size>0x2</size>
         <alignment>0x2</alignment>
         <input_file_ref idref="fl-3c"/>
      </object_component>
      <object_component id="oc-283">
         <name>.text.close</name>
         <load_address>0x1e18</load_address>
         <readonly>true</readonly>
         <executable>true</executable>
         <run_address>0x1e18</run_address>
         <size>0x50</size>
         <alignment>0x4</alignment>
         <input_file_ref idref="fl-14d"/>
      </object_component>
      <object_component id="oc-145">
         <name>.text.DL_UART_init</name>
         <load_address>0x1e68</load_address>
         <readonly>true</readonly>
         <executable>true</executable>
         <run_address>0x1e68</run_address>
         <size>0x48</size>
         <alignment>0x4</alignment>
         <input_file_ref idref="fl-17"/>
      </object_component>
      <object_component id="oc-259">
         <name>.text.HOSTclose</name>
         <load_address>0x1eb0</load_address>
         <readonly>true</readonly>
         <executable>true</executable>
         <run_address>0x1eb0</run_address>
         <size>0x48</size>
         <alignment>0x4</alignment>
         <input_file_ref idref="fl-14f"/>
      </object_component>
      <object_component id="oc-269">
         <name>.text.HOSTunlink</name>
         <load_address>0x1ef8</load_address>
         <readonly>true</readonly>
         <executable>true</executable>
         <run_address>0x1ef8</run_address>
         <size>0x48</size>
         <alignment>0x4</alignment>
         <input_file_ref idref="fl-154"/>
      </object_component>
      <object_component id="oc-36">
         <name>.text.UART0_IRQHandler</name>
         <load_address>0x1f40</load_address>
         <readonly>true</readonly>
         <executable>true</executable>
         <run_address>0x1f40</run_address>
         <size>0x44</size>
         <alignment>0x4</alignment>
         <input_file_ref idref="fl-7"/>
      </object_component>
      <object_component id="oc-106">
         <name>.text.SYSCFG_DL_initPower</name>
         <load_address>0x1f84</load_address>
         <readonly>true</readonly>
         <executable>true</executable>
         <run_address>0x1f84</run_address>
         <size>0x40</size>
         <alignment>0x4</alignment>
         <input_file_ref idref="fl-2"/>
      </object_component>
      <object_component id="oc-99">
         <name>.text.delay_ms</name>
         <load_address>0x1fc4</load_address>
         <readonly>true</readonly>
         <executable>true</executable>
         <run_address>0x1fc4</run_address>
         <size>0x40</size>
         <alignment>0x4</alignment>
         <input_file_ref idref="fl-6"/>
      </object_component>
      <object_component id="oc-14e">
         <name>.text</name>
         <load_address>0x2004</load_address>
         <readonly>true</readonly>
         <executable>true</executable>
         <run_address>0x2004</run_address>
         <size>0x40</size>
         <alignment>0x4</alignment>
         <input_file_ref idref="fl-160"/>
      </object_component>
      <object_component id="oc-108">
         <name>.text.SYSCFG_DL_SYSCTL_init</name>
         <load_address>0x2044</load_address>
         <readonly>true</readonly>
         <executable>true</executable>
         <run_address>0x2044</run_address>
         <size>0x3c</size>
         <alignment>0x4</alignment>
         <input_file_ref idref="fl-2"/>
      </object_component>
      <object_component id="oc-128">
         <name>.text.delay_us</name>
         <load_address>0x2080</load_address>
         <readonly>true</readonly>
         <executable>true</executable>
         <run_address>0x2080</run_address>
         <size>0x3c</size>
         <alignment>0x4</alignment>
         <input_file_ref idref="fl-6"/>
      </object_component>
      <object_component id="oc-b8">
         <name>.text:__TI_auto_init_nobinit_nopinit</name>
         <load_address>0x20bc</load_address>
         <readonly>true</readonly>
         <executable>true</executable>
         <run_address>0x20bc</run_address>
         <size>0x3c</size>
         <alignment>0x4</alignment>
         <input_file_ref idref="fl-45"/>
      </object_component>
      <object_component id="oc-10a">
         <name>.text.SYSCFG_DL_TIMER_0_init</name>
         <load_address>0x20f8</load_address>
         <readonly>true</readonly>
         <executable>true</executable>
         <run_address>0x20f8</run_address>
         <size>0x38</size>
         <alignment>0x4</alignment>
         <input_file_ref idref="fl-2"/>
      </object_component>
      <object_component id="oc-a5">
         <name>.text.sprintf</name>
         <load_address>0x2130</load_address>
         <readonly>true</readonly>
         <executable>true</executable>
         <run_address>0x2130</run_address>
         <size>0x38</size>
         <alignment>0x4</alignment>
         <input_file_ref idref="fl-36"/>
      </object_component>
      <object_component id="oc-21c">
         <name>.text.__TI_cleanup</name>
         <load_address>0x2168</load_address>
         <readonly>true</readonly>
         <executable>true</executable>
         <run_address>0x2168</run_address>
         <size>0x34</size>
         <alignment>0x4</alignment>
         <input_file_ref idref="fl-4f"/>
      </object_component>
      <object_component id="oc-295">
         <name>.text.__TI_readmsg</name>
         <load_address>0x219c</load_address>
         <readonly>true</readonly>
         <executable>true</executable>
         <run_address>0x219c</run_address>
         <size>0x34</size>
         <alignment>0x4</alignment>
         <input_file_ref idref="fl-156"/>
      </object_component>
      <object_component id="oc-28f">
         <name>.text.__TI_writemsg</name>
         <load_address>0x21d0</load_address>
         <readonly>true</readonly>
         <executable>true</executable>
         <run_address>0x21d0</run_address>
         <size>0x34</size>
         <alignment>0x4</alignment>
         <input_file_ref idref="fl-156"/>
      </object_component>
      <object_component id="oc-b6">
         <name>.text.exit</name>
         <load_address>0x2204</load_address>
         <readonly>true</readonly>
         <executable>true</executable>
         <run_address>0x2204</run_address>
         <size>0x34</size>
         <alignment>0x4</alignment>
         <input_file_ref idref="fl-3b"/>
      </object_component>
      <object_component id="oc-2c2">
         <name>.text.finddevice</name>
         <load_address>0x2238</load_address>
         <readonly>true</readonly>
         <executable>true</executable>
         <run_address>0x2238</run_address>
         <size>0x34</size>
         <alignment>0x4</alignment>
         <input_file_ref idref="fl-16c"/>
      </object_component>
      <object_component id="oc-93">
         <name>.text.control_pwm</name>
         <load_address>0x226c</load_address>
         <readonly>true</readonly>
         <executable>true</executable>
         <run_address>0x226c</run_address>
         <size>0x30</size>
         <alignment>0x4</alignment>
         <input_file_ref idref="fl-5"/>
      </object_component>
      <object_component id="oc-f6">
         <name>.text.control_speed</name>
         <load_address>0x229c</load_address>
         <readonly>true</readonly>
         <executable>true</executable>
         <run_address>0x229c</run_address>
         <size>0x30</size>
         <alignment>0x4</alignment>
         <input_file_ref idref="fl-5"/>
      </object_component>
      <object_component id="oc-ab">
         <name>.text.uart0_send_string</name>
         <load_address>0x22cc</load_address>
         <readonly>true</readonly>
         <executable>true</executable>
         <run_address>0x22cc</run_address>
         <size>0x30</size>
         <alignment>0x4</alignment>
         <input_file_ref idref="fl-7"/>
      </object_component>
      <object_component id="oc-107">
         <name>.text.SYSCFG_DL_GPIO_init</name>
         <load_address>0x22fc</load_address>
         <readonly>true</readonly>
         <executable>true</executable>
         <run_address>0x22fc</run_address>
         <size>0x2c</size>
         <alignment>0x4</alignment>
         <input_file_ref idref="fl-2"/>
      </object_component>
      <object_component id="oc-2af">
         <name>.text.unlink</name>
         <load_address>0x2328</load_address>
         <readonly>true</readonly>
         <executable>true</executable>
         <run_address>0x2328</run_address>
         <size>0x2c</size>
         <alignment>0x4</alignment>
         <input_file_ref idref="fl-14e"/>
      </object_component>
      <object_component id="oc-d1">
         <name>.text.SYSCFG_DL_init</name>
         <load_address>0x2354</load_address>
         <readonly>true</readonly>
         <executable>true</executable>
         <run_address>0x2354</run_address>
         <size>0x28</size>
         <alignment>0x4</alignment>
         <input_file_ref idref="fl-2"/>
      </object_component>
      <object_component id="oc-245">
         <name>.text.free_list_insert</name>
         <load_address>0x237c</load_address>
         <readonly>true</readonly>
         <executable>true</executable>
         <run_address>0x237c</run_address>
         <size>0x28</size>
         <alignment>0x4</alignment>
         <input_file_ref idref="fl-42"/>
      </object_component>
      <object_component id="oc-23f">
         <name>.text.lseek</name>
         <load_address>0x23a4</load_address>
         <readonly>true</readonly>
         <executable>true</executable>
         <run_address>0x23a4</run_address>
         <size>0x28</size>
         <alignment>0x4</alignment>
         <input_file_ref idref="fl-14c"/>
      </object_component>
      <object_component id="oc-17f">
         <name>.text.write</name>
         <load_address>0x23cc</load_address>
         <readonly>true</readonly>
         <executable>true</executable>
         <run_address>0x23cc</run_address>
         <size>0x28</size>
         <alignment>0x4</alignment>
         <input_file_ref idref="fl-148"/>
      </object_component>
      <object_component id="oc-5c">
         <name>.text:_c_int00_noargs</name>
         <load_address>0x23f4</load_address>
         <readonly>true</readonly>
         <executable>true</executable>
         <run_address>0x23f4</run_address>
         <size>0x28</size>
         <alignment>0x4</alignment>
         <input_file_ref idref="fl-43"/>
      </object_component>
      <object_component id="oc-149">
         <name>.text.memccpy</name>
         <load_address>0x241c</load_address>
         <readonly>true</readonly>
         <executable>true</executable>
         <run_address>0x241c</run_address>
         <size>0x22</size>
         <alignment>0x2</alignment>
         <input_file_ref idref="fl-41"/>
      </object_component>
      <object_component id="oc-127">
         <name>.text.fputc</name>
         <load_address>0x2440</load_address>
         <readonly>true</readonly>
         <executable>true</executable>
         <run_address>0x2440</run_address>
         <size>0x20</size>
         <alignment>0x4</alignment>
         <input_file_ref idref="fl-7"/>
      </object_component>
      <object_component id="oc-136">
         <name>.text.DL_Timer_setClockConfig</name>
         <load_address>0x2460</load_address>
         <readonly>true</readonly>
         <executable>true</executable>
         <run_address>0x2460</run_address>
         <size>0x1c</size>
         <alignment>0x4</alignment>
         <input_file_ref idref="fl-16"/>
      </object_component>
      <object_component id="oc-10c">
         <name>.text.SYSCFG_DL_SYSTICK_init</name>
         <load_address>0x247c</load_address>
         <readonly>true</readonly>
         <executable>true</executable>
         <run_address>0x247c</run_address>
         <size>0x1c</size>
         <alignment>0x4</alignment>
         <input_file_ref idref="fl-2"/>
      </object_component>
      <object_component id="oc-a0">
         <name>.text.Set_Pluse_Phase</name>
         <load_address>0x2498</load_address>
         <readonly>true</readonly>
         <executable>true</executable>
         <run_address>0x2498</run_address>
         <size>0x1c</size>
         <alignment>0x4</alignment>
         <input_file_ref idref="fl-5"/>
      </object_component>
      <object_component id="oc-a1">
         <name>.text.Set_Pluse_line</name>
         <load_address>0x24b4</load_address>
         <readonly>true</readonly>
         <executable>true</executable>
         <run_address>0x24b4</run_address>
         <size>0x1c</size>
         <alignment>0x4</alignment>
         <input_file_ref idref="fl-5"/>
      </object_component>
      <object_component id="oc-a3">
         <name>.text.Set_motor_deadzone</name>
         <load_address>0x24d0</load_address>
         <readonly>true</readonly>
         <executable>true</executable>
         <run_address>0x24d0</run_address>
         <size>0x1c</size>
         <alignment>0x4</alignment>
         <input_file_ref idref="fl-5"/>
      </object_component>
      <object_component id="oc-3c">
         <name>.text.TIMA0_IRQHandler</name>
         <load_address>0x24ec</load_address>
         <readonly>true</readonly>
         <executable>true</executable>
         <run_address>0x24ec</run_address>
         <size>0x1c</size>
         <alignment>0x4</alignment>
         <input_file_ref idref="fl-1"/>
      </object_component>
      <object_component id="oc-8c">
         <name>.text.USART_Init</name>
         <load_address>0x2508</load_address>
         <readonly>true</readonly>
         <executable>true</executable>
         <run_address>0x2508</run_address>
         <size>0x1c</size>
         <alignment>0x4</alignment>
         <input_file_ref idref="fl-7"/>
      </object_component>
      <object_component id="oc-243">
         <name>.text.free_list_remove</name>
         <load_address>0x2524</load_address>
         <readonly>true</readonly>
         <executable>true</executable>
         <run_address>0x2524</run_address>
         <size>0x1c</size>
         <alignment>0x4</alignment>
         <input_file_ref idref="fl-42"/>
      </object_component>
      <object_component id="oc-183">
         <name>.text.memchr</name>
         <load_address>0x2540</load_address>
         <readonly>true</readonly>
         <executable>true</executable>
         <run_address>0x2540</run_address>
         <size>0x1a</size>
         <alignment>0x2</alignment>
         <input_file_ref idref="fl-37"/>
      </object_component>
      <object_component id="oc-6f">
         <name>.text</name>
         <load_address>0x255c</load_address>
         <readonly>true</readonly>
         <executable>true</executable>
         <run_address>0x255c</run_address>
         <size>0x1a</size>
         <alignment>0x4</alignment>
         <input_file_ref idref="fl-163"/>
      </object_component>
      <object_component id="oc-a2">
         <name>.text.Set_Wheel_dis</name>
         <load_address>0x2578</load_address>
         <readonly>true</readonly>
         <executable>true</executable>
         <run_address>0x2578</run_address>
         <size>0x18</size>
         <alignment>0x4</alignment>
         <input_file_ref idref="fl-5"/>
      </object_component>
      <object_component id="oc-f2">
         <name>.text._outs</name>
         <load_address>0x2590</load_address>
         <readonly>true</readonly>
         <executable>true</executable>
         <run_address>0x2590</run_address>
         <size>0x18</size>
         <alignment>0x2</alignment>
         <input_file_ref idref="fl-36"/>
      </object_component>
      <object_component id="oc-9f">
         <name>.text.Set_motor_type</name>
         <load_address>0x25a8</load_address>
         <readonly>true</readonly>
         <executable>true</executable>
         <run_address>0x25a8</run_address>
         <size>0x16</size>
         <alignment>0x2</alignment>
         <input_file_ref idref="fl-5"/>
      </object_component>
      <object_component id="oc-53">
         <name>.text:decompress:ZI:__TI_zero_init_nomemset</name>
         <load_address>0x25be</load_address>
         <readonly>true</readonly>
         <executable>true</executable>
         <run_address>0x25be</run_address>
         <size>0x16</size>
         <alignment>0x2</alignment>
         <input_file_ref idref="fl-48"/>
      </object_component>
      <object_component id="oc-13f">
         <name>.text.DL_UART_setClockConfig</name>
         <load_address>0x25d4</load_address>
         <readonly>true</readonly>
         <executable>true</executable>
         <run_address>0x25d4</run_address>
         <size>0x12</size>
         <alignment>0x2</alignment>
         <input_file_ref idref="fl-17"/>
      </object_component>
      <object_component id="oc-22">
         <name>.text:decompress:none</name>
         <load_address>0x25e6</load_address>
         <readonly>true</readonly>
         <executable>true</executable>
         <run_address>0x25e6</run_address>
         <size>0x12</size>
         <alignment>0x2</alignment>
         <input_file_ref idref="fl-49"/>
      </object_component>
      <object_component id="oc-244">
         <name>.text.OUTLINED_FUNCTION_0</name>
         <load_address>0x25f8</load_address>
         <readonly>true</readonly>
         <executable>true</executable>
         <run_address>0x25f8</run_address>
         <size>0xe</size>
         <alignment>0x2</alignment>
         <input_file_ref idref="fl-42"/>
      </object_component>
      <object_component id="oc-2a8">
         <name>.text.strcpy</name>
         <load_address>0x2606</load_address>
         <readonly>true</readonly>
         <executable>true</executable>
         <run_address>0x2606</run_address>
         <size>0xe</size>
         <alignment>0x2</alignment>
         <input_file_ref idref="fl-153"/>
      </object_component>
      <object_component id="oc-148">
         <name>.text.strlen</name>
         <load_address>0x2614</load_address>
         <readonly>true</readonly>
         <executable>true</executable>
         <run_address>0x2614</run_address>
         <size>0xe</size>
         <alignment>0x2</alignment>
         <input_file_ref idref="fl-35"/>
      </object_component>
      <object_component id="oc-17e">
         <name>.text.strlen</name>
         <load_address>0x2622</load_address>
         <readonly>true</readonly>
         <executable>true</executable>
         <run_address>0x2622</run_address>
         <size>0xe</size>
         <alignment>0x2</alignment>
         <input_file_ref idref="fl-37"/>
      </object_component>
      <object_component id="oc-28e">
         <name>.text.strlen</name>
         <load_address>0x2630</load_address>
         <readonly>true</readonly>
         <executable>true</executable>
         <run_address>0x2630</run_address>
         <size>0xe</size>
         <alignment>0x2</alignment>
         <input_file_ref idref="fl-151"/>
      </object_component>
      <object_component id="oc-2a9">
         <name>.text.strlen</name>
         <load_address>0x263e</load_address>
         <readonly>true</readonly>
         <executable>true</executable>
         <run_address>0x263e</run_address>
         <size>0xe</size>
         <alignment>0x2</alignment>
         <input_file_ref idref="fl-153"/>
      </object_component>
      <object_component id="oc-2a5">
         <name>.text.strlen</name>
         <load_address>0x264c</load_address>
         <readonly>true</readonly>
         <executable>true</executable>
         <run_address>0x264c</run_address>
         <size>0xe</size>
         <alignment>0x2</alignment>
         <input_file_ref idref="fl-154"/>
      </object_component>
      <object_component id="oc-21b">
         <name>.text.malloc</name>
         <load_address>0x265a</load_address>
         <readonly>true</readonly>
         <executable>true</executable>
         <run_address>0x265a</run_address>
         <size>0xc</size>
         <alignment>0x2</alignment>
         <input_file_ref idref="fl-42"/>
      </object_component>
      <object_component id="oc-132">
         <name>.text.DL_Common_delayCycles</name>
         <load_address>0x2666</load_address>
         <readonly>true</readonly>
         <executable>true</executable>
         <run_address>0x2666</run_address>
         <size>0xa</size>
         <alignment>0x2</alignment>
         <input_file_ref idref="fl-15"/>
      </object_component>
      <object_component id="oc-f3">
         <name>.text._outc</name>
         <load_address>0x2670</load_address>
         <readonly>true</readonly>
         <executable>true</executable>
         <run_address>0x2670</run_address>
         <size>0xa</size>
         <alignment>0x2</alignment>
         <input_file_ref idref="fl-36"/>
      </object_component>
      <object_component id="oc-dc">
         <name>.text._outc</name>
         <load_address>0x267a</load_address>
         <readonly>true</readonly>
         <executable>true</executable>
         <run_address>0x267a</run_address>
         <size>0x8</size>
         <alignment>0x2</alignment>
         <input_file_ref idref="fl-34"/>
      </object_component>
      <object_component id="oc-db">
         <name>.text._outs</name>
         <load_address>0x2682</load_address>
         <readonly>true</readonly>
         <executable>true</executable>
         <run_address>0x2682</run_address>
         <size>0x8</size>
         <alignment>0x2</alignment>
         <input_file_ref idref="fl-34"/>
      </object_component>
      <object_component id="oc-1d7">
         <name>.text.fseek</name>
         <load_address>0x268a</load_address>
         <readonly>true</readonly>
         <executable>true</executable>
         <run_address>0x268a</run_address>
         <size>0x8</size>
         <alignment>0x2</alignment>
         <input_file_ref idref="fl-50"/>
      </object_component>
      <object_component id="oc-287">
         <name>.text.remove</name>
         <load_address>0x2692</load_address>
         <readonly>true</readonly>
         <executable>true</executable>
         <run_address>0x2692</run_address>
         <size>0x8</size>
         <alignment>0x2</alignment>
         <input_file_ref idref="fl-14a"/>
      </object_component>
      <object_component id="oc-4c">
         <name>.text</name>
         <load_address>0x269c</load_address>
         <readonly>true</readonly>
         <executable>true</executable>
         <run_address>0x269c</run_address>
         <size>0x8</size>
         <alignment>0x4</alignment>
         <input_file_ref idref="fl-162"/>
      </object_component>
      <object_component id="oc-b1">
         <name>.text:abort</name>
         <load_address>0x26a4</load_address>
         <readonly>true</readonly>
         <executable>true</executable>
         <run_address>0x26a4</run_address>
         <size>0x6</size>
         <alignment>0x2</alignment>
         <input_file_ref idref="fl-3b"/>
      </object_component>
      <object_component id="oc-f8">
         <name>.text.HOSTexit</name>
         <load_address>0x26aa</load_address>
         <readonly>true</readonly>
         <executable>true</executable>
         <run_address>0x26aa</run_address>
         <size>0x4</size>
         <alignment>0x2</alignment>
         <input_file_ref idref="fl-147"/>
      </object_component>
      <object_component id="oc-31">
         <name>.text.Reset_Handler</name>
         <load_address>0x26ae</load_address>
         <readonly>true</readonly>
         <executable>true</executable>
         <run_address>0x26ae</run_address>
         <size>0x4</size>
         <alignment>0x2</alignment>
         <input_file_ref idref="fl-3"/>
      </object_component>
      <object_component id="oc-73">
         <name>.text._system_pre_init</name>
         <load_address>0x26b2</load_address>
         <readonly>true</readonly>
         <executable>true</executable>
         <run_address>0x26b2</run_address>
         <size>0x4</size>
         <alignment>0x2</alignment>
         <input_file_ref idref="fl-46"/>
      </object_component>
      <object_component id="oc-313">
         <name>.cinit..data.load</name>
         <load_address>0x2728</load_address>
         <readonly>true</readonly>
         <run_address>0x2728</run_address>
         <size>0x64</size>
         <alignment>0x1</alignment>
      </object_component>
      <object_component id="oc-311">
         <name>__TI_handler_table</name>
         <load_address>0x278c</load_address>
         <readonly>true</readonly>
         <run_address>0x278c</run_address>
         <size>0xc</size>
         <alignment>0x4</alignment>
      </object_component>
      <object_component id="oc-314">
         <name>.cinit..bss.load</name>
         <load_address>0x2798</load_address>
         <readonly>true</readonly>
         <run_address>0x2798</run_address>
         <size>0x8</size>
         <alignment>0x4</alignment>
      </object_component>
      <object_component id="oc-312">
         <name>__TI_cinit_table</name>
         <load_address>0x27a0</load_address>
         <readonly>true</readonly>
         <run_address>0x27a0</run_address>
         <size>0x10</size>
         <alignment>0x4</alignment>
      </object_component>
      <object_component id="oc-b0">
         <name>.rodata.str1.254342170260855183.1</name>
         <load_address>0x26c0</load_address>
         <readonly>true</readonly>
         <run_address>0x26c0</run_address>
         <size>0x1f</size>
         <alignment>0x1</alignment>
         <input_file_ref idref="fl-1"/>
      </object_component>
      <object_component id="oc-13e">
         <name>.rodata.gTIMER_0TimerConfig</name>
         <load_address>0x26e0</load_address>
         <readonly>true</readonly>
         <run_address>0x26e0</run_address>
         <size>0x14</size>
         <alignment>0x4</alignment>
         <input_file_ref idref="fl-2"/>
      </object_component>
      <object_component id="oc-14d">
         <name>.rodata.str1.15363888844622738466.1</name>
         <load_address>0x26f4</load_address>
         <readonly>true</readonly>
         <run_address>0x26f4</run_address>
         <size>0x11</size>
         <alignment>0x1</alignment>
         <input_file_ref idref="fl-35"/>
      </object_component>
      <object_component id="oc-ad">
         <name>.rodata.str1.9517790425240694019.1</name>
         <load_address>0x2705</load_address>
         <readonly>true</readonly>
         <run_address>0x2705</run_address>
         <size>0xf</size>
         <alignment>0x1</alignment>
         <input_file_ref idref="fl-1"/>
      </object_component>
      <object_component id="oc-147">
         <name>.rodata.gUART_0Config</name>
         <load_address>0x2714</load_address>
         <readonly>true</readonly>
         <run_address>0x2714</run_address>
         <size>0xa</size>
         <alignment>0x2</alignment>
         <input_file_ref idref="fl-2"/>
      </object_component>
      <object_component id="oc-13d">
         <name>.rodata.gTIMER_0ClockConfig</name>
         <load_address>0x271e</load_address>
         <readonly>true</readonly>
         <run_address>0x271e</run_address>
         <size>0x3</size>
         <alignment>0x1</alignment>
         <input_file_ref idref="fl-2"/>
      </object_component>
      <object_component id="oc-146">
         <name>.rodata.gUART_0ClockConfig</name>
         <load_address>0x2721</load_address>
         <readonly>true</readonly>
         <run_address>0x2721</run_address>
         <size>0x2</size>
         <alignment>0x1</alignment>
         <input_file_ref idref="fl-2"/>
      </object_component>
      <object_component id="oc-2d3">
         <name>.binit</name>
         <load_address>0x0</load_address>
         <readonly>true</readonly>
         <run_address>0x0</run_address>
         <size>0x0</size>
         <alignment>0x4</alignment>
      </object_component>
      <object_component id="oc-68">
         <name>.data.times</name>
         <load_address>0x20200d6d</load_address>
         <readwrite>true</readwrite>
         <run_address>0x20200d6d</run_address>
         <size>0x1</size>
         <alignment>0x1</alignment>
         <input_file_ref idref="fl-1"/>
      </object_component>
      <object_component id="oc-f7">
         <name>.data.Car_Move.state</name>
         <load_address>0x20200d6a</load_address>
         <readwrite>true</readwrite>
         <run_address>0x20200d6a</run_address>
         <size>0x1</size>
         <alignment>0x1</alignment>
         <input_file_ref idref="fl-1"/>
      </object_component>
      <object_component id="oc-64">
         <name>.data.recv0_buff</name>
         <load_address>0x20200c0c</load_address>
         <readwrite>true</readwrite>
         <run_address>0x20200c0c</run_address>
         <size>0x80</size>
         <alignment>0x1</alignment>
         <input_file_ref idref="fl-7"/>
      </object_component>
      <object_component id="oc-63">
         <name>.data.recv0_length</name>
         <load_address>0x20200d68</load_address>
         <readwrite>true</readwrite>
         <run_address>0x20200d68</run_address>
         <size>0x2</size>
         <alignment>0x2</alignment>
         <input_file_ref idref="fl-7"/>
      </object_component>
      <object_component id="oc-65">
         <name>.data.recv0_flag</name>
         <load_address>0x20200d6b</load_address>
         <readwrite>true</readwrite>
         <run_address>0x20200d6b</run_address>
         <size>0x1</size>
         <alignment>0x1</alignment>
         <input_file_ref idref="fl-7"/>
      </object_component>
      <object_component id="oc-fe">
         <name>.data..L_MergedGlobals</name>
         <load_address>0x20200d54</load_address>
         <readwrite>true</readwrite>
         <run_address>0x20200d54</run_address>
         <size>0x8</size>
         <alignment>0x4</alignment>
         <input_file_ref idref="fl-3b"/>
      </object_component>
      <object_component id="oc-d7">
         <name>.data._lock</name>
         <load_address>0x20200d60</load_address>
         <readwrite>true</readwrite>
         <run_address>0x20200d60</run_address>
         <size>0x4</size>
         <alignment>0x4</alignment>
         <input_file_ref idref="fl-3c"/>
      </object_component>
      <object_component id="oc-dd">
         <name>.data._unlock</name>
         <load_address>0x20200d64</load_address>
         <readwrite>true</readwrite>
         <run_address>0x20200d64</run_address>
         <size>0x4</size>
         <alignment>0x4</alignment>
         <input_file_ref idref="fl-3c"/>
      </object_component>
      <object_component id="oc-d9">
         <name>.data._ftable</name>
         <load_address>0x20200b1c</load_address>
         <readwrite>true</readwrite>
         <run_address>0x20200b1c</run_address>
         <size>0xf0</size>
         <alignment>0x4</alignment>
         <input_file_ref idref="fl-40"/>
      </object_component>
      <object_component id="oc-250">
         <name>.data.__TI_ft_end</name>
         <load_address>0x20200d5c</load_address>
         <readwrite>true</readwrite>
         <run_address>0x20200d5c</run_address>
         <size>0x4</size>
         <alignment>0x4</alignment>
         <input_file_ref idref="fl-40"/>
      </object_component>
      <object_component id="oc-282">
         <name>.data.memory_is_initialized</name>
         <load_address>0x20200d6c</load_address>
         <readwrite>true</readwrite>
         <run_address>0x20200d6c</run_address>
         <size>0x1</size>
         <alignment>0x4</alignment>
         <input_file_ref idref="fl-42"/>
      </object_component>
      <object_component id="oc-225">
         <name>.data._device</name>
         <load_address>0x20200c8c</load_address>
         <readwrite>true</readwrite>
         <run_address>0x20200c8c</run_address>
         <size>0x78</size>
         <alignment>0x4</alignment>
         <input_file_ref idref="fl-149"/>
      </object_component>
      <object_component id="oc-1e3">
         <name>.data._stream</name>
         <load_address>0x20200d04</load_address>
         <readwrite>true</readwrite>
         <run_address>0x20200d04</run_address>
         <size>0x50</size>
         <alignment>0x4</alignment>
         <input_file_ref idref="fl-149"/>
      </object_component>
      <object_component id="oc-ee">
         <name>.bss.Set_motor_deadzone.buf_tempzone</name>
         <uninitialized>true</uninitialized>
         <readwrite>true</readwrite>
         <run_address>0x20200b18</run_address>
         <size>0x2</size>
         <alignment>0x1</alignment>
         <input_file_ref idref="fl-5"/>
      </object_component>
      <object_component id="oc-ec">
         <name>.bss.Set_Pluse_line.buf_templine</name>
         <uninitialized>true</uninitialized>
         <readwrite>true</readwrite>
         <run_address>0x20200b16</run_address>
         <size>0x2</size>
         <alignment>0x1</alignment>
         <input_file_ref idref="fl-5"/>
      </object_component>
      <object_component id="oc-eb">
         <name>.bss.Set_Pluse_Phase.buf_tempPhase</name>
         <uninitialized>true</uninitialized>
         <readwrite>true</readwrite>
         <run_address>0x20200b14</run_address>
         <size>0x2</size>
         <alignment>0x1</alignment>
         <input_file_ref idref="fl-5"/>
      </object_component>
      <object_component id="oc-ed">
         <name>.bss.Set_Wheel_dis.bytes</name>
         <uninitialized>true</uninitialized>
         <readwrite>true</readwrite>
         <run_address>0x20200b08</run_address>
         <size>0x4</size>
         <alignment>0x4</alignment>
         <input_file_ref idref="fl-5"/>
      </object_component>
      <object_component id="oc-12c">
         <name>.bss.control_speed.speed</name>
         <uninitialized>true</uninitialized>
         <readwrite>true</readwrite>
         <run_address>0x20200af8</run_address>
         <size>0x8</size>
         <alignment>0x1</alignment>
         <input_file_ref idref="fl-5"/>
      </object_component>
      <object_component id="oc-e6">
         <name>.bss.control_pwm.pwm</name>
         <uninitialized>true</uninitialized>
         <readwrite>true</readwrite>
         <run_address>0x20200af0</run_address>
         <size>0x8</size>
         <alignment>0x1</alignment>
         <input_file_ref idref="fl-5"/>
      </object_component>
      <object_component id="oc-f0">
         <name>.bss.Read_ALL_Enconder.buf</name>
         <uninitialized>true</uninitialized>
         <readwrite>true</readwrite>
         <run_address>0x20200b12</run_address>
         <size>0x2</size>
         <alignment>0x1</alignment>
         <input_file_ref idref="fl-5"/>
      </object_component>
      <object_component id="oc-f1">
         <name>.bss.Read_ALL_Enconder.buf2</name>
         <uninitialized>true</uninitialized>
         <readwrite>true</readwrite>
         <run_address>0x20200b10</run_address>
         <size>0x2</size>
         <alignment>0x1</alignment>
         <input_file_ref idref="fl-5"/>
      </object_component>
      <object_component id="oc-28b">
         <name>.bss.__TI_tmpnams</name>
         <uninitialized>true</uninitialized>
         <readwrite>true</readwrite>
         <run_address>0x202009dc</run_address>
         <size>0xa0</size>
         <alignment>0x1</alignment>
         <input_file_ref idref="fl-40"/>
      </object_component>
      <object_component id="oc-280">
         <name>.bss.sys_free</name>
         <uninitialized>true</uninitialized>
         <readwrite>true</readwrite>
         <run_address>0x20200b0c</run_address>
         <size>0x4</size>
         <alignment>0x4</alignment>
         <input_file_ref idref="fl-42"/>
      </object_component>
      <object_component id="oc-296">
         <name>.bss.parmbuf</name>
         <uninitialized>true</uninitialized>
         <readwrite>true</readwrite>
         <run_address>0x20200b00</run_address>
         <size>0x8</size>
         <alignment>0x1</alignment>
         <input_file_ref idref="fl-151"/>
      </object_component>
      <object_component id="oc-2b6">
         <name>.bss:_CIOBUF_</name>
         <uninitialized>true</uninitialized>
         <readwrite>true</readwrite>
         <run_address>0x20200800</run_address>
         <size>0x120</size>
         <alignment>0x4</alignment>
         <input_file_ref idref="fl-156"/>
      </object_component>
      <object_component id="oc-af">
         <name>.common:buf</name>
         <uninitialized>true</uninitialized>
         <readwrite>true</readwrite>
         <run_address>0x20200a7c</run_address>
         <size>0x64</size>
         <alignment>0x1</alignment>
      </object_component>
      <object_component id="oc-10d">
         <name>.common:gTIMER_0Backup</name>
         <uninitialized>true</uninitialized>
         <readwrite>true</readwrite>
         <run_address>0x20200920</run_address>
         <size>0xbc</size>
         <alignment>0x4</alignment>
      </object_component>
      <object_component id="oc-ae">
         <name>.common:Encoder_Now</name>
         <uninitialized>true</uninitialized>
         <readwrite>true</readwrite>
         <run_address>0x20200ae0</run_address>
         <size>0x10</size>
         <alignment>0x4</alignment>
      </object_component>
      <object_component id="oc-246">
         <name>.sysmem</name>
         <uninitialized>true</uninitialized>
         <readwrite>true</readwrite>
         <run_address>0x20200000</run_address>
         <size>0x10</size>
         <alignment>0x8</alignment>
         <input_file_ref idref="fl-42"/>
      </object_component>
      <object_component id="oc-317">
         <name>.sysmem</name>
         <uninitialized>true</uninitialized>
         <readwrite>true</readwrite>
         <run_address>0x20200000</run_address>
         <size>0x0</size>
         <alignment>0x4</alignment>
      </object_component>
      <object_component id="oc-1c">
         <name>.stack</name>
         <uninitialized>true</uninitialized>
         <readwrite>true</readwrite>
         <run_address>0x2020ff00</run_address>
         <size>0x4</size>
         <alignment>0x4</alignment>
         <input_file_ref idref="fl-43"/>
      </object_component>
      <object_component id="oc-316">
         <name>.stack</name>
         <uninitialized>true</uninitialized>
         <readwrite>true</readwrite>
         <run_address>0x2020ff00</run_address>
         <size>0x0</size>
         <alignment>0x8</alignment>
      </object_component>
      <object_component id="oc-69">
         <name>.debug_abbrev</name>
         <load_address>0x0</load_address>
         <run_address>0x0</run_address>
         <size>0x1a9</size>
         <alignment>0x1</alignment>
         <input_file_ref idref="fl-1"/>
      </object_component>
      <object_component id="oc-10e">
         <name>.debug_abbrev</name>
         <load_address>0x1a9</load_address>
         <run_address>0x1a9</run_address>
         <size>0x203</size>
         <alignment>0x1</alignment>
         <input_file_ref idref="fl-2"/>
      </object_component>
      <object_component id="oc-41">
         <name>.debug_abbrev</name>
         <load_address>0x3ac</load_address>
         <run_address>0x3ac</run_address>
         <size>0x6d</size>
         <alignment>0x1</alignment>
         <input_file_ref idref="fl-3"/>
      </object_component>
      <object_component id="oc-12a">
         <name>.debug_abbrev</name>
         <load_address>0x419</load_address>
         <run_address>0x419</run_address>
         <size>0x218</size>
         <alignment>0x1</alignment>
         <input_file_ref idref="fl-4"/>
      </object_component>
      <object_component id="oc-e7">
         <name>.debug_abbrev</name>
         <load_address>0x631</load_address>
         <run_address>0x631</run_address>
         <size>0x142</size>
         <alignment>0x1</alignment>
         <input_file_ref idref="fl-5"/>
      </object_component>
      <object_component id="oc-e9">
         <name>.debug_abbrev</name>
         <load_address>0x773</load_address>
         <run_address>0x773</run_address>
         <size>0x105</size>
         <alignment>0x1</alignment>
         <input_file_ref idref="fl-6"/>
      </object_component>
      <object_component id="oc-66">
         <name>.debug_abbrev</name>
         <load_address>0x878</load_address>
         <run_address>0x878</run_address>
         <size>0x20d</size>
         <alignment>0x1</alignment>
         <input_file_ref idref="fl-7"/>
      </object_component>
      <object_component id="oc-18c">
         <name>.debug_abbrev</name>
         <load_address>0xa85</load_address>
         <run_address>0xa85</run_address>
         <size>0x62</size>
         <alignment>0x1</alignment>
         <input_file_ref idref="fl-15"/>
      </object_component>
      <object_component id="oc-18f">
         <name>.debug_abbrev</name>
         <load_address>0xae7</load_address>
         <run_address>0xae7</run_address>
         <size>0x2a4</size>
         <alignment>0x1</alignment>
         <input_file_ref idref="fl-16"/>
      </object_component>
      <object_component id="oc-191">
         <name>.debug_abbrev</name>
         <load_address>0xd8b</load_address>
         <run_address>0xd8b</run_address>
         <size>0x29b</size>
         <alignment>0x1</alignment>
         <input_file_ref idref="fl-17"/>
      </object_component>
      <object_component id="oc-de">
         <name>.debug_abbrev</name>
         <load_address>0x1026</load_address>
         <run_address>0x1026</run_address>
         <size>0x102</size>
         <alignment>0x1</alignment>
         <input_file_ref idref="fl-34"/>
      </object_component>
      <object_component id="oc-152">
         <name>.debug_abbrev</name>
         <load_address>0x1128</load_address>
         <run_address>0x1128</run_address>
         <size>0x2d5</size>
         <alignment>0x1</alignment>
         <input_file_ref idref="fl-35"/>
      </object_component>
      <object_component id="oc-f4">
         <name>.debug_abbrev</name>
         <load_address>0x13fd</load_address>
         <run_address>0x13fd</run_address>
         <size>0xe1</size>
         <alignment>0x1</alignment>
         <input_file_ref idref="fl-36"/>
      </object_component>
      <object_component id="oc-18a">
         <name>.debug_abbrev</name>
         <load_address>0x14de</load_address>
         <run_address>0x14de</run_address>
         <size>0x1cb</size>
         <alignment>0x1</alignment>
         <input_file_ref idref="fl-37"/>
      </object_component>
      <object_component id="oc-1e1">
         <name>.debug_abbrev</name>
         <load_address>0x16a9</load_address>
         <run_address>0x16a9</run_address>
         <size>0x95</size>
         <alignment>0x1</alignment>
         <input_file_ref idref="fl-38"/>
      </object_component>
      <object_component id="oc-222">
         <name>.debug_abbrev</name>
         <load_address>0x173e</load_address>
         <run_address>0x173e</run_address>
         <size>0x9c</size>
         <alignment>0x1</alignment>
         <input_file_ref idref="fl-39"/>
      </object_component>
      <object_component id="oc-fc">
         <name>.debug_abbrev</name>
         <load_address>0x17da</load_address>
         <run_address>0x17da</run_address>
         <size>0x98</size>
         <alignment>0x1</alignment>
         <input_file_ref idref="fl-3b"/>
      </object_component>
      <object_component id="oc-11c">
         <name>.debug_abbrev</name>
         <load_address>0x1872</load_address>
         <run_address>0x1872</run_address>
         <size>0x73</size>
         <alignment>0x1</alignment>
         <input_file_ref idref="fl-3c"/>
      </object_component>
      <object_component id="oc-11e">
         <name>.debug_abbrev</name>
         <load_address>0x18e5</load_address>
         <run_address>0x18e5</run_address>
         <size>0x77</size>
         <alignment>0x1</alignment>
         <input_file_ref idref="fl-40"/>
      </object_component>
      <object_component id="oc-193">
         <name>.debug_abbrev</name>
         <load_address>0x195c</load_address>
         <run_address>0x195c</run_address>
         <size>0x8b</size>
         <alignment>0x1</alignment>
         <input_file_ref idref="fl-41"/>
      </object_component>
      <object_component id="oc-247">
         <name>.debug_abbrev</name>
         <load_address>0x19e7</load_address>
         <run_address>0x19e7</run_address>
         <size>0x299</size>
         <alignment>0x1</alignment>
         <input_file_ref idref="fl-42"/>
      </object_component>
      <object_component id="oc-43">
         <name>.debug_abbrev</name>
         <load_address>0x1c80</load_address>
         <run_address>0x1c80</run_address>
         <size>0xaf</size>
         <alignment>0x1</alignment>
         <input_file_ref idref="fl-43"/>
      </object_component>
      <object_component id="oc-ff">
         <name>.debug_abbrev</name>
         <load_address>0x1d2f</load_address>
         <run_address>0x1d2f</run_address>
         <size>0x172</size>
         <alignment>0x1</alignment>
         <input_file_ref idref="fl-45"/>
      </object_component>
      <object_component id="oc-8a">
         <name>.debug_abbrev</name>
         <load_address>0x1ea1</load_address>
[...]
         <value>0x172f</value>
         <object_component_ref idref="oc-35"/>
      </symbol>
      <symbol id="sm-99">
         <name>SPI2_IRQHandler</name>
         <value>0x172f</value>
         <object_component_ref idref="oc-35"/>
      </symbol>
      <symbol id="sm-9a">
         <name>CANFD1_IRQHandler</name>
         <value>0x172f</value>
         <object_component_ref idref="oc-35"/>
      </symbol>
      <symbol id="sm-9b">
         <name>UART1_IRQHandler</name>
         <value>0x172f</value>
         <object_component_ref idref="oc-35"/>
      </symbol>
      <symbol id="sm-9c">
         <name>UART4_IRQHandler</name>
         <value>0x172f</value>
         <object_component_ref idref="oc-35"/>
      </symbol>
      <symbol id="sm-9d">
         <name>TIMG0_IRQHandler</name>
         <value>0x172f</value>
         <object_component_ref idref="oc-35"/>
      </symbol>
      <symbol id="sm-9e">
         <name>TIMG6_IRQHandler</name>
         <value>0x172f</value>
         <object_component_ref idref="oc-35"/>
      </symbol>
      <symbol id="sm-9f">
         <name>TIMA1_IRQHandler</name>
         <value>0x172f</value>
         <object_component_ref idref="oc-35"/>
      </symbol>
      <symbol id="sm-a0">
         <name>TIMG7_IRQHandler</name>
         <value>0x172f</value>
         <object_component_ref idref="oc-35"/>
      </symbol>
      <symbol id="sm-a1">
         <name>TIMG12_IRQHandler</name>
         <value>0x172f</value>
         <object_component_ref idref="oc-35"/>
      </symbol>
      <symbol id="sm-a2">
         <name>TIMG14_IRQHandler</name>
         <value>0x172f</value>
         <object_component_ref idref="oc-35"/>
      </symbol>
      <symbol id="sm-a3">
         <name>UART5_IRQHandler</name>
         <value>0x172f</value>
         <object_component_ref idref="oc-35"/>
      </symbol>
      <symbol id="sm-a4">
         <name>I2C0_IRQHandler</name>
         <value>0x172f</value>
         <object_component_ref idref="oc-35"/>
      </symbol>
      <symbol id="sm-a5">
         <name>I2C1_IRQHandler</name>
         <value>0x172f</value>
         <object_component_ref idref="oc-35"/>
      </symbol>
      <symbol id="sm-a6">
         <name>I2C2_IRQHandler</name>
         <value>0x172f</value>
         <object_component_ref idref="oc-35"/>
      </symbol>
      <symbol id="sm-a7">
         <name>UART7_IRQHandler</name>
         <value>0x172f</value>
         <object_component_ref idref="oc-35"/>
      </symbol>
      <symbol id="sm-a8">
         <name>AESADV_IRQHandler</name>
         <value>0x172f</value>
         <object_component_ref idref="oc-35"/>
      </symbol>
      <symbol id="sm-a9">
         <name>UART6_IRQHandler</name>
         <value>0x172f</value>
         <object_component_ref idref="oc-35"/>
      </symbol>
      <symbol id="sm-aa">
         <name>LFSS_IRQHandler</name>
         <value>0x172f</value>
         <object_component_ref idref="oc-35"/>
      </symbol>
      <symbol id="sm-ab">
         <name>DMA_IRQHandler</name>
         <value>0x172f</value>
         <object_component_ref idref="oc-35"/>
      </symbol>
      <symbol id="sm-c2">
         <name>IIC_Wait_Ack</name>
         <value>0x15d9</value>
         <object_component_ref idref="oc-129"/>
      </symbol>
      <symbol id="sm-c3">
         <name>i2cWrite</name>
         <value>0x84d</value>
         <object_component_ref idref="oc-e0"/>
      </symbol>
      <symbol id="sm-c4">
         <name>i2cRead</name>
         <value>0xc1</value>
         <object_component_ref idref="oc-ef"/>
      </symbol>
      <symbol id="sm-f3">
         <name>Set_motor_type</name>
         <value>0x25a9</value>
         <object_component_ref idref="oc-9f"/>
      </symbol>
      <symbol id="sm-f4">
         <name>Set_motor_deadzone</name>
         <value>0x24d1</value>
         <object_component_ref idref="oc-a3"/>
      </symbol>
      <symbol id="sm-f5">
         <name>Set_Pluse_line</name>
         <value>0x24b5</value>
         <object_component_ref idref="oc-a1"/>
      </symbol>
      <symbol id="sm-f6">
         <name>Set_Pluse_Phase</name>
         <value>0x2499</value>
         <object_component_ref idref="oc-a0"/>
      </symbol>
      <symbol id="sm-f7">
         <name>Set_Wheel_dis</name>
         <value>0x2579</value>
         <object_component_ref idref="oc-a2"/>
      </symbol>
      <symbol id="sm-f8">
         <name>control_speed</name>
         <value>0x229d</value>
         <object_component_ref idref="oc-f6"/>
      </symbol>
      <symbol id="sm-f9">
         <name>control_pwm</name>
         <value>0x226d</value>
         <object_component_ref idref="oc-93"/>
      </symbol>
      <symbol id="sm-fa">
         <name>Read_ALL_Enconder</name>
         <value>0x1439</value>
         <object_component_ref idref="oc-a4"/>
      </symbol>
      <symbol id="sm-fb">
         <name>Encoder_Now</name>
         <value>0x20200ae0</value>
      </symbol>
      <symbol id="sm-109">
         <name>delay_us</name>
         <value>0x2081</value>
         <object_component_ref idref="oc-128"/>
      </symbol>
      <symbol id="sm-10a">
         <name>delay_ms</name>
         <value>0x1fc5</value>
         <object_component_ref idref="oc-99"/>
      </symbol>
      <symbol id="sm-11e">
         <name>USART_Init</name>
         <value>0x2509</value>
         <object_component_ref idref="oc-8c"/>
      </symbol>
      <symbol id="sm-11f">
         <name>uart0_send_string</name>
         <value>0x22cd</value>
         <object_component_ref idref="oc-ab"/>
      </symbol>
      <symbol id="sm-120">
         <name>fputc</name>
         <value>0x2441</value>
         <object_component_ref idref="oc-127"/>
      </symbol>
      <symbol id="sm-121">
         <name>UART0_IRQHandler</name>
         <value>0x1f41</value>
         <object_component_ref idref="oc-36"/>
      </symbol>
      <symbol id="sm-122">
         <name>recv0_length</name>
         <value>0x20200d68</value>
         <object_component_ref idref="oc-63"/>
      </symbol>
      <symbol id="sm-123">
         <name>recv0_buff</name>
         <value>0x20200c0c</value>
         <object_component_ref idref="oc-64"/>
      </symbol>
      <symbol id="sm-124">
         <name>recv0_flag</name>
         <value>0x20200d6b</value>
         <object_component_ref idref="oc-65"/>
      </symbol>
      <symbol id="sm-125">
         <name>__TI_ATRegion0_src_addr</name>
         <value>0x0</value>
      </symbol>
      <symbol id="sm-126">
         <name>__TI_ATRegion0_trg_addr</name>
         <value>0x0</value>
      </symbol>
      <symbol id="sm-127">
         <name>__TI_ATRegion0_region_sz</name>
         <value>0x0</value>
      </symbol>
      <symbol id="sm-128">
         <name>__TI_ATRegion1_src_addr</name>
         <value>0x0</value>
      </symbol>
      <symbol id="sm-129">
         <name>__TI_ATRegion1_trg_addr</name>
         <value>0x0</value>
      </symbol>
      <symbol id="sm-12a">
         <name>__TI_ATRegion1_region_sz</name>
         <value>0x0</value>
      </symbol>
      <symbol id="sm-12b">
         <name>__TI_ATRegion2_src_addr</name>
         <value>0x0</value>
      </symbol>
      <symbol id="sm-12c">
         <name>__TI_ATRegion2_trg_addr</name>
         <value>0x0</value>
      </symbol>
      <symbol id="sm-12d">
         <name>__TI_ATRegion2_region_sz</name>
         <value>0x0</value>
      </symbol>
      <symbol id="sm-136">
         <name>DL_Common_delayCycles</name>
         <value>0x2667</value>
         <object_component_ref idref="oc-132"/>
      </symbol>
      <symbol id="sm-146">
         <name>DL_Timer_setClockConfig</name>
         <value>0x2461</value>
         <object_component_ref idref="oc-136"/>
      </symbol>
      <symbol id="sm-147">
         <name>DL_Timer_initTimerMode</name>
         <value>0x1089</value>
         <object_component_ref idref="oc-13c"/>
      </symbol>
      <symbol id="sm-154">
         <name>DL_UART_init</name>
         <value>0x1e69</value>
         <object_component_ref idref="oc-145"/>
      </symbol>
      <symbol id="sm-155">
         <name>DL_UART_setClockConfig</name>
         <value>0x25d5</value>
         <object_component_ref idref="oc-13f"/>
      </symbol>
      <symbol id="sm-166">
         <name>printf</name>
         <value>0x1cb9</value>
         <object_component_ref idref="oc-8d"/>
      </symbol>
      <symbol id="sm-17c">
         <name>__TI_printfi_minimal</name>
         <value>0xd01</value>
         <object_component_ref idref="oc-110"/>
      </symbol>
      <symbol id="sm-18d">
         <name>sprintf</name>
         <value>0x2131</value>
         <object_component_ref idref="oc-a5"/>
      </symbol>
      <symbol id="sm-19e">
         <name>fputs</name>
         <value>0x1185</value>
         <object_component_ref idref="oc-121"/>
      </symbol>
      <symbol id="sm-1a8">
         <name>__TI_wrt_ok</name>
         <value>0x1ad1</value>
         <object_component_ref idref="oc-178"/>
      </symbol>
      <symbol id="sm-1b2">
         <name>setvbuf</name>
         <value>0x1359</value>
         <object_component_ref idref="oc-1dd"/>
      </symbol>
      <symbol id="sm-1c1">
         <name>abort</name>
         <value>0x26a5</value>
         <object_component_ref idref="oc-b1"/>
      </symbol>
      <symbol id="sm-1c2">
         <name>__TI_cleanup_ptr</name>
         <value>0x20200d54</value>
         <object_component_ref idref="oc-fe"/>
      </symbol>
      <symbol id="sm-1c3">
         <name>__TI_dtors_ptr</name>
         <value>0x20200d58</value>
         <object_component_ref idref="oc-fe"/>
      </symbol>
      <symbol id="sm-1c4">
         <name>exit</name>
         <value>0x2205</value>
         <object_component_ref idref="oc-b6"/>
      </symbol>
      <symbol id="sm-1cd">
         <name>_nop</name>
         <value>0x1e17</value>
         <object_component_ref idref="oc-118"/>
      </symbol>
      <symbol id="sm-1ce">
         <name>_lock</name>
         <value>0x20200d60</value>
         <object_component_ref idref="oc-d7"/>
      </symbol>
      <symbol id="sm-1cf">
         <name>_unlock</name>
         <value>0x20200d64</value>
         <object_component_ref idref="oc-dd"/>
      </symbol>
      <symbol id="sm-1d7">
         <name>_ftable</name>
         <value>0x20200b1c</value>
         <object_component_ref idref="oc-d9"/>
      </symbol>
      <symbol id="sm-1d8">
         <name>__TI_ft_end</name>
         <value>0x20200d5c</value>
         <object_component_ref idref="oc-250"/>
      </symbol>
      <symbol id="sm-1d9">
         <name>__TI_tmpnams</name>
         <value>0x202009dc</value>
         <object_component_ref idref="oc-28b"/>
      </symbol>
      <symbol id="sm-1e2">
         <name>memccpy</name>
         <value>0x241d</value>
         <object_component_ref idref="oc-149"/>
      </symbol>
      <symbol id="sm-205">
         <name>malloc</name>
         <value>0x265b</value>
         <object_component_ref idref="oc-21b"/>
      </symbol>
      <symbol id="sm-206">
         <name>aligned_alloc</name>
         <value>0xf7d</value>
         <object_component_ref idref="oc-249"/>
      </symbol>
      <symbol id="sm-207">
         <name>free</name>
         <value>0x1275</value>
         <object_component_ref idref="oc-215"/>
      </symbol>
      <symbol id="sm-208">
         <name>_sys_memory</name>
         <value>0x20200000</value>
         <object_component_ref idref="oc-246"/>
      </symbol>
      <symbol id="sm-209">
         <name>memalign</name>
         <value>0xf7d</value>
         <object_component_ref idref="oc-249"/>
      </symbol>
      <symbol id="sm-214">
         <name>_c_int00_noargs</name>
         <value>0x23f5</value>
         <object_component_ref idref="oc-5c"/>
      </symbol>
      <symbol id="sm-215">
         <name>__stack</name>
         <value>0x2020ff00</value>
         <object_component_ref idref="oc-1c"/>
      </symbol>
      <symbol id="sm-221">
         <name>__TI_auto_init_nobinit_nopinit</name>
         <value>0x20bd</value>
         <object_component_ref idref="oc-b8"/>
      </symbol>
      <symbol id="sm-229">
         <name>_system_pre_init</name>
         <value>0x26b3</value>
         <object_component_ref idref="oc-73"/>
      </symbol>
      <symbol id="sm-234">
         <name>__TI_zero_init_nomemset</name>
         <value>0x25bf</value>
         <object_component_ref idref="oc-53"/>
      </symbol>
      <symbol id="sm-23d">
         <name>__TI_decompress_none</name>
         <value>0x25e7</value>
         <object_component_ref idref="oc-22"/>
      </symbol>
      <symbol id="sm-248">
         <name>__TI_decompress_lzss</name>
         <value>0x1835</value>
         <object_component_ref idref="oc-1e"/>
      </symbol>
      <symbol id="sm-255">
         <name>__TI_doflush</name>
         <value>0x1dc5</value>
         <object_component_ref idref="oc-184"/>
      </symbol>
      <symbol id="sm-260">
         <name>__TI_cleanup</name>
         <value>0x2169</value>
         <object_component_ref idref="oc-21c"/>
      </symbol>
      <symbol id="sm-26d">
         <name>fseek</name>
         <value>0x268b</value>
         <object_component_ref idref="oc-1d7"/>
      </symbol>
      <symbol id="sm-26e">
         <name>fseeko</name>
         <value>0x19f9</value>
         <object_component_ref idref="oc-212"/>
      </symbol>
      <symbol id="sm-27a">
         <name>__TI_closefile</name>
         <value>0x17b9</value>
         <object_component_ref idref="oc-24a"/>
      </symbol>
      <symbol id="sm-282">
         <name>HOSTexit</name>
         <value>0x26ab</value>
         <object_component_ref idref="oc-f8"/>
      </symbol>
      <symbol id="sm-283">
         <name>C$$EXIT</name>
         <value>0x26aa</value>
         <object_component_ref idref="oc-f8"/>
      </symbol>
      <symbol id="sm-28d">
         <name>write</name>
         <value>0x23cd</value>
         <object_component_ref idref="oc-17f"/>
      </symbol>
      <symbol id="sm-292">
         <name>_device</name>
         <value>0x20200c8c</value>
         <object_component_ref idref="oc-225"/>
      </symbol>
      <symbol id="sm-293">
         <name>_stream</name>
         <value>0x20200d04</value>
         <object_component_ref idref="oc-1e3"/>
      </symbol>
      <symbol id="sm-29c">
         <name>remove</name>
         <value>0x2693</value>
         <object_component_ref idref="oc-287"/>
      </symbol>
      <symbol id="sm-2a7">
         <name>lseek</name>
         <value>0x23a5</value>
         <object_component_ref idref="oc-23f"/>
      </symbol>
      <symbol id="sm-2b1">
         <name>close</name>
         <value>0x1e19</value>
         <object_component_ref idref="oc-283"/>
      </symbol>
      <symbol id="sm-2bb">
         <name>unlink</name>
         <value>0x2329</value>
         <object_component_ref idref="oc-2af"/>
      </symbol>
      <symbol id="sm-2c5">
         <name>HOSTclose</name>
         <value>0x1eb1</value>
         <object_component_ref idref="oc-259"/>
      </symbol>
      <symbol id="sm-2cf">
         <name>HOSTlseek</name>
         <value>0x1921</value>
         <object_component_ref idref="oc-265"/>
      </symbol>
      <symbol id="sm-2dd">
         <name>HOSTopen</name>
         <value>0x1c5d</value>
         <object_component_ref idref="oc-253"/>
      </symbol>
      <symbol id="sm-2de">
         <name>parmbuf</name>
         <value>0x20200b00</value>
         <object_component_ref idref="oc-296"/>
      </symbol>
      <symbol id="sm-2e8">
         <name>HOSTread</name>
         <value>0x1d15</value>
         <object_component_ref idref="oc-25d"/>
      </symbol>
      <symbol id="sm-2f9">
         <name>HOSTrename</name>
         <value>0x198d</value>
         <object_component_ref idref="oc-26f"/>
      </symbol>
      <symbol id="sm-307">
         <name>HOSTunlink</name>
         <value>0x1ef9</value>
         <object_component_ref idref="oc-269"/>
      </symbol>
      <symbol id="sm-311">
         <name>HOSTwrite</name>
         <value>0x1d6d</value>
         <object_component_ref idref="oc-261"/>
      </symbol>
      <symbol id="sm-31f">
         <name>C$$IO$$</name>
         <value>0x21fd</value>
         <object_component_ref idref="oc-28f"/>
      </symbol>
      <symbol id="sm-320">
         <name>__TI_writemsg</name>
         <value>0x21d1</value>
         <object_component_ref idref="oc-28f"/>
      </symbol>
      <symbol id="sm-321">
         <name>__CIOBUF_</name>
         <value>0x20200800</value>
         <object_component_ref idref="oc-2b6"/>
      </symbol>
      <symbol id="sm-322">
         <name>__TI_readmsg</name>
         <value>0x219d</value>
         <object_component_ref idref="oc-295"/>
      </symbol>
      <symbol id="sm-323">
         <name>_CIOBUF_</name>
         <value>0x20200800</value>
         <object_component_ref idref="oc-2b6"/>
      </symbol>
      <symbol id="sm-32c">
         <name>__aeabi_uidiv</name>
         <value>0x2005</value>
         <object_component_ref idref="oc-14e"/>
      </symbol>
      <symbol id="sm-32d">
         <name>__aeabi_uidivmod</name>
         <value>0x2005</value>
         <object_component_ref idref="oc-14e"/>
      </symbol>
      <symbol id="sm-333">
         <name>__aeabi_memcpy</name>
         <value>0x269d</value>
         <object_component_ref idref="oc-4c"/>
      </symbol>
      <symbol id="sm-334">
         <name>__aeabi_memcpy4</name>
         <value>0x269d</value>
         <object_component_ref idref="oc-4c"/>
      </symbol>
      <symbol id="sm-335">
         <name>__aeabi_memcpy8</name>
         <value>0x269d</value>
         <object_component_ref idref="oc-4c"/>
      </symbol>
      <symbol id="sm-33b">
         <name>__aeabi_memset</name>
         <value>0x255d</value>
         <object_component_ref idref="oc-6f"/>
      </symbol>
      <symbol id="sm-33c">
         <name>__aeabi_memset4</name>
         <value>0x255d</value>
         <object_component_ref idref="oc-6f"/>
      </symbol>
      <symbol id="sm-33d">
         <name>__aeabi_memset8</name>
         <value>0x255d</value>
         <object_component_ref idref="oc-6f"/>
      </symbol>
      <symbol id="sm-33e">
         <name>__aeabi_memclr</name>
         <value>0x256b</value>
         <object_component_ref idref="oc-6f"/>
      </symbol>
      <symbol id="sm-33f">
         <name>__aeabi_memclr4</name>
         <value>0x256b</value>
         <object_component_ref idref="oc-6f"/>
      </symbol>
      <symbol id="sm-340">
         <name>__aeabi_memclr8</name>
         <value>0x256b</value>
         <object_component_ref idref="oc-6f"/>
      </symbol>
      <symbol id="sm-34a">
         <name>__aeabi_idiv0</name>
         <value>0x1bfb</value>
         <object_component_ref idref="oc-196"/>
      </symbol>
      <symbol id="sm-35a">
         <name>finddevice</name>
         <value>0x2239</value>
         <object_component_ref idref="oc-2c2"/>
      </symbol>
      <symbol id="sm-35b">
         <name>getdevice</name>
         <value>0x1a65</value>
         <object_component_ref idref="oc-2b9"/>
      </symbol>
      <symbol id="sm-374">
         <name>memcpy</name>
         <value>0x1695</value>
         <object_component_ref idref="oc-87"/>
      </symbol>
      <symbol id="sm-383">
         <name>memset</name>
         <value>0x1b99</value>
         <object_component_ref idref="oc-d0"/>
      </symbol>
      <symbol id="sm-38b">
         <name>strcmp</name>
         <value>0x1731</value>
         <object_component_ref idref="oc-2c5"/>
      </symbol>
      <symbol id="sm-38c">
         <name>__TI_static_base__</name>
         <value>0x0</value>
      </symbol>
      <symbol id="sm-38f">
         <name>__mpu_init</name>
         <value>0x0</value>
      </symbol>
      <symbol id="sm-390">
         <name>_system_post_cinit</name>
         <value>0x0</value>
      </symbol>
   </symbol_table>
   <title>Link successful</title>
</link_info>
